{
"issues":  [
{
"id":  "S3257",
"message":  "Remove the array type; it is redundant.",
"location":  {
"uri":  "roslyn\\src\\Scripting\\CSharpTest.Desktop\\ObjectFormatterTests.cs",
"region":  {
"startLine":  79,
"startColumn":  38,
"endLine":  79,
"endColumn":  41
}
}
}
]
}
