{
"issues":  [
{
"id":  "S2259",
"message":  "\"baseType\" is null on at least one execution path.",
"location":  {
"uri":  "roslyn\\src\\Compilers\\CSharp\\Test\\Semantic\\Semantics\\InteractiveSemanticModelTests.cs",
"region":  {
"startLine":  41,
"startColumn":  42,
"endLine":  41,
"endColumn":  50
}
}
}
]
}
