{
"issues":  [
{
"id":  "S2357",
"message":  "Make \"Fields\" private.",
"location":  {
"uri":  "roslyn\\src\\Tools\\Source\\CompilerGeneratorTools\\Source\\CSharpSyntaxGenerator\\Model\\AbstractNode.cs",
"region":  {
"startLine":  11,
"startColumn":  28,
"endLine":  11,
"endColumn":  34
}
}
},
{
"id":  "S2357",
"message":  "Make \"Body\" private.",
"location":  {
"uri":  "roslyn\\src\\Tools\\Source\\CompilerGeneratorTools\\Source\\CSharpSyntaxGenerator\\Model\\Comment.cs",
"region":  {
"startLine":  11,
"startColumn":  29,
"endLine":  11,
"endColumn":  33
}
}
},
{
"id":  "S2357",
"message":  "Make \"Name\" private.",
"location":  {
"uri":  "roslyn\\src\\Tools\\Source\\CompilerGeneratorTools\\Source\\CSharpSyntaxGenerator\\Model\\Field.cs",
"region":  {
"startLine":  11,
"startColumn":  23,
"endLine":  11,
"endColumn":  27
}
}
},
{
"id":  "S2357",
"message":  "Make \"Type\" private.",
"location":  {
"uri":  "roslyn\\src\\Tools\\Source\\CompilerGeneratorTools\\Source\\CSharpSyntaxGenerator\\Model\\Field.cs",
"region":  {
"startLine":  14,
"startColumn":  23,
"endLine":  14,
"endColumn":  27
}
}
},
{
"id":  "S2357",
"message":  "Make \"Optional\" private.",
"location":  {
"uri":  "roslyn\\src\\Tools\\Source\\CompilerGeneratorTools\\Source\\CSharpSyntaxGenerator\\Model\\Field.cs",
"region":  {
"startLine":  17,
"startColumn":  23,
"endLine":  17,
"endColumn":  31
}
}
},
{
"id":  "S2357",
"message":  "Make \"Override\" private.",
"location":  {
"uri":  "roslyn\\src\\Tools\\Source\\CompilerGeneratorTools\\Source\\CSharpSyntaxGenerator\\Model\\Field.cs",
"region":  {
"startLine":  20,
"startColumn":  23,
"endLine":  20,
"endColumn":  31
}
}
},
{
"id":  "S2357",
"message":  "Make \"New\" private.",
"location":  {
"uri":  "roslyn\\src\\Tools\\Source\\CompilerGeneratorTools\\Source\\CSharpSyntaxGenerator\\Model\\Field.cs",
"region":  {
"startLine":  23,
"startColumn":  23,
"endLine":  23,
"endColumn":  26
}
}
},
{
"id":  "S2357",
"message":  "Make \"Kinds\" private.",
"location":  {
"uri":  "roslyn\\src\\Tools\\Source\\CompilerGeneratorTools\\Source\\CSharpSyntaxGenerator\\Model\\Field.cs",
"region":  {
"startLine":  26,
"startColumn":  27,
"endLine":  26,
"endColumn":  32
}
}
},
{
"id":  "S2357",
"message":  "Make \"PropertyComment\" private.",
"location":  {
"uri":  "roslyn\\src\\Tools\\Source\\CompilerGeneratorTools\\Source\\CSharpSyntaxGenerator\\Model\\Field.cs",
"region":  {
"startLine":  29,
"startColumn":  24,
"endLine":  29,
"endColumn":  39
}
}
},
{
"id":  "S2357",
"message":  "Make \"Name\" private.",
"location":  {
"uri":  "roslyn\\src\\Tools\\Source\\CompilerGeneratorTools\\Source\\CSharpSyntaxGenerator\\Model\\Kind.cs",
"region":  {
"startLine":  10,
"startColumn":  23,
"endLine":  10,
"endColumn":  27
}
}
},
{
"id":  "S2357",
"message":  "Make \"Root\" private.",
"location":  {
"uri":  "roslyn\\src\\Tools\\Source\\CompilerGeneratorTools\\Source\\CSharpSyntaxGenerator\\Model\\Node.cs",
"region":  {
"startLine":  11,
"startColumn":  23,
"endLine":  11,
"endColumn":  27
}
}
},
{
"id":  "S2357",
"message":  "Make \"Errors\" private.",
"location":  {
"uri":  "roslyn\\src\\Tools\\Source\\CompilerGeneratorTools\\Source\\CSharpSyntaxGenerator\\Model\\Node.cs",
"region":  {
"startLine":  14,
"startColumn":  23,
"endLine":  14,
"endColumn":  29
}
}
},
{
"id":  "S2357",
"message":  "Make \"Kinds\" private.",
"location":  {
"uri":  "roslyn\\src\\Tools\\Source\\CompilerGeneratorTools\\Source\\CSharpSyntaxGenerator\\Model\\Node.cs",
"region":  {
"startLine":  17,
"startColumn":  27,
"endLine":  17,
"endColumn":  32
}
}
},
{
"id":  "S2357",
"message":  "Make \"Fields\" private.",
"location":  {
"uri":  "roslyn\\src\\Tools\\Source\\CompilerGeneratorTools\\Source\\CSharpSyntaxGenerator\\Model\\Node.cs",
"region":  {
"startLine":  20,
"startColumn":  28,
"endLine":  20,
"endColumn":  34
}
}
},
{
"id":  "S2357",
"message":  "Make \"Root\" private.",
"location":  {
"uri":  "roslyn\\src\\Tools\\Source\\CompilerGeneratorTools\\Source\\CSharpSyntaxGenerator\\Model\\Tree.cs",
"region":  {
"startLine":  12,
"startColumn":  23,
"endLine":  12,
"endColumn":  27
}
}
},
{
"id":  "S2357",
"message":  "Make \"Types\" private.",
"location":  {
"uri":  "roslyn\\src\\Tools\\Source\\CompilerGeneratorTools\\Source\\CSharpSyntaxGenerator\\Model\\Tree.cs",
"region":  {
"startLine":  17,
"startColumn":  31,
"endLine":  17,
"endColumn":  36
}
}
},
{
"id":  "S2357",
"message":  "Make \"Name\" private.",
"location":  {
"uri":  "roslyn\\src\\Tools\\Source\\CompilerGeneratorTools\\Source\\CSharpSyntaxGenerator\\Model\\TreeType.cs",
"region":  {
"startLine":  10,
"startColumn":  23,
"endLine":  10,
"endColumn":  27
}
}
},
{
"id":  "S2357",
"message":  "Make \"Base\" private.",
"location":  {
"uri":  "roslyn\\src\\Tools\\Source\\CompilerGeneratorTools\\Source\\CSharpSyntaxGenerator\\Model\\TreeType.cs",
"region":  {
"startLine":  13,
"startColumn":  23,
"endLine":  13,
"endColumn":  27
}
}
},
{
"id":  "S2357",
"message":  "Make \"TypeComment\" private.",
"location":  {
"uri":  "roslyn\\src\\Tools\\Source\\CompilerGeneratorTools\\Source\\CSharpSyntaxGenerator\\Model\\TreeType.cs",
"region":  {
"startLine":  16,
"startColumn":  24,
"endLine":  16,
"endColumn":  35
}
}
},
{
"id":  "S2357",
"message":  "Make \"FactoryComment\" private.",
"location":  {
"uri":  "roslyn\\src\\Tools\\Source\\CompilerGeneratorTools\\Source\\CSharpSyntaxGenerator\\Model\\TreeType.cs",
"region":  {
"startLine":  19,
"startColumn":  24,
"endLine":  19,
"endColumn":  38
}
}
}
]
}
