{
"issues":  [
{
"id":  "S1155",
"message":  "Use \".Any()\" to test whether this \"IEnumerable\u003cMicrosoft.CodeAnalysis.CodeFixes.CodeFix\u003e\" is empty or not.",
"location":  {
"uri":  "roslyn\\src\\EditorFeatures\\Test\\Diagnostics\\AbstractSuppressionAllCodeTests.cs",
"region":  {
"startLine":  81,
"startColumn":  48,
"endLine":  81,
"endColumn":  53
}
}
}
]
}
