{
"issues":  [
{
"id":  "S2326",
"message":  "\"TParameterSymbol\" is not used in the class.",
"location":  {
"uri":  "roslyn\\src\\ExpressionEvaluator\\Core\\Source\\ExpressionCompiler\\LanguageInstructionDecoder.cs",
"region":  {
"startLine":  15,
"startColumn":  135,
"endLine":  15,
"endColumn":  151
}
}
}
]
}
