{
"issues":  [
{
"id":  "S2328",
"message":  "Remove this use of \"Type\" from the \"GetHashCode\" declaration, or make it \"readonly\".",
"location":  {
"uri":  "roslyn\\src\\VisualStudio\\Core\\Impl\\CodeModel\\CodeModelEvent.cs",
"region":  {
"startLine":  24,
"startColumn":  64,
"endLine":  24,
"endColumn":  68
}
}
}
]
}
