{
"issues":  [
{
"id":  "S1301",
"message":  "Replace this \"switch\" statement with \"if\" statements to increase readability.",
"location":  {
"uri":  "roslyn\\src\\Tools\\Source\\MetadataVisualizer\\Program.cs",
"region":  {
"startLine":  250,
"startColumn":  17,
"endLine":  250,
"endColumn":  23
}
}
}
]
}
