{
"issues":  [
{
"id":  "S1858",
"message":  "There\u0027s no need to call \"ToString()\" on a string.",
"location":  {
"uri":  "roslyn\\src\\VisualStudio\\Next\\Remote\\ServiceHubRemoteHostClient.cs",
"region":  {
"startLine":  37,
"startColumn":  54,
"endLine":  37,
"endColumn":  65
}
}
}
]
}
