{
"issues":  [
{
"id":  "S1135",
"message":  "Complete the task associated to this \"TODO\" comment.",
"location":  {
"uri":  "roslyn\\src\\Compilers\\CSharp\\Portable\\Syntax\\SyntaxKindFacts.cs",
"region":  {
"startLine":  152,
"startColumn":  16,
"endLine":  152,
"endColumn":  20
}
}
}
]
}
