{
"issues":  [
{
"id":  "S2354",
"message":  "Reformat the code to remove this use of the line continuation character.",
"location":  {
"uri":  "roslyn\\src\\ExpressionEvaluator\\VisualBasic\\Source\\ExpressionCompiler\\CompilationContext.vb",
"region":  {
"startLine":  1389,
"startColumn":  20,
"endLine":  1389,
"endColumn":  21
}
}
},
{
"id":  "S2354",
"message":  "Reformat the code to remove this use of the line continuation character.",
"location":  {
"uri":  "roslyn\\src\\ExpressionEvaluator\\VisualBasic\\Source\\ExpressionCompiler\\CompilationExtensions.vb",
"region":  {
"startLine":  40,
"startColumn":  151,
"endLine":  40,
"endColumn":  152
}
}
},
{
"id":  "S2354",
"message":  "Reformat the code to remove this use of the line continuation character.",
"location":  {
"uri":  "roslyn\\src\\ExpressionEvaluator\\VisualBasic\\Source\\ExpressionCompiler\\EvaluationContext.vb",
"region":  {
"startLine":  252,
"startColumn":  20,
"endLine":  252,
"endColumn":  21
}
}
}
]
}
