{
"issues":  [
{
"id":  "S122",
"message":  "Reformat the code to have only one statement per line.",
"location":  {
"uri":  "roslyn\\src\\Compilers\\VisualBasic\\BasicAnalyzerDriver\\VisualBasicDeclarationComputer.vb",
"region":  {
"startLine":  40,
"startColumn":  13,
"endLine":  40,
"endColumn":  36
}
}
},
{
"id":  "S122",
"message":  "Reformat the code to have only one statement per line.",
"location":  {
"uri":  "roslyn\\src\\Compilers\\VisualBasic\\Portable\\Syntax\\LambdaUtilities.vb",
"region":  {
"startLine":  14,
"startColumn":  13,
"endLine":  14,
"endColumn":  34
}
}
},
{
"id":  "S122",
"message":  "Reformat the code to have only one statement per line.",
"location":  {
"uri":  "roslyn\\src\\Compilers\\VisualBasic\\Portable\\Syntax\\LambdaUtilities.vb",
"region":  {
"startLine":  72,
"startColumn":  13,
"endLine":  72,
"endColumn":  39
}
}
},
{
"id":  "S122",
"message":  "Reformat the code to have only one statement per line.",
"location":  {
"uri":  "roslyn\\src\\Compilers\\VisualBasic\\Portable\\Syntax\\LambdaUtilities.vb",
"region":  {
"startLine":  122,
"startColumn":  13,
"endLine":  122,
"endColumn":  36
}
}
},
{
"id":  "S122",
"message":  "Reformat the code to have only one statement per line.",
"location":  {
"uri":  "roslyn\\src\\Compilers\\VisualBasic\\Portable\\Syntax\\LambdaUtilities.vb",
"region":  {
"startLine":  268,
"startColumn":  13,
"endLine":  268,
"endColumn":  36
}
}
},
{
"id":  "S122",
"message":  "Reformat the code to have only one statement per line.",
"location":  {
"uri":  "roslyn\\src\\Compilers\\VisualBasic\\Portable\\Syntax\\LambdaUtilities.vb",
"region":  {
"startLine":  309,
"startColumn":  13,
"endLine":  309,
"endColumn":  34
}
}
},
{
"id":  "S122",
"message":  "Reformat the code to have only one statement per line.",
"location":  {
"uri":  "roslyn\\src\\Compilers\\VisualBasic\\Portable\\Syntax\\LambdaUtilities.vb",
"region":  {
"startLine":  354,
"startColumn":  13,
"endLine":  354,
"endColumn":  36
}
}
},
{
"id":  "S122",
"message":  "Reformat the code to have only one statement per line.",
"location":  {
"uri":  "roslyn\\src\\Compilers\\VisualBasic\\Portable\\Syntax\\LambdaUtilities.vb",
"region":  {
"startLine":  375,
"startColumn":  21,
"endLine":  375,
"endColumn":  44
}
}
},
{
"id":  "S122",
"message":  "Reformat the code to have only one statement per line.",
"location":  {
"uri":  "roslyn\\src\\Compilers\\VisualBasic\\Portable\\Syntax\\LambdaUtilities.vb",
"region":  {
"startLine":  396,
"startColumn":  21,
"endLine":  396,
"endColumn":  44
}
}
},
{
"id":  "S122",
"message":  "Reformat the code to have only one statement per line.",
"location":  {
"uri":  "roslyn\\src\\Compilers\\VisualBasic\\Portable\\Syntax\\LambdaUtilities.vb",
"region":  {
"startLine":  435,
"startColumn":  17,
"endLine":  435,
"endColumn":  45
}
}
},
{
"id":  "S122",
"message":  "Reformat the code to have only one statement per line.",
"location":  {
"uri":  "roslyn\\src\\Compilers\\VisualBasic\\Portable\\Syntax\\LambdaUtilities.vb",
"region":  {
"startLine":  481,
"startColumn":  13,
"endLine":  481,
"endColumn":  34
}
}
},
{
"id":  "S122",
"message":  "Reformat the code to have only one statement per line.",
"location":  {
"uri":  "roslyn\\src\\Compilers\\VisualBasic\\Portable\\Syntax\\LambdaUtilities.vb",
"region":  {
"startLine":  532,
"startColumn":  13,
"endLine":  532,
"endColumn":  38
}
}
},
{
"id":  "S122",
"message":  "Reformat the code to have only one statement per line.",
"location":  {
"uri":  "roslyn\\src\\Compilers\\VisualBasic\\Portable\\Syntax\\LambdaUtilities.vb",
"region":  {
"startLine":  578,
"startColumn":  13,
"endLine":  578,
"endColumn":  36
}
}
},
{
"id":  "S122",
"message":  "Reformat the code to have only one statement per line.",
"location":  {
"uri":  "roslyn\\src\\Compilers\\VisualBasic\\Portable\\Syntax\\LambdaUtilities.vb",
"region":  {
"startLine":  629,
"startColumn":  13,
"endLine":  629,
"endColumn":  36
}
}
},
{
"id":  "S122",
"message":  "Reformat the code to have only one statement per line.",
"location":  {
"uri":  "roslyn\\src\\Features\\VisualBasic\\Portable\\ChangeSignature\\VisualBasicChangeSignatureService.vb",
"region":  {
"startLine":  34,
"startColumn":  13,
"endLine":  34,
"endColumn":  44
}
}
},
{
"id":  "S122",
"message":  "Reformat the code to have only one statement per line.",
"location":  {
"uri":  "roslyn\\src\\Features\\VisualBasic\\Portable\\CodeFixes\\AddImport\\VisualBasicAddImportCodeFixProvider.vb",
"region":  {
"startLine":  127,
"startColumn":  13,
"endLine":  127,
"endColumn":  38
}
}
},
{
"id":  "S122",
"message":  "Reformat the code to have only one statement per line.",
"location":  {
"uri":  "roslyn\\src\\Features\\VisualBasic\\Portable\\CodeFixes\\AddImport\\VisualBasicAddImportCodeFixProvider.vb",
"region":  {
"startLine":  181,
"startColumn":  13,
"endLine":  181,
"endColumn":  38
}
}
},
{
"id":  "S122",
"message":  "Reformat the code to have only one statement per line.",
"location":  {
"uri":  "roslyn\\src\\Features\\VisualBasic\\Portable\\CodeFixes\\AddImport\\VisualBasicAddImportCodeFixProvider.vb",
"region":  {
"startLine":  207,
"startColumn":  13,
"endLine":  207,
"endColumn":  38
}
}
},
{
"id":  "S122",
"message":  "Reformat the code to have only one statement per line.",
"location":  {
"uri":  "roslyn\\src\\Features\\VisualBasic\\Portable\\CodeFixes\\AddImport\\VisualBasicAddImportCodeFixProvider.vb",
"region":  {
"startLine":  211,
"startColumn":  21,
"endLine":  211,
"endColumn":  42
}
}
},
{
"id":  "S122",
"message":  "Reformat the code to have only one statement per line.",
"location":  {
"uri":  "roslyn\\src\\Features\\VisualBasic\\Portable\\CodeFixes\\Async\\VisualBasicAddAwaitCodeFixProvider.vb",
"region":  {
"startLine":  48,
"startColumn":  13,
"endLine":  48,
"endColumn":  38
}
}
},
{
"id":  "S122",
"message":  "Reformat the code to have only one statement per line.",
"location":  {
"uri":  "roslyn\\src\\Features\\VisualBasic\\Portable\\CodeFixes\\Async\\VisualBasicAddAwaitCodeFixProvider.vb",
"region":  {
"startLine":  96,
"startColumn":  17,
"endLine":  96,
"endColumn":  42
}
}
},
{
"id":  "S122",
"message":  "Reformat the code to have only one statement per line.",
"location":  {
"uri":  "roslyn\\src\\Features\\VisualBasic\\Portable\\CodeFixes\\CorrectNextControlVariable\\CorrectNextControlVariableCodeFixProvider.vb",
"region":  {
"startLine":  78,
"startColumn":  13,
"endLine":  78,
"endColumn":  40
}
}
},
{
"id":  "S122",
"message":  "Reformat the code to have only one statement per line.",
"location":  {
"uri":  "roslyn\\src\\Features\\VisualBasic\\Portable\\CodeFixes\\CorrectNextControlVariable\\CorrectNextControlVariableCodeFixProvider.vb",
"region":  {
"startLine":  95,
"startColumn":  13,
"endLine":  95,
"endColumn":  47
}
}
},
{
"id":  "S122",
"message":  "Reformat the code to have only one statement per line.",
"location":  {
"uri":  "roslyn\\src\\Features\\VisualBasic\\Portable\\CodeFixes\\IncorrectExitContinue\\IncorrectExitContinueCodeFixProvider.vb",
"region":  {
"startLine":  221,
"startColumn":  13,
"endLine":  221,
"endColumn":  34
}
}
},
{
"id":  "S122",
"message":  "Reformat the code to have only one statement per line.",
"location":  {
"uri":  "roslyn\\src\\Features\\VisualBasic\\Portable\\CodeFixes\\IncorrectExitContinue\\IncorrectExitContinueCodeFixProvider.vb",
"region":  {
"startLine":  248,
"startColumn":  13,
"endLine":  248,
"endColumn":  34
}
}
},
{
"id":  "S122",
"message":  "Reformat the code to have only one statement per line.",
"location":  {
"uri":  "roslyn\\src\\Features\\VisualBasic\\Portable\\CodeFixes\\IncorrectExitContinue\\IncorrectExitContinueCodeFixProvider.vb",
"region":  {
"startLine":  275,
"startColumn":  13,
"endLine":  275,
"endColumn":  34
}
}
},
{
"id":  "S122",
"message":  "Reformat the code to have only one statement per line.",
"location":  {
"uri":  "roslyn\\src\\Features\\VisualBasic\\Portable\\CodeFixes\\Iterator\\VisualBasicConvertToIteratorCodeFixProvider.vb",
"region":  {
"startLine":  80,
"startColumn":  13,
"endLine":  80,
"endColumn":  40
}
}
},
{
"id":  "S122",
"message":  "Reformat the code to have only one statement per line.",
"location":  {
"uri":  "roslyn\\src\\Features\\VisualBasic\\Portable\\CodeFixes\\SimplifyTypeNames\\SimplifyTypeNamesCodeFixProvider.vb",
"region":  {
"startLine":  73,
"startColumn":  13,
"endLine":  73,
"endColumn":  45
}
}
},
{
"id":  "S122",
"message":  "Reformat the code to have only one statement per line.",
"location":  {
"uri":  "roslyn\\src\\Features\\VisualBasic\\Portable\\CodeFixes\\Suppression\\VisualBasicSuppressionCodeFixProvider.vb",
"region":  {
"startLine":  199,
"startColumn":  13,
"endLine":  199,
"endColumn":  38
}
}
},
{
"id":  "S122",
"message":  "Reformat the code to have only one statement per line.",
"location":  {
"uri":  "roslyn\\src\\Features\\VisualBasic\\Portable\\CodeFixes\\Suppression\\VisualBasicSuppressionCodeFixProvider.vb",
"region":  {
"startLine":  221,
"startColumn":  13,
"endLine":  221,
"endColumn":  38
}
}
},
{
"id":  "S122",
"message":  "Reformat the code to have only one statement per line.",
"location":  {
"uri":  "roslyn\\src\\Features\\VisualBasic\\Portable\\CodeLens\\VisualBasicDisplayInfoService.vb",
"region":  {
"startLine":  30,
"startColumn":  13,
"endLine":  30,
"endColumn":  36
}
}
},
{
"id":  "S122",
"message":  "Reformat the code to have only one statement per line.",
"location":  {
"uri":  "roslyn\\src\\Features\\VisualBasic\\Portable\\CodeLens\\VisualBasicDisplayInfoService.vb",
"region":  {
"startLine":  119,
"startColumn":  13,
"endLine":  119,
"endColumn":  36
}
}
},
{
"id":  "S122",
"message":  "Reformat the code to have only one statement per line.",
"location":  {
"uri":  "roslyn\\src\\Features\\VisualBasic\\Portable\\CodeRefactorings\\InvertIf\\InvertIfCodeRefactoringProvider.vb",
"region":  {
"startLine":  454,
"startColumn":  13,
"endLine":  454,
"endColumn":  40
}
}
},
{
"id":  "S122",
"message":  "Reformat the code to have only one statement per line.",
"location":  {
"uri":  "roslyn\\src\\Features\\VisualBasic\\Portable\\Completion\\CompletionProviders\\HandlesClauseCompletionProvider.vb",
"region":  {
"startLine":  91,
"startColumn":  13,
"endLine":  91,
"endColumn":  43
}
}
},
{
"id":  "S122",
"message":  "Reformat the code to have only one statement per line.",
"location":  {
"uri":  "roslyn\\src\\Features\\VisualBasic\\Portable\\Completion\\CompletionProviders\\OverrideCompletionProvider.vb",
"region":  {
"startLine":  72,
"startColumn":  17,
"endLine":  72,
"endColumn":  39
}
}
},
{
"id":  "S122",
"message":  "Reformat the code to have only one statement per line.",
"location":  {
"uri":  "roslyn\\src\\Features\\VisualBasic\\Portable\\Completion\\KeywordRecommenders\\Declarations\\EndBlockKeywordRecommender.vb",
"region":  {
"startLine":  64,
"startColumn":  13,
"endLine":  64,
"endColumn":  32
}
}
},
{
"id":  "S122",
"message":  "Reformat the code to have only one statement per line.",
"location":  {
"uri":  "roslyn\\src\\Features\\VisualBasic\\Portable\\Completion\\KeywordRecommenders\\Declarations\\OverloadableOperatorRecommender.vb",
"region":  {
"startLine":  42,
"startColumn":  13,
"endLine":  42,
"endColumn":  35
}
}
},
{
"id":  "S122",
"message":  "Reformat the code to have only one statement per line.",
"location":  {
"uri":  "roslyn\\src\\Features\\VisualBasic\\Portable\\Completion\\KeywordRecommenders\\RecommendationHelpers.vb",
"region":  {
"startLine":  37,
"startColumn":  13,
"endLine":  37,
"endColumn":  55
}
}
},
{
"id":  "S122",
"message":  "Reformat the code to have only one statement per line.",
"location":  {
"uri":  "roslyn\\src\\Features\\VisualBasic\\Portable\\Completion\\SuggestionMode\\VisualBasicSuggestionModeCompletionProvider.vb",
"region":  {
"startLine":  110,
"startColumn":  17,
"endLine":  110,
"endColumn":  70
}
}
},
{
"id":  "S122",
"message":  "Reformat the code to have only one statement per line.",
"location":  {
"uri":  "roslyn\\src\\Features\\VisualBasic\\Portable\\Diagnostics\\Analyzers\\VisualBasicPreferFrameworkTypeDiagnosticAnalyzer.vb",
"region":  {
"startLine":  34,
"startColumn":  13,
"endLine":  34,
"endColumn":  29
}
}
},
{
"id":  "S122",
"message":  "Reformat the code to have only one statement per line.",
"location":  {
"uri":  "roslyn\\src\\Features\\VisualBasic\\Portable\\Diagnostics\\Analyzers\\VisualBasicRemoveUnnecessaryCastDiagnosticAnalyzer.vb",
"region":  {
"startLine":  27,
"startColumn":  13,
"endLine":  27,
"endColumn":  34
}
}
},
{
"id":  "S122",
"message":  "Reformat the code to have only one statement per line.",
"location":  {
"uri":  "roslyn\\src\\Features\\VisualBasic\\Portable\\Diagnostics\\Analyzers\\VisualBasicRemoveUnnecessaryCastDiagnosticAnalyzer.vb",
"region":  {
"startLine":  38,
"startColumn":  13,
"endLine":  38,
"endColumn":  34
}
}
},
{
"id":  "S122",
"message":  "Reformat the code to have only one statement per line.",
"location":  {
"uri":  "roslyn\\src\\Features\\VisualBasic\\Portable\\EditAndContinue\\BreakpointSpans.vb",
"region":  {
"startLine":  93,
"startColumn":  13,
"endLine":  93,
"endColumn":  34
}
}
},
{
"id":  "S122",
"message":  "Reformat the code to have only one statement per line.",
"location":  {
"uri":  "roslyn\\src\\Features\\VisualBasic\\Portable\\EditAndContinue\\BreakpointSpans.vb",
"region":  {
"startLine":  442,
"startColumn":  13,
"endLine":  442,
"endColumn":  47
}
}
},
{
"id":  "S122",
"message":  "Reformat the code to have only one statement per line.",
"location":  {
"uri":  "roslyn\\src\\Features\\VisualBasic\\Portable\\EditAndContinue\\StatementSyntaxComparer.vb",
"region":  {
"startLine":  258,
"startColumn":  13,
"endLine":  258,
"endColumn":  30
}
}
},
{
"id":  "S122",
"message":  "Reformat the code to have only one statement per line.",
"location":  {
"uri":  "roslyn\\src\\Features\\VisualBasic\\Portable\\EditAndContinue\\StatementSyntaxComparer.vb",
"region":  {
"startLine":  327,
"startColumn":  13,
"endLine":  327,
"endColumn":  29
}
}
},
{
"id":  "S122",
"message":  "Reformat the code to have only one statement per line.",
"location":  {
"uri":  "roslyn\\src\\Features\\VisualBasic\\Portable\\EditAndContinue\\StatementSyntaxComparer.vb",
"region":  {
"startLine":  784,
"startColumn":  13,
"endLine":  784,
"endColumn":  38
}
}
},
{
"id":  "S122",
"message":  "Reformat the code to have only one statement per line.",
"location":  {
"uri":  "roslyn\\src\\Features\\VisualBasic\\Portable\\EditAndContinue\\StatementSyntaxComparer.vb",
"region":  {
"startLine":  793,
"startColumn":  40,
"endLine":  793,
"endColumn":  61
}
}
},
{
"id":  "S122",
"message":  "Reformat the code to have only one statement per line.",
"location":  {
"uri":  "roslyn\\src\\Features\\VisualBasic\\Portable\\EditAndContinue\\StatementSyntaxComparer.vb",
"region":  {
"startLine":  916,
"startColumn":  40,
"endLine":  916,
"endColumn":  61
}
}
},
{
"id":  "S122",
"message":  "Reformat the code to have only one statement per line.",
"location":  {
"uri":  "roslyn\\src\\Features\\VisualBasic\\Portable\\EditAndContinue\\SyntaxUtilities.vb",
"region":  {
"startLine":  56,
"startColumn":  13,
"endLine":  56,
"endColumn":  34
}
}
},
{
"id":  "S122",
"message":  "Reformat the code to have only one statement per line.",
"location":  {
"uri":  "roslyn\\src\\Features\\VisualBasic\\Portable\\EditAndContinue\\SyntaxUtilities.vb",
"region":  {
"startLine":  112,
"startColumn":  13,
"endLine":  112,
"endColumn":  41
}
}
},
{
"id":  "S122",
"message":  "Reformat the code to have only one statement per line.",
"location":  {
"uri":  "roslyn\\src\\Features\\VisualBasic\\Portable\\EditAndContinue\\SyntaxUtilities.vb",
"region":  {
"startLine":  165,
"startColumn":  13,
"endLine":  165,
"endColumn":  47
}
}
},
{
"id":  "S122",
"message":  "Reformat the code to have only one statement per line.",
"location":  {
"uri":  "roslyn\\src\\Features\\VisualBasic\\Portable\\EditAndContinue\\TopSyntaxComparer.vb",
"region":  {
"startLine":  123,
"startColumn":  13,
"endLine":  123,
"endColumn":  30
}
}
},
{
"id":  "S122",
"message":  "Reformat the code to have only one statement per line.",
"location":  {
"uri":  "roslyn\\src\\Features\\VisualBasic\\Portable\\EditAndContinue\\TopSyntaxComparer.vb",
"region":  {
"startLine":  164,
"startColumn":  13,
"endLine":  164,
"endColumn":  29
}
}
},
{
"id":  "S122",
"message":  "Reformat the code to have only one statement per line.",
"location":  {
"uri":  "roslyn\\src\\Features\\VisualBasic\\Portable\\EditAndContinue\\TopSyntaxComparer.vb",
"region":  {
"startLine":  352,
"startColumn":  13,
"endLine":  352,
"endColumn":  36
}
}
},
{
"id":  "S122",
"message":  "Reformat the code to have only one statement per line.",
"location":  {
"uri":  "roslyn\\src\\Features\\VisualBasic\\Portable\\EditAndContinue\\TopSyntaxComparer.vb",
"region":  {
"startLine":  401,
"startColumn":  13,
"endLine":  401,
"endColumn":  36
}
}
},
{
"id":  "S122",
"message":  "Reformat the code to have only one statement per line.",
"location":  {
"uri":  "roslyn\\src\\Features\\VisualBasic\\Portable\\EditAndContinue\\VisualBasicEditAndContinueAnalyzer.vb",
"region":  {
"startLine":  29,
"startColumn":  17,
"endLine":  29,
"endColumn":  38
}
}
},
{
"id":  "S122",
"message":  "Reformat the code to have only one statement per line.",
"location":  {
"uri":  "roslyn\\src\\Features\\VisualBasic\\Portable\\EditAndContinue\\VisualBasicEditAndContinueAnalyzer.vb",
"region":  {
"startLine":  85,
"startColumn":  13,
"endLine":  85,
"endColumn":  34
}
}
},
{
"id":  "S122",
"message":  "Reformat the code to have only one statement per line.",
"location":  {
"uri":  "roslyn\\src\\Features\\VisualBasic\\Portable\\EditAndContinue\\VisualBasicEditAndContinueAnalyzer.vb",
"region":  {
"startLine":  191,
"startColumn":  13,
"endLine":  191,
"endColumn":  38
}
}
},
{
"id":  "S122",
"message":  "Reformat the code to have only one statement per line.",
"location":  {
"uri":  "roslyn\\src\\Features\\VisualBasic\\Portable\\EditAndContinue\\VisualBasicEditAndContinueAnalyzer.vb",
"region":  {
"startLine":  252,
"startColumn":  13,
"endLine":  252,
"endColumn":  34
}
}
},
{
"id":  "S122",
"message":  "Reformat the code to have only one statement per line.",
"location":  {
"uri":  "roslyn\\src\\Features\\VisualBasic\\Portable\\EditAndContinue\\VisualBasicEditAndContinueAnalyzer.vb",
"region":  {
"startLine":  848,
"startColumn":  13,
"endLine":  848,
"endColumn":  42
}
}
},
{
"id":  "S122",
"message":  "Reformat the code to have only one statement per line.",
"location":  {
"uri":  "roslyn\\src\\Features\\VisualBasic\\Portable\\EditAndContinue\\VisualBasicEditAndContinueAnalyzer.vb",
"region":  {
"startLine":  886,
"startColumn":  13,
"endLine":  886,
"endColumn":  41
}
}
},
{
"id":  "S122",
"message":  "Reformat the code to have only one statement per line.",
"location":  {
"uri":  "roslyn\\src\\Features\\VisualBasic\\Portable\\EditAndContinue\\VisualBasicEditAndContinueAnalyzer.vb",
"region":  {
"startLine":  976,
"startColumn":  13,
"endLine":  976,
"endColumn":  36
}
}
},
{
"id":  "S122",
"message":  "Reformat the code to have only one statement per line.",
"location":  {
"uri":  "roslyn\\src\\Features\\VisualBasic\\Portable\\EditAndContinue\\VisualBasicEditAndContinueAnalyzer.vb",
"region":  {
"startLine":  1073,
"startColumn":  13,
"endLine":  1073,
"endColumn":  37
}
}
},
{
"id":  "S122",
"message":  "Reformat the code to have only one statement per line.",
"location":  {
"uri":  "roslyn\\src\\Features\\VisualBasic\\Portable\\EditAndContinue\\VisualBasicEditAndContinueAnalyzer.vb",
"region":  {
"startLine":  1140,
"startColumn":  13,
"endLine":  1140,
"endColumn":  29
}
}
},
{
"id":  "S122",
"message":  "Reformat the code to have only one statement per line.",
"location":  {
"uri":  "roslyn\\src\\Features\\VisualBasic\\Portable\\EditAndContinue\\VisualBasicEditAndContinueAnalyzer.vb",
"region":  {
"startLine":  1389,
"startColumn":  17,
"endLine":  1389,
"endColumn":  40
}
}
},
{
"id":  "S122",
"message":  "Reformat the code to have only one statement per line.",
"location":  {
"uri":  "roslyn\\src\\Features\\VisualBasic\\Portable\\EditAndContinue\\VisualBasicEditAndContinueAnalyzer.vb",
"region":  {
"startLine":  1406,
"startColumn":  17,
"endLine":  1406,
"endColumn":  40
}
}
},
{
"id":  "S122",
"message":  "Reformat the code to have only one statement per line.",
"location":  {
"uri":  "roslyn\\src\\Features\\VisualBasic\\Portable\\EditAndContinue\\VisualBasicEditAndContinueAnalyzer.vb",
"region":  {
"startLine":  1460,
"startColumn":  13,
"endLine":  1460,
"endColumn":  36
}
}
},
{
"id":  "S122",
"message":  "Reformat the code to have only one statement per line.",
"location":  {
"uri":  "roslyn\\src\\Features\\VisualBasic\\Portable\\EditAndContinue\\VisualBasicEditAndContinueAnalyzer.vb",
"region":  {
"startLine":  1486,
"startColumn":  13,
"endLine":  1486,
"endColumn":  34
}
}
},
{
"id":  "S122",
"message":  "Reformat the code to have only one statement per line.",
"location":  {
"uri":  "roslyn\\src\\Features\\VisualBasic\\Portable\\EditAndContinue\\VisualBasicEditAndContinueAnalyzer.vb",
"region":  {
"startLine":  1613,
"startColumn":  13,
"endLine":  1613,
"endColumn":  34
}
}
},
{
"id":  "S122",
"message":  "Reformat the code to have only one statement per line.",
"location":  {
"uri":  "roslyn\\src\\Features\\VisualBasic\\Portable\\EditAndContinue\\VisualBasicEditAndContinueAnalyzer.vb",
"region":  {
"startLine":  1766,
"startColumn":  17,
"endLine":  1766,
"endColumn":  34
}
}
},
{
"id":  "S122",
"message":  "Reformat the code to have only one statement per line.",
"location":  {
"uri":  "roslyn\\src\\Features\\VisualBasic\\Portable\\EditAndContinue\\VisualBasicEditAndContinueAnalyzer.vb",
"region":  {
"startLine":  1798,
"startColumn":  17,
"endLine":  1798,
"endColumn":  41
}
}
},
{
"id":  "S122",
"message":  "Reformat the code to have only one statement per line.",
"location":  {
"uri":  "roslyn\\src\\Features\\VisualBasic\\Portable\\EditAndContinue\\VisualBasicEditAndContinueAnalyzer.vb",
"region":  {
"startLine":  1875,
"startColumn":  17,
"endLine":  1875,
"endColumn":  38
}
}
},
{
"id":  "S122",
"message":  "Reformat the code to have only one statement per line.",
"location":  {
"uri":  "roslyn\\src\\Features\\VisualBasic\\Portable\\EditAndContinue\\VisualBasicEditAndContinueAnalyzer.vb",
"region":  {
"startLine":  2021,
"startColumn":  21,
"endLine":  2021,
"endColumn":  44
}
}
},
{
"id":  "S122",
"message":  "Reformat the code to have only one statement per line.",
"location":  {
"uri":  "roslyn\\src\\Features\\VisualBasic\\Portable\\EditAndContinue\\VisualBasicEditAndContinueAnalyzer.vb",
"region":  {
"startLine":  2084,
"startColumn":  17,
"endLine":  2084,
"endColumn":  41
}
}
},
{
"id":  "S122",
"message":  "Reformat the code to have only one statement per line.",
"location":  {
"uri":  "roslyn\\src\\Features\\VisualBasic\\Portable\\EditAndContinue\\VisualBasicEditAndContinueAnalyzer.vb",
"region":  {
"startLine":  2185,
"startColumn":  17,
"endLine":  2185,
"endColumn":  41
}
}
},
{
"id":  "S122",
"message":  "Reformat the code to have only one statement per line.",
"location":  {
"uri":  "roslyn\\src\\Features\\VisualBasic\\Portable\\EditAndContinue\\VisualBasicEditAndContinueAnalyzer.vb",
"region":  {
"startLine":  2788,
"startColumn":  21,
"endLine":  2788,
"endColumn":  42
}
}
},
{
"id":  "S122",
"message":  "Reformat the code to have only one statement per line.",
"location":  {
"uri":  "roslyn\\src\\Features\\VisualBasic\\Portable\\EditAndContinue\\VisualBasicEditAndContinueAnalyzer.vb",
"region":  {
"startLine":  2887,
"startColumn":  17,
"endLine":  2887,
"endColumn":  33
}
}
},
{
"id":  "S122",
"message":  "Reformat the code to have only one statement per line.",
"location":  {
"uri":  "roslyn\\src\\Features\\VisualBasic\\Portable\\EditAndContinue\\VisualBasicEditAndContinueAnalyzer.vb",
"region":  {
"startLine":  2930,
"startColumn":  13,
"endLine":  2930,
"endColumn":  37
}
}
},
{
"id":  "S122",
"message":  "Reformat the code to have only one statement per line.",
"location":  {
"uri":  "roslyn\\src\\Features\\VisualBasic\\Portable\\EditAndContinue\\VisualBasicEditAndContinueAnalyzer.vb",
"region":  {
"startLine":  2952,
"startColumn":  13,
"endLine":  2952,
"endColumn":  34
}
}
},
{
"id":  "S122",
"message":  "Reformat the code to have only one statement per line.",
"location":  {
"uri":  "roslyn\\src\\Features\\VisualBasic\\Portable\\EditAndContinue\\VisualBasicEditAndContinueAnalyzer.vb",
"region":  {
"startLine":  3019,
"startColumn":  17,
"endLine":  3019,
"endColumn":  47
}
}
},
{
"id":  "S122",
"message":  "Reformat the code to have only one statement per line.",
"location":  {
"uri":  "roslyn\\src\\Features\\VisualBasic\\Portable\\EditAndContinue\\VisualBasicEditAndContinueAnalyzer.vb",
"region":  {
"startLine":  3049,
"startColumn":  13,
"endLine":  3049,
"endColumn":  55
}
}
},
{
"id":  "S122",
"message":  "Reformat the code to have only one statement per line.",
"location":  {
"uri":  "roslyn\\src\\Features\\VisualBasic\\Portable\\EditAndContinue\\VisualBasicEditAndContinueAnalyzer.vb",
"region":  {
"startLine":  3087,
"startColumn":  13,
"endLine":  3087,
"endColumn":  41
}
}
},
{
"id":  "S122",
"message":  "Reformat the code to have only one statement per line.",
"location":  {
"uri":  "roslyn\\src\\Features\\VisualBasic\\Portable\\EditAndContinue\\VisualBasicEditAndContinueAnalyzer.vb",
"region":  {
"startLine":  3127,
"startColumn":  17,
"endLine":  3127,
"endColumn":  38
}
}
},
{
"id":  "S122",
"message":  "Reformat the code to have only one statement per line.",
"location":  {
"uri":  "roslyn\\src\\Features\\VisualBasic\\Portable\\ExtractMethod\\Extensions.vb",
"region":  {
"startLine":  191,
"startColumn":  17,
"endLine":  191,
"endColumn":  43
}
}
},
{
"id":  "S122",
"message":  "Reformat the code to have only one statement per line.",
"location":  {
"uri":  "roslyn\\src\\Features\\VisualBasic\\Portable\\ExtractMethod\\Extensions.vb",
"region":  {
"startLine":  195,
"startColumn":  25,
"endLine":  195,
"endColumn":  63
}
}
},
{
"id":  "S122",
"message":  "Reformat the code to have only one statement per line.",
"location":  {
"uri":  "roslyn\\src\\Features\\VisualBasic\\Portable\\ExtractMethod\\Extensions.vb",
"region":  {
"startLine":  200,
"startColumn":  25,
"endLine":  200,
"endColumn":  59
}
}
},
{
"id":  "S122",
"message":  "Reformat the code to have only one statement per line.",
"location":  {
"uri":  "roslyn\\src\\Features\\VisualBasic\\Portable\\ExtractMethod\\Extensions.vb",
"region":  {
"startLine":  203,
"startColumn":  25,
"endLine":  203,
"endColumn":  59
}
}
},
{
"id":  "S122",
"message":  "Reformat the code to have only one statement per line.",
"location":  {
"uri":  "roslyn\\src\\Features\\VisualBasic\\Portable\\ExtractMethod\\VisualBasicMethodExtractor.TriviaResult.vb",
"region":  {
"startLine":  57,
"startColumn":  17,
"endLine":  57,
"endColumn":  37
}
}
},
{
"id":  "S122",
"message":  "Reformat the code to have only one statement per line.",
"location":  {
"uri":  "roslyn\\src\\Features\\VisualBasic\\Portable\\ExtractMethod\\VisualBasicMethodExtractor.TriviaResult.vb",
"region":  {
"startLine":  97,
"startColumn":  17,
"endLine":  97,
"endColumn":  37
}
}
},
{
"id":  "S122",
"message":  "Reformat the code to have only one statement per line.",
"location":  {
"uri":  "roslyn\\src\\Features\\VisualBasic\\Portable\\GenerateMember\\GenerateParameterizedMember\\VisualBasicGenerateParameterizedMemberService.vb",
"region":  {
"startLine":  34,
"startColumn":  17,
"endLine":  34,
"endColumn":  92
}
}
},
{
"id":  "S122",
"message":  "Reformat the code to have only one statement per line.",
"location":  {
"uri":  "roslyn\\src\\Features\\VisualBasic\\Portable\\MetadataAsSource\\VisualBasicMetadataAsSourceService.vb",
"region":  {
"startLine":  118,
"startColumn":  17,
"endLine":  118,
"endColumn":  38
}
}
},
{
"id":  "S122",
"message":  "Reformat the code to have only one statement per line.",
"location":  {
"uri":  "roslyn\\src\\Features\\VisualBasic\\Portable\\Organizing\\Organizers\\MemberDeclarationsOrganizer.Comparer.vb",
"region":  {
"startLine":  117,
"startColumn":  17,
"endLine":  117,
"endColumn":  35
}
}
},
{
"id":  "S122",
"message":  "Reformat the code to have only one statement per line.",
"location":  {
"uri":  "roslyn\\src\\Features\\VisualBasic\\Portable\\Organizing\\Organizers\\MemberDeclarationsOrganizer.Comparer.vb",
"region":  {
"startLine":  145,
"startColumn":  17,
"endLine":  145,
"endColumn":  35
}
}
},
{
"id":  "S122",
"message":  "Reformat the code to have only one statement per line.",
"location":  {
"uri":  "roslyn\\src\\Features\\VisualBasic\\Portable\\SignatureHelp\\AddRemoveHandlerSignatureHelpProvider.vb",
"region":  {
"startLine":  15,
"startColumn":  13,
"endLine":  15,
"endColumn":  34
}
}
},
{
"id":  "S122",
"message":  "Reformat the code to have only one statement per line.",
"location":  {
"uri":  "roslyn\\src\\Features\\VisualBasic\\Portable\\SignatureHelp\\CastExpressionSignatureHelpProvider.vb",
"region":  {
"startLine":  15,
"startColumn":  13,
"endLine":  15,
"endColumn":  34
}
}
}
]
}
