{
"issues":  [
{
"id":  "S1244",
"message":  "Do not check floating point equality with exact values, use a range instead.",
"location":  {
"uri":  "roslyn\\src\\Compilers\\CSharp\\Portable\\Binder\\Binder_Operators.cs",
"region":  {
"startLine":  1669,
"startColumn":  50,
"endLine":  1669,
"endColumn":  52
}
}
},
{
"id":  "S1244",
"message":  "Do not check floating point equality with exact values, use a range instead.",
"location":  {
"uri":  "roslyn\\src\\Compilers\\CSharp\\Portable\\Binder\\Binder_Operators.cs",
"region":  {
"startLine":  1671,
"startColumn":  50,
"endLine":  1671,
"endColumn":  52
}
}
},
{
"id":  "S1244",
"message":  "Do not check floating point inequality with exact values, use a range instead.",
"location":  {
"uri":  "roslyn\\src\\Compilers\\CSharp\\Portable\\Binder\\Binder_Operators.cs",
"region":  {
"startLine":  1687,
"startColumn":  50,
"endLine":  1687,
"endColumn":  52
}
}
},
{
"id":  "S1244",
"message":  "Do not check floating point inequality with exact values, use a range instead.",
"location":  {
"uri":  "roslyn\\src\\Compilers\\CSharp\\Portable\\Binder\\Binder_Operators.cs",
"region":  {
"startLine":  1689,
"startColumn":  50,
"endLine":  1689,
"endColumn":  52
}
}
},
{
"id":  "S1244",
"message":  "Do not check floating point equality with exact values, use a range instead.",
"location":  {
"uri":  "roslyn\\src\\Compilers\\CSharp\\Portable\\Binder\\Semantics\\Conversions\\ConversionsBase.cs",
"region":  {
"startLine":  1521,
"startColumn":  46,
"endLine":  1521,
"endColumn":  48
}
}
}
]
}
