{
"issues":  [
{
"id":  "S3376",
"message":  "Make this class name end with \"EventArgs\".",
"location":  {
"uri":  "roslyn\\src\\EditorFeatures\\Core\\Implementation\\TodoComment\\TodoItemsUpdatedArgs.cs",
"region":  {
"startLine":  8,
"startColumn":  20,
"endLine":  8,
"endColumn":  40
}
}
}
]
}
