{
"issues":  [
{
"id":  "S1905",
"message":  "Remove this unnecessary cast to \"int\".",
"location":  {
"uri":  "roslyn\\src\\Test\\PdbUtilities\\Pdb\\Token2SourceLineExporter.cs",
"region":  {
"startLine":  135,
"startColumn":  30,
"endLine":  135,
"endColumn":  33
}
}
},
{
"id":  "S1905",
"message":  "Remove this unnecessary cast to \"ulong\".",
"location":  {
"uri":  "roslyn\\src\\Test\\PdbUtilities\\Pdb\\Token2SourceLineExporter.cs",
"region":  {
"startLine":  194,
"startColumn":  30,
"endLine":  194,
"endColumn":  35
}
}
},
{
"id":  "S1905",
"message":  "Remove this unnecessary cast to \"int\".",
"location":  {
"uri":  "roslyn\\src\\Test\\PdbUtilities\\Pdb\\Token2SourceLineExporter.cs",
"region":  {
"startLine":  421,
"startColumn":  42,
"endLine":  421,
"endColumn":  45
}
}
},
{
"id":  "S1905",
"message":  "Remove this unnecessary cast to \"int\".",
"location":  {
"uri":  "roslyn\\src\\Test\\PdbUtilities\\Pdb\\Token2SourceLineExporter.cs",
"region":  {
"startLine":  424,
"startColumn":  30,
"endLine":  424,
"endColumn":  33
}
}
},
{
"id":  "S1905",
"message":  "Remove this unnecessary cast to \"uint\".",
"location":  {
"uri":  "roslyn\\src\\Test\\PdbUtilities\\Pdb\\Token2SourceLineExporter.cs",
"region":  {
"startLine":  434,
"startColumn":  25,
"endLine":  434,
"endColumn":  29
}
}
},
{
"id":  "S1905",
"message":  "Remove this unnecessary cast to \"uint\".",
"location":  {
"uri":  "roslyn\\src\\Test\\PdbUtilities\\Pdb\\Token2SourceLineExporter.cs",
"region":  {
"startLine":  440,
"startColumn":  25,
"endLine":  440,
"endColumn":  29
}
}
},
{
"id":  "S1905",
"message":  "Remove this unnecessary cast to \"int\".",
"location":  {
"uri":  "roslyn\\src\\Test\\PdbUtilities\\Pdb\\Token2SourceLineExporter.cs",
"region":  {
"startLine":  523,
"startColumn":  30,
"endLine":  523,
"endColumn":  33
}
}
},
{
"id":  "S1905",
"message":  "Remove this unnecessary cast to \"uint\".",
"location":  {
"uri":  "roslyn\\src\\Test\\PdbUtilities\\Pdb\\Token2SourceLineExporter.cs",
"region":  {
"startLine":  643,
"startColumn":  30,
"endLine":  643,
"endColumn":  34
}
}
}
]
}
