{
"issues":  [
{
"id":  "S1186",
"message":  "Add a nested comment explaining why this method is empty, throw a \"NotSupportedException\" or complete the implementation.",
"location":  {
"uri":  "roslyn\\src\\Compilers\\Server\\ServerShared\\DiagnosticListener.cs",
"region":  {
"startLine":  48,
"startColumn":  21,
"endLine":  48,
"endColumn":  36
}
}
},
{
"id":  "S1186",
"message":  "Add a nested comment explaining why this method is empty, throw a \"NotSupportedException\" or complete the implementation.",
"location":  {
"uri":  "roslyn\\src\\Compilers\\Server\\ServerShared\\DiagnosticListener.cs",
"region":  {
"startLine":  52,
"startColumn":  21,
"endLine":  52,
"endColumn":  40
}
}
},
{
"id":  "S1186",
"message":  "Add a nested comment explaining why this method is empty, throw a \"NotSupportedException\" or complete the implementation.",
"location":  {
"uri":  "roslyn\\src\\Compilers\\Server\\ServerShared\\DiagnosticListener.cs",
"region":  {
"startLine":  56,
"startColumn":  21,
"endLine":  56,
"endColumn":  39
}
}
},
{
"id":  "S1186",
"message":  "Add a nested comment explaining why this method is empty, throw a \"NotSupportedException\" or complete the implementation.",
"location":  {
"uri":  "roslyn\\src\\Compilers\\Server\\ServerShared\\DiagnosticListener.cs",
"region":  {
"startLine":  60,
"startColumn":  21,
"endLine":  60,
"endColumn":  40
}
}
},
{
"id":  "S1186",
"message":  "Add a nested comment explaining why this method is empty, throw a \"NotSupportedException\" or complete the implementation.",
"location":  {
"uri":  "roslyn\\src\\Compilers\\Server\\ServerShared\\DiagnosticListener.cs",
"region":  {
"startLine":  64,
"startColumn":  21,
"endLine":  64,
"endColumn":  42
}
}
},
{
"id":  "S1186",
"message":  "Add a nested comment explaining why this method is empty, throw a \"NotSupportedException\" or complete the implementation.",
"location":  {
"uri":  "roslyn\\src\\Compilers\\Server\\ServerShared\\DiagnosticListener.cs",
"region":  {
"startLine":  68,
"startColumn":  21,
"endLine":  68,
"endColumn":  37
}
}
}
]
}
