{
"issues":  [
{
"id":  "S2350",
"message":  "Remove this redundant use of \"Exit Select\".",
"location":  {
"uri":  "roslyn\\src\\Compilers\\VisualBasic\\Test\\Emit\\Attributes\\AssemblyAttributes.vb",
"region":  {
"startLine":  1272,
"startColumn":  21,
"endLine":  1272,
"endColumn":  32
}
}
},
{
"id":  "S2350",
"message":  "Remove this redundant use of \"Exit Select\".",
"location":  {
"uri":  "roslyn\\src\\Compilers\\VisualBasic\\Test\\Emit\\Attributes\\AssemblyAttributes.vb",
"region":  {
"startLine":  1275,
"startColumn":  21,
"endLine":  1275,
"endColumn":  32
}
}
},
{
"id":  "S2350",
"message":  "Remove this redundant use of \"Exit Select\".",
"location":  {
"uri":  "roslyn\\src\\Compilers\\VisualBasic\\Test\\Emit\\Attributes\\AssemblyAttributes.vb",
"region":  {
"startLine":  1278,
"startColumn":  21,
"endLine":  1278,
"endColumn":  32
}
}
},
{
"id":  "S2350",
"message":  "Remove this redundant use of \"Exit Select\".",
"location":  {
"uri":  "roslyn\\src\\Compilers\\VisualBasic\\Test\\Emit\\Attributes\\AssemblyAttributes.vb",
"region":  {
"startLine":  1281,
"startColumn":  21,
"endLine":  1281,
"endColumn":  32
}
}
},
{
"id":  "S2350",
"message":  "Remove this redundant use of \"Exit Select\".",
"location":  {
"uri":  "roslyn\\src\\Compilers\\VisualBasic\\Test\\Emit\\Attributes\\AssemblyAttributes.vb",
"region":  {
"startLine":  1284,
"startColumn":  21,
"endLine":  1284,
"endColumn":  32
}
}
},
{
"id":  "S2350",
"message":  "Remove this redundant use of \"Exit Select\".",
"location":  {
"uri":  "roslyn\\src\\Compilers\\VisualBasic\\Test\\Emit\\Attributes\\AssemblyAttributes.vb",
"region":  {
"startLine":  1351,
"startColumn":  21,
"endLine":  1351,
"endColumn":  32
}
}
},
{
"id":  "S2350",
"message":  "Remove this redundant use of \"Exit Select\".",
"location":  {
"uri":  "roslyn\\src\\Compilers\\VisualBasic\\Test\\Emit\\Attributes\\AssemblyAttributes.vb",
"region":  {
"startLine":  1354,
"startColumn":  21,
"endLine":  1354,
"endColumn":  32
}
}
},
{
"id":  "S2350",
"message":  "Remove this redundant use of \"Exit Select\".",
"location":  {
"uri":  "roslyn\\src\\Compilers\\VisualBasic\\Test\\Emit\\Attributes\\AssemblyAttributes.vb",
"region":  {
"startLine":  1357,
"startColumn":  21,
"endLine":  1357,
"endColumn":  32
}
}
},
{
"id":  "S2350",
"message":  "Remove this redundant use of \"Exit Select\".",
"location":  {
"uri":  "roslyn\\src\\Compilers\\VisualBasic\\Test\\Emit\\Attributes\\AssemblyAttributes.vb",
"region":  {
"startLine":  1360,
"startColumn":  21,
"endLine":  1360,
"endColumn":  32
}
}
},
{
"id":  "S2350",
"message":  "Remove this redundant use of \"Exit Select\".",
"location":  {
"uri":  "roslyn\\src\\Compilers\\VisualBasic\\Test\\Emit\\Attributes\\AssemblyAttributes.vb",
"region":  {
"startLine":  1363,
"startColumn":  21,
"endLine":  1363,
"endColumn":  32
}
}
},
{
"id":  "S2350",
"message":  "Remove this redundant use of \"Exit Select\".",
"location":  {
"uri":  "roslyn\\src\\Compilers\\VisualBasic\\Test\\Emit\\Attributes\\AssemblyAttributes.vb",
"region":  {
"startLine":  1399,
"startColumn":  21,
"endLine":  1399,
"endColumn":  32
}
}
},
{
"id":  "S2350",
"message":  "Remove this redundant use of \"Exit Select\".",
"location":  {
"uri":  "roslyn\\src\\Compilers\\VisualBasic\\Test\\Emit\\Attributes\\AssemblyAttributes.vb",
"region":  {
"startLine":  1402,
"startColumn":  21,
"endLine":  1402,
"endColumn":  32
}
}
},
{
"id":  "S2350",
"message":  "Remove this redundant use of \"Exit Select\".",
"location":  {
"uri":  "roslyn\\src\\Compilers\\VisualBasic\\Test\\Emit\\Attributes\\AssemblyAttributes.vb",
"region":  {
"startLine":  1405,
"startColumn":  21,
"endLine":  1405,
"endColumn":  32
}
}
},
{
"id":  "S2350",
"message":  "Remove this redundant use of \"Exit Select\".",
"location":  {
"uri":  "roslyn\\src\\Compilers\\VisualBasic\\Test\\Emit\\Attributes\\AssemblyAttributes.vb",
"region":  {
"startLine":  1408,
"startColumn":  21,
"endLine":  1408,
"endColumn":  32
}
}
},
{
"id":  "S2350",
"message":  "Remove this redundant use of \"Exit Select\".",
"location":  {
"uri":  "roslyn\\src\\Compilers\\VisualBasic\\Test\\Emit\\Attributes\\AssemblyAttributes.vb",
"region":  {
"startLine":  1413,
"startColumn":  21,
"endLine":  1413,
"endColumn":  32
}
}
},
{
"id":  "S2350",
"message":  "Remove this redundant use of \"Exit Select\".",
"location":  {
"uri":  "roslyn\\src\\Compilers\\VisualBasic\\Test\\Emit\\Attributes\\AssemblyAttributes.vb",
"region":  {
"startLine":  1416,
"startColumn":  21,
"endLine":  1416,
"endColumn":  32
}
}
},
{
"id":  "S2350",
"message":  "Remove this redundant use of \"Exit Select\".",
"location":  {
"uri":  "roslyn\\src\\Compilers\\VisualBasic\\Test\\Emit\\Attributes\\AssemblyAttributes.vb",
"region":  {
"startLine":  1446,
"startColumn":  21,
"endLine":  1446,
"endColumn":  32
}
}
},
{
"id":  "S2350",
"message":  "Remove this redundant use of \"Exit Select\".",
"location":  {
"uri":  "roslyn\\src\\Compilers\\VisualBasic\\Test\\Emit\\Attributes\\AssemblyAttributes.vb",
"region":  {
"startLine":  1449,
"startColumn":  21,
"endLine":  1449,
"endColumn":  32
}
}
},
{
"id":  "S2350",
"message":  "Remove this redundant use of \"Exit Select\".",
"location":  {
"uri":  "roslyn\\src\\Compilers\\VisualBasic\\Test\\Emit\\Attributes\\AssemblyAttributes.vb",
"region":  {
"startLine":  1452,
"startColumn":  21,
"endLine":  1452,
"endColumn":  32
}
}
},
{
"id":  "S2350",
"message":  "Remove this redundant use of \"Exit Select\".",
"location":  {
"uri":  "roslyn\\src\\Compilers\\VisualBasic\\Test\\Emit\\Attributes\\AssemblyAttributes.vb",
"region":  {
"startLine":  1455,
"startColumn":  21,
"endLine":  1455,
"endColumn":  32
}
}
},
{
"id":  "S2350",
"message":  "Remove this redundant use of \"Exit Select\".",
"location":  {
"uri":  "roslyn\\src\\Compilers\\VisualBasic\\Test\\Emit\\Attributes\\AssemblyAttributes.vb",
"region":  {
"startLine":  1458,
"startColumn":  21,
"endLine":  1458,
"endColumn":  32
}
}
}
]
}
