{
"issues":  [
{
"id":  "S1854",
"message":  "Remove this useless assignment to local variable \"expectedIdentity\".",
"location":  {
"uri":  "roslyn\\src\\Compilers\\Core\\CodeAnalysisTest\\AnalyzerFileReferenceTests.cs",
"region":  {
"startLine":  287,
"startColumn":  47,
"endLine":  287,
"endColumn":  53
}
}
},
{
"id":  "S1854",
"message":  "Remove this useless assignment to local variable \"retval\".",
"location":  {
"uri":  "roslyn\\src\\Compilers\\Core\\CodeAnalysisTest\\CachingLookupTests.cs",
"region":  {
"startLine":  272,
"startColumn":  20,
"endLine":  272,
"endColumn":  33
}
}
},
{
"id":  "S1854",
"message":  "Remove this useless assignment to local variable \"retval\".",
"location":  {
"uri":  "roslyn\\src\\Compilers\\Core\\CodeAnalysisTest\\CachingLookupTests.cs",
"region":  {
"startLine":  273,
"startColumn":  20,
"endLine":  273,
"endColumn":  33
}
}
},
{
"id":  "S1854",
"message":  "Remove this useless assignment to local variable \"retval\".",
"location":  {
"uri":  "roslyn\\src\\Compilers\\Core\\CodeAnalysisTest\\CachingLookupTests.cs",
"region":  {
"startLine":  274,
"startColumn":  20,
"endLine":  274,
"endColumn":  33
}
}
},
{
"id":  "S1854",
"message":  "Remove this useless assignment to local variable \"retval\".",
"location":  {
"uri":  "roslyn\\src\\Compilers\\Core\\CodeAnalysisTest\\CachingLookupTests.cs",
"region":  {
"startLine":  275,
"startColumn":  20,
"endLine":  275,
"endColumn":  33
}
}
},
{
"id":  "S1854",
"message":  "Remove this useless assignment to local variable \"retval\".",
"location":  {
"uri":  "roslyn\\src\\Compilers\\Core\\CodeAnalysisTest\\CachingLookupTests.cs",
"region":  {
"startLine":  276,
"startColumn":  20,
"endLine":  276,
"endColumn":  33
}
}
},
{
"id":  "S1854",
"message":  "Remove this useless assignment to local variable \"retval\".",
"location":  {
"uri":  "roslyn\\src\\Compilers\\Core\\CodeAnalysisTest\\CachingLookupTests.cs",
"region":  {
"startLine":  277,
"startColumn":  20,
"endLine":  277,
"endColumn":  33
}
}
},
{
"id":  "S1854",
"message":  "Remove this useless assignment to local variable \"retval\".",
"location":  {
"uri":  "roslyn\\src\\Compilers\\Core\\CodeAnalysisTest\\CachingLookupTests.cs",
"region":  {
"startLine":  279,
"startColumn":  20,
"endLine":  279,
"endColumn":  33
}
}
},
{
"id":  "S1854",
"message":  "Remove this useless assignment to local variable \"retval\".",
"location":  {
"uri":  "roslyn\\src\\Compilers\\Core\\CodeAnalysisTest\\CachingLookupTests.cs",
"region":  {
"startLine":  280,
"startColumn":  20,
"endLine":  280,
"endColumn":  33
}
}
},
{
"id":  "S1854",
"message":  "Remove this useless assignment to local variable \"retval\".",
"location":  {
"uri":  "roslyn\\src\\Compilers\\Core\\CodeAnalysisTest\\CachingLookupTests.cs",
"region":  {
"startLine":  281,
"startColumn":  20,
"endLine":  281,
"endColumn":  33
}
}
},
{
"id":  "S1854",
"message":  "Remove this useless assignment to local variable \"retval\".",
"location":  {
"uri":  "roslyn\\src\\Compilers\\Core\\CodeAnalysisTest\\CachingLookupTests.cs",
"region":  {
"startLine":  282,
"startColumn":  20,
"endLine":  282,
"endColumn":  33
}
}
},
{
"id":  "S1854",
"message":  "Remove this useless assignment to local variable \"retval\".",
"location":  {
"uri":  "roslyn\\src\\Compilers\\Core\\CodeAnalysisTest\\CachingLookupTests.cs",
"region":  {
"startLine":  283,
"startColumn":  20,
"endLine":  283,
"endColumn":  33
}
}
},
{
"id":  "S1854",
"message":  "Remove this useless assignment to local variable \"retval\".",
"location":  {
"uri":  "roslyn\\src\\Compilers\\Core\\CodeAnalysisTest\\CachingLookupTests.cs",
"region":  {
"startLine":  284,
"startColumn":  20,
"endLine":  284,
"endColumn":  33
}
}
},
{
"id":  "S1854",
"message":  "Remove this useless assignment to local variable \"unused1\".",
"location":  {
"uri":  "roslyn\\src\\Compilers\\Core\\CodeAnalysisTest\\Diagnostics\\DiagnosticLocalizationTests.cs",
"region":  {
"startLine":  290,
"startColumn":  25,
"endLine":  290,
"endColumn":  54
}
}
},
{
"id":  "S1854",
"message":  "Remove this useless assignment to local variable \"unused2\".",
"location":  {
"uri":  "roslyn\\src\\Compilers\\Core\\CodeAnalysisTest\\Diagnostics\\DiagnosticLocalizationTests.cs",
"region":  {
"startLine":  291,
"startColumn":  25,
"endLine":  291,
"endColumn":  56
}
}
},
{
"id":  "S1854",
"message":  "Remove this useless assignment to local variable \"unused3\".",
"location":  {
"uri":  "roslyn\\src\\Compilers\\Core\\CodeAnalysisTest\\Diagnostics\\DiagnosticLocalizationTests.cs",
"region":  {
"startLine":  292,
"startColumn":  25,
"endLine":  292,
"endColumn":  60
}
}
},
{
"id":  "S1854",
"message":  "Remove this useless assignment to local variable \"unused1\".",
"location":  {
"uri":  "roslyn\\src\\Compilers\\Core\\CodeAnalysisTest\\Diagnostics\\DiagnosticLocalizationTests.cs",
"region":  {
"startLine":  308,
"startColumn":  21,
"endLine":  308,
"endColumn":  54
}
}
},
{
"id":  "S1854",
"message":  "Remove this useless assignment to local variable \"unused2\".",
"location":  {
"uri":  "roslyn\\src\\Compilers\\Core\\CodeAnalysisTest\\Diagnostics\\DiagnosticLocalizationTests.cs",
"region":  {
"startLine":  309,
"startColumn":  21,
"endLine":  309,
"endColumn":  62
}
}
},
{
"id":  "S1854",
"message":  "Remove this useless assignment to local variable \"unused3\".",
"location":  {
"uri":  "roslyn\\src\\Compilers\\Core\\CodeAnalysisTest\\Diagnostics\\DiagnosticLocalizationTests.cs",
"region":  {
"startLine":  310,
"startColumn":  21,
"endLine":  310,
"endColumn":  60
}
}
},
{
"id":  "S1854",
"message":  "Remove this useless assignment to local variable \"policy\".",
"location":  {
"uri":  "roslyn\\src\\Compilers\\Core\\CodeAnalysisTest\\MetadataReferences\\AssemblyIdentityComparerTests.cs",
"region":  {
"startLine":  30,
"startColumn":  28,
"endLine":  30,
"endColumn":  64
}
}
},
{
"id":  "S1854",
"message":  "Remove this useless assignment to local variable \"fusionParts\".",
"location":  {
"uri":  "roslyn\\src\\Compilers\\Core\\CodeAnalysisTest\\MetadataReferences\\AssemblyIdentityDisplayNameTests.cs",
"region":  {
"startLine":  29,
"startColumn":  51,
"endLine":  29,
"endColumn":  54
}
}
},
{
"id":  "S1854",
"message":  "Remove this useless assignment to local variable \"fusionParts\".",
"location":  {
"uri":  "roslyn\\src\\Compilers\\Core\\CodeAnalysisTest\\MetadataReferences\\AssemblyIdentityDisplayNameTests.cs",
"region":  {
"startLine":  51,
"startColumn":  47,
"endLine":  51,
"endColumn":  50
}
}
},
{
"id":  "S1854",
"message":  "Remove this useless assignment to local variable \"id\".",
"location":  {
"uri":  "roslyn\\src\\Compilers\\Core\\CodeAnalysisTest\\MetadataReferences\\AssemblyIdentityDisplayNameTests.cs",
"region":  {
"startLine":  74,
"startColumn":  33,
"endLine":  74,
"endColumn":  39
}
}
},
{
"id":  "S1854",
"message":  "Remove this useless assignment to local variable \"id\".",
"location":  {
"uri":  "roslyn\\src\\Compilers\\Core\\CodeAnalysisTest\\MetadataReferences\\AssemblyIdentityDisplayNameTests.cs",
"region":  {
"startLine":  111,
"startColumn":  33,
"endLine":  111,
"endColumn":  39
}
}
},
{
"id":  "S1854",
"message":  "Remove this useless assignment to local variable \"nestedTypes\".",
"location":  {
"uri":  "roslyn\\src\\Compilers\\Core\\CodeAnalysisTest\\MetadataReferences\\MetadataHelpersTests.cs",
"region":  {
"startLine":  419,
"startColumn":  78,
"endLine":  419,
"endColumn":  84
}
}
},
{
"id":  "S1854",
"message":  "Remove this useless assignment to local variable \"nestedNamespaces\".",
"location":  {
"uri":  "roslyn\\src\\Compilers\\Core\\CodeAnalysisTest\\MetadataReferences\\MetadataHelpersTests.cs",
"region":  {
"startLine":  420,
"startColumn":  118,
"endLine":  420,
"endColumn":  124
}
}
},
{
"id":  "S1854",
"message":  "Remove this useless assignment to local variable \"nestedTypes\".",
"location":  {
"uri":  "roslyn\\src\\Compilers\\Core\\CodeAnalysisTest\\MetadataReferences\\MetadataHelpersTests.cs",
"region":  {
"startLine":  459,
"startColumn":  78,
"endLine":  459,
"endColumn":  84
}
}
},
{
"id":  "S1854",
"message":  "Remove this useless assignment to local variable \"nestedNamespaces\".",
"location":  {
"uri":  "roslyn\\src\\Compilers\\Core\\CodeAnalysisTest\\MetadataReferences\\MetadataHelpersTests.cs",
"region":  {
"startLine":  460,
"startColumn":  118,
"endLine":  460,
"endColumn":  124
}
}
}
]
}
