{
"issues":  [
{
"id":  "S100",
"message":  "Rename method \"CreateAPITest\" to match camel case naming rules, consider using \"CreateApiTest\".",
"location":  {
"uri":  "roslyn\\src\\Compilers\\CSharp\\Test\\Symbol\\Compilation\\CompilationAPITests.cs",
"region":  {
"startLine":  72,
"startColumn":  21,
"endLine":  72,
"endColumn":  34
}
}
},
{
"id":  "S100",
"message":  "Rename method \"ReferenceAPITest\" to match camel case naming rules, consider using \"ReferenceApiTest\".",
"location":  {
"uri":  "roslyn\\src\\Compilers\\CSharp\\Test\\Symbol\\Compilation\\CompilationAPITests.cs",
"region":  {
"startLine":  328,
"startColumn":  21,
"endLine":  328,
"endColumn":  37
}
}
},
{
"id":  "S100",
"message":  "Rename method \"SyntreeAPITest\" to match camel case naming rules, consider using \"SyntreeApiTest\".",
"location":  {
"uri":  "roslyn\\src\\Compilers\\CSharp\\Test\\Symbol\\Compilation\\CompilationAPITests.cs",
"region":  {
"startLine":  587,
"startColumn":  21,
"endLine":  587,
"endColumn":  35
}
}
},
{
"id":  "S100",
"message":  "Rename method \"LinkedNetmoduleMetadataMustProvideFullPEImage\" to match camel case naming rules, consider using \"LinkedNetmoduleMetadataMustProvideFullPeImage\".",
"location":  {
"uri":  "roslyn\\src\\Compilers\\CSharp\\Test\\Symbol\\Compilation\\CompilationAPITests.cs",
"region":  {
"startLine":  1992,
"startColumn":  28,
"endLine":  1992,
"endColumn":  73
}
}
},
{
"id":  "S100",
"message":  "Rename method \"GetMetadataReferenceAPITest\" to match camel case naming rules, consider using \"GetMetadataReferenceApiTest\".",
"location":  {
"uri":  "roslyn\\src\\Compilers\\CSharp\\Test\\Symbol\\Compilation\\CompilationAPITests.cs",
"region":  {
"startLine":  2111,
"startColumn":  21,
"endLine":  2111,
"endColumn":  48
}
}
},
{
"id":  "S100",
"message":  "Rename method \"TestArgumentsToGetSpeculativeSemanticModelAPI\" to match camel case naming rules, consider using \"TestArgumentsToGetSpeculativeSemanticModelApi\".",
"location":  {
"uri":  "roslyn\\src\\Compilers\\CSharp\\Test\\Symbol\\Compilation\\SemanticModelAPITests.cs",
"region":  {
"startLine":  1893,
"startColumn":  21,
"endLine":  1893,
"endColumn":  66
}
}
},
{
"id":  "S100",
"message":  "Rename method \"GetDeclaredSymbolDottedNSAPI\" to match camel case naming rules, consider using \"GetDeclaredSymbolDottedNsapi\".",
"location":  {
"uri":  "roslyn\\src\\Compilers\\CSharp\\Test\\Symbol\\Compilation\\SemanticModelGetDeclaredSymbolAPITests.cs",
"region":  {
"startLine":  2836,
"startColumn":  21,
"endLine":  2836,
"endColumn":  49
}
}
},
{
"id":  "S100",
"message":  "Rename method \"GetDeclaredSymbolGlobalSystemNSErr\" to match camel case naming rules, consider using \"GetDeclaredSymbolGlobalSystemNsErr\".",
"location":  {
"uri":  "roslyn\\src\\Compilers\\CSharp\\Test\\Symbol\\Compilation\\SemanticModelGetDeclaredSymbolAPITests.cs",
"region":  {
"startLine":  2869,
"startColumn":  21,
"endLine":  2869,
"endColumn":  55
}
}
},
{
"id":  "S100",
"message":  "Rename method \"GetDeclaredSymbolNSCrossComps\" to match camel case naming rules, consider using \"GetDeclaredSymbolNsCrossComps\".",
"location":  {
"uri":  "roslyn\\src\\Compilers\\CSharp\\Test\\Symbol\\Compilation\\SemanticModelGetDeclaredSymbolAPITests.cs",
"region":  {
"startLine":  3029,
"startColumn":  21,
"endLine":  3029,
"endColumn":  50
}
}
},
{
"id":  "S100",
"message":  "Rename method \"RHSExpressionInTryParent\" to match camel case naming rules, consider using \"RhsExpressionInTryParent\".",
"location":  {
"uri":  "roslyn\\src\\Compilers\\CSharp\\Test\\Symbol\\Compilation\\SemanticModelGetSemanticInfoTests.cs",
"region":  {
"startLine":  3913,
"startColumn":  21,
"endLine":  3913,
"endColumn":  45
}
}
},
{
"id":  "S100",
"message":  "Rename method \"PEProperty\" to match camel case naming rules, consider using \"PeProperty\".",
"location":  {
"uri":  "roslyn\\src\\Compilers\\CSharp\\Test\\Symbol\\Compilation\\SemanticModelGetSemanticInfoTests.cs",
"region":  {
"startLine":  4119,
"startColumn":  21,
"endLine":  4119,
"endColumn":  31
}
}
},
{
"id":  "S100",
"message":  "Rename method \"Bug11593a\" to match camel case naming rules, consider using \"Bug11593A\".",
"location":  {
"uri":  "roslyn\\src\\Compilers\\CSharp\\Test\\Symbol\\Symbols\\AnonymousTypesSymbolTests.cs",
"region":  {
"startLine":  1559,
"startColumn":  21,
"endLine":  1559,
"endColumn":  30
}
}
},
{
"id":  "S100",
"message":  "Rename method \"Bug11593b\" to match camel case naming rules, consider using \"Bug11593B\".",
"location":  {
"uri":  "roslyn\\src\\Compilers\\CSharp\\Test\\Symbol\\Symbols\\AnonymousTypesSymbolTests.cs",
"region":  {
"startLine":  1596,
"startColumn":  21,
"endLine":  1596,
"endColumn":  30
}
}
},
{
"id":  "S100",
"message":  "Rename method \"VBExtensionMethod\" to match camel case naming rules, consider using \"VbExtensionMethod\".",
"location":  {
"uri":  "roslyn\\src\\Compilers\\CSharp\\Test\\Symbol\\Symbols\\ExtensionMethodTests.cs",
"region":  {
"startLine":  3146,
"startColumn":  21,
"endLine":  3146,
"endColumn":  38
}
}
},
{
"id":  "S100",
"message":  "Rename method \"NoPIAInterfaceInheritsGenericInterface\" to match camel case naming rules, consider using \"NoPiaInterfaceInheritsGenericInterface\".",
"location":  {
"uri":  "roslyn\\src\\Compilers\\CSharp\\Test\\Symbol\\Symbols\\Metadata\\PE\\NoPiaInstantiationOfGenericClassAndStruct.cs",
"region":  {
"startLine":  100,
"startColumn":  21,
"endLine":  100,
"endColumn":  59
}
}
},
{
"id":  "S100",
"message":  "Rename method \"NoPIALocalClassInheritsGenericTypeWithPIATypeParameters\" to match camel case naming rules, consider using \"NoPiaLocalClassInheritsGenericTypeWithPiaTypeParameters\".",
"location":  {
"uri":  "roslyn\\src\\Compilers\\CSharp\\Test\\Symbol\\Symbols\\Metadata\\PE\\NoPiaInstantiationOfGenericClassAndStruct.cs",
"region":  {
"startLine":  118,
"startColumn":  21,
"endLine":  118,
"endColumn":  76
}
}
},
{
"id":  "S100",
"message":  "Rename method \"NoPIALocalStructImplementInterfaceThatInheritsGenericTypeWithPIATypeParameters\" to match camel case naming rules, consider using \"NoPiaLocalStructImplementInterfaceThatInheritsGenericTypeWithPiaTypeParameters\".",
"location":  {
"uri":  "roslyn\\src\\Compilers\\CSharp\\Test\\Symbol\\Symbols\\Metadata\\PE\\NoPiaInstantiationOfGenericClassAndStruct.cs",
"region":  {
"startLine":  147,
"startColumn":  21,
"endLine":  147,
"endColumn":  99
}
}
},
{
"id":  "S100",
"message":  "Rename method \"NoPiaIllegalGenericInstantiationSymbolForPropertyThatTakesGenericOfPIAType\" to match camel case naming rules, consider using \"NoPiaIllegalGenericInstantiationSymbolForPropertyThatTakesGenericOfPiaType\".",
"location":  {
"uri":  "roslyn\\src\\Compilers\\CSharp\\Test\\Symbol\\Symbols\\Metadata\\PE\\NoPiaInstantiationOfGenericClassAndStruct.cs",
"region":  {
"startLine":  165,
"startColumn":  21,
"endLine":  165,
"endColumn":  95
}
}
},
{
"id":  "S100",
"message":  "Rename method \"NoPiaIllegalGenericInstantiationSymbolForPropertyThatTakesGenericOfPIAType2\" to match camel case naming rules, consider using \"NoPiaIllegalGenericInstantiationSymbolForPropertyThatTakesGenericOfPiaType2\".",
"location":  {
"uri":  "roslyn\\src\\Compilers\\CSharp\\Test\\Symbol\\Symbols\\Metadata\\PE\\NoPiaInstantiationOfGenericClassAndStruct.cs",
"region":  {
"startLine":  184,
"startColumn":  21,
"endLine":  184,
"endColumn":  96
}
}
},
{
"id":  "S100",
"message":  "Rename method \"NoPIAClassThatInheritsGenericOfNoPIAType\" to match camel case naming rules, consider using \"NoPiaClassThatInheritsGenericOfNoPiaType\".",
"location":  {
"uri":  "roslyn\\src\\Compilers\\CSharp\\Test\\Symbol\\Symbols\\Metadata\\PE\\NoPiaInstantiationOfGenericClassAndStruct.cs",
"region":  {
"startLine":  414,
"startColumn":  21,
"endLine":  414,
"endColumn":  61
}
}
},
{
"id":  "S100",
"message":  "Rename method \"NoPIATypeImplementingAnInterfaceThatInheritsIGenericOfNoPiaType\" to match camel case naming rules, consider using \"NoPiaTypeImplementingAnInterfaceThatInheritsIGenericOfNoPiaType\".",
"location":  {
"uri":  "roslyn\\src\\Compilers\\CSharp\\Test\\Symbol\\Symbols\\Metadata\\PE\\NoPiaInstantiationOfGenericClassAndStruct.cs",
"region":  {
"startLine":  454,
"startColumn":  21,
"endLine":  454,
"endColumn":  84
}
}
},
{
"id":  "S100",
"message":  "Rename method \"NoPIAGenericsAssemblyRefsWithClassThatInheritsGenericOfNoPiaType\" to match camel case naming rules, consider using \"NoPiaGenericsAssemblyRefsWithClassThatInheritsGenericOfNoPiaType\".",
"location":  {
"uri":  "roslyn\\src\\Compilers\\CSharp\\Test\\Symbol\\Symbols\\Metadata\\PE\\NoPiaInstantiationOfGenericClassAndStruct.cs",
"region":  {
"startLine":  491,
"startColumn":  21,
"endLine":  491,
"endColumn":  85
}
}
},
{
"id":  "S100",
"message":  "Rename method \"NoPIAGenericsAssemblyRefs3\" to match camel case naming rules, consider using \"NoPiaGenericsAssemblyRefs3\".",
"location":  {
"uri":  "roslyn\\src\\Compilers\\CSharp\\Test\\Symbol\\Symbols\\Metadata\\PE\\NoPiaInstantiationOfGenericClassAndStruct.cs",
"region":  {
"startLine":  507,
"startColumn":  21,
"endLine":  507,
"endColumn":  47
}
}
},
{
"id":  "S100",
"message":  "Rename method \"NoPiaTypeEquivalenceBetweenPIATypeInExternalAndLocalAssembly\" to match camel case naming rules, consider using \"NoPiaTypeEquivalenceBetweenPiaTypeInExternalAndLocalAssembly\".",
"location":  {
"uri":  "roslyn\\src\\Compilers\\CSharp\\Test\\Symbol\\Symbols\\Metadata\\PE\\NoPiaLocalHideAndTypeSubstitutionTests.cs",
"region":  {
"startLine":  19,
"startColumn":  21,
"endLine":  19,
"endColumn":  81
}
}
},
{
"id":  "S100",
"message":  "Rename method \"NoPiaTypeSubstitutionReferToAnotherAssemblyLocalDefOfPIAInterface\" to match camel case naming rules, consider using \"NoPiaTypeSubstitutionReferToAnotherAssemblyLocalDefOfPiaInterface\".",
"location":  {
"uri":  "roslyn\\src\\Compilers\\CSharp\\Test\\Symbol\\Symbols\\Metadata\\PE\\NoPiaLocalHideAndTypeSubstitutionTests.cs",
"region":  {
"startLine":  46,
"startColumn":  21,
"endLine":  46,
"endColumn":  86
}
}
},
{
"id":  "S100",
"message":  "Rename method \"NoPIALocalTypesEquivalentToEachOtherStructAsMethodParameterType\" to match camel case naming rules, consider using \"NoPiaLocalTypesEquivalentToEachOtherStructAsMethodParameterType\".",
"location":  {
"uri":  "roslyn\\src\\Compilers\\CSharp\\Test\\Symbol\\Symbols\\Metadata\\PE\\NoPiaLocalHideAndTypeSubstitutionTests.cs",
"region":  {
"startLine":  103,
"startColumn":  21,
"endLine":  103,
"endColumn":  84
}
}
},
{
"id":  "S100",
"message":  "Rename method \"NoPIALocalTypesEquivalentToEachOtherInterfaceAsMethodParameterType\" to match camel case naming rules, consider using \"NoPiaLocalTypesEquivalentToEachOtherInterfaceAsMethodParameterType\".",
"location":  {
"uri":  "roslyn\\src\\Compilers\\CSharp\\Test\\Symbol\\Symbols\\Metadata\\PE\\NoPiaLocalHideAndTypeSubstitutionTests.cs",
"region":  {
"startLine":  151,
"startColumn":  21,
"endLine":  151,
"endColumn":  87
}
}
},
{
"id":  "S100",
"message":  "Rename method \"NoPIALocalTypesEquivalentToEachOtherEnumAsReturnTypeInExternalAssembly\" to match camel case naming rules, consider using \"NoPiaLocalTypesEquivalentToEachOtherEnumAsReturnTypeInExternalAssembly\".",
"location":  {
"uri":  "roslyn\\src\\Compilers\\CSharp\\Test\\Symbol\\Symbols\\Metadata\\PE\\NoPiaLocalHideAndTypeSubstitutionTests.cs",
"region":  {
"startLine":  206,
"startColumn":  21,
"endLine":  206,
"endColumn":  91
}
}
},
{
"id":  "S100",
"message":  "Rename method \"NoPIALocalTypesEquivalentToEachOtherInterfaceAsReturnTypeInExternalAssembly\" to match camel case naming rules, consider using \"NoPiaLocalTypesEquivalentToEachOtherInterfaceAsReturnTypeInExternalAssembly\".",
"location":  {
"uri":  "roslyn\\src\\Compilers\\CSharp\\Test\\Symbol\\Symbols\\Metadata\\PE\\NoPiaLocalHideAndTypeSubstitutionTests.cs",
"region":  {
"startLine":  247,
"startColumn":  21,
"endLine":  247,
"endColumn":  96
}
}
},
{
"id":  "S100",
"message":  "Rename method \"NoPIALocalTypesEquivalentToEachOtherDelegateAsReturnTypeInExternalAssembly\" to match camel case naming rules, consider using \"NoPiaLocalTypesEquivalentToEachOtherDelegateAsReturnTypeInExternalAssembly\".",
"location":  {
"uri":  "roslyn\\src\\Compilers\\CSharp\\Test\\Symbol\\Symbols\\Metadata\\PE\\NoPiaLocalHideAndTypeSubstitutionTests.cs",
"region":  {
"startLine":  278,
"startColumn":  21,
"endLine":  278,
"endColumn":  95
}
}
},
{
"id":  "S100",
"message":  "Rename method \"NoPIATypeSubstitutionForClassThatImplementNoPiaInterface\" to match camel case naming rules, consider using \"NoPiaTypeSubstitutionForClassThatImplementNoPiaInterface\".",
"location":  {
"uri":  "roslyn\\src\\Compilers\\CSharp\\Test\\Symbol\\Symbols\\Metadata\\PE\\NoPiaLocalHideAndTypeSubstitutionTests.cs",
"region":  {
"startLine":  311,
"startColumn":  21,
"endLine":  311,
"endColumn":  77
}
}
},
{
"id":  "S100",
"message":  "Rename method \"NoPIATypeSubstitutionForMethodExplicitlyImplementNoPiaInterface\" to match camel case naming rules, consider using \"NoPiaTypeSubstitutionForMethodExplicitlyImplementNoPiaInterface\".",
"location":  {
"uri":  "roslyn\\src\\Compilers\\CSharp\\Test\\Symbol\\Symbols\\Metadata\\PE\\NoPiaLocalHideAndTypeSubstitutionTests.cs",
"region":  {
"startLine":  333,
"startColumn":  21,
"endLine":  333,
"endColumn":  84
}
}
},
{
"id":  "S100",
"message":  "Rename method \"NoPiaLeaveOutAllidentifyingAttributesOnAStructButUseItInAPIAInterface\" to match camel case naming rules, consider using \"NoPiaLeaveOutAllidentifyingAttributesOnAStructButUseItInApiaInterface\".",
"location":  {
"uri":  "roslyn\\src\\Compilers\\CSharp\\Test\\Symbol\\Symbols\\Metadata\\PE\\NoPiaLocalHideAndTypeSubstitutionTests.cs",
"region":  {
"startLine":  379,
"startColumn":  21,
"endLine":  379,
"endColumn":  90
}
}
},
{
"id":  "S100",
"message":  "Rename method \"EnumEOFBeforeMembers\" to match camel case naming rules, consider using \"EnumEofBeforeMembers\".",
"location":  {
"uri":  "roslyn\\src\\Compilers\\CSharp\\Test\\Symbol\\Symbols\\Source\\EnumTests.cs",
"region":  {
"startLine":  137,
"startColumn":  21,
"endLine":  137,
"endColumn":  41
}
}
},
{
"id":  "S100",
"message":  "Rename method \"EnumEOFWithinMembers\" to match camel case naming rules, consider using \"EnumEofWithinMembers\".",
"location":  {
"uri":  "roslyn\\src\\Compilers\\CSharp\\Test\\Symbol\\Symbols\\Source\\EnumTests.cs",
"region":  {
"startLine":  149,
"startColumn":  21,
"endLine":  149,
"endColumn":  41
}
}
},
{
"id":  "S100",
"message":  "Rename method \"partialAsEnumName\" to match camel case naming rules, consider using \"PartialAsEnumName\".",
"location":  {
"uri":  "roslyn\\src\\Compilers\\CSharp\\Test\\Symbol\\Symbols\\Source\\EnumTests.cs",
"region":  {
"startLine":  693,
"startColumn":  21,
"endLine":  693,
"endColumn":  38
}
}
},
{
"id":  "S100",
"message":  "Rename method \"RTSpecialName\" to match camel case naming rules, consider using \"RtSpecialName\".",
"location":  {
"uri":  "roslyn\\src\\Compilers\\CSharp\\Test\\Symbol\\Symbols\\Source\\FieldTests.cs",
"region":  {
"startLine":  420,
"startColumn":  21,
"endLine":  420,
"endColumn":  34
}
}
}
]
}
