{
"issues":  [
{
"id":  "S1186",
"message":  "Add a nested comment explaining why this method is empty, throw a \"NotSupportedException\" or complete the implementation.",
"location":  {
"uri":  "roslyn\\src\\Compilers\\CSharp\\Test\\Symbol\\Symbols\\LookupSymbolsInfoTests.cs",
"region":  {
"startLine":  30,
"startColumn":  25,
"endLine":  30,
"endColumn":  32
}
}
},
{
"id":  "S1186",
"message":  "Add a nested comment explaining why this method is empty, throw a \"NotSupportedException\" or complete the implementation.",
"location":  {
"uri":  "roslyn\\src\\Compilers\\CSharp\\Test\\Symbol\\Symbols\\Metadata\\PE\\LoadingIndexers.cs",
"region":  {
"startLine":  1171,
"startColumn":  21,
"endLine":  1171,
"endColumn":  47
}
}
},
{
"id":  "S1186",
"message":  "Add a nested comment explaining why this method is empty, throw a \"NotSupportedException\" or complete the implementation.",
"location":  {
"uri":  "roslyn\\src\\Compilers\\CSharp\\Test\\Symbol\\Symbols\\Metadata\\PE\\LoadingIndexers.cs",
"region":  {
"startLine":  1176,
"startColumn":  21,
"endLine":  1176,
"endColumn":  35
}
}
},
{
"id":  "S1186",
"message":  "Add a nested comment explaining why this method is empty, throw a \"NotSupportedException\" or complete the implementation.",
"location":  {
"uri":  "roslyn\\src\\Compilers\\CSharp\\Test\\Symbol\\Symbols\\Metadata\\PE\\LoadingIndexers.cs",
"region":  {
"startLine":  1181,
"startColumn":  21,
"endLine":  1181,
"endColumn":  31
}
}
}
]
}
