{
"issues":  [
{
"id":  "S2369",
"message":  "Rename \"desc1\" to match the regular expression: \"^([A-Z]{1,3}[a-z0-9]+)*([A-Z]{2})?$\".",
"location":  {
"uri":  "roslyn\\src\\Compilers\\VisualBasic\\Test\\Semantic\\Diagnostics\\DiagnosticAnalyzerTests.vb",
"region":  {
"startLine":  208,
"startColumn":  27,
"endLine":  208,
"endColumn":  32
}
}
},
{
"id":  "S2369",
"message":  "Rename \"desc2\" to match the regular expression: \"^([A-Z]{1,3}[a-z0-9]+)*([A-Z]{2})?$\".",
"location":  {
"uri":  "roslyn\\src\\Compilers\\VisualBasic\\Test\\Semantic\\Diagnostics\\DiagnosticAnalyzerTests.vb",
"region":  {
"startLine":  209,
"startColumn":  27,
"endLine":  209,
"endColumn":  32
}
}
},
{
"id":  "S2369",
"message":  "Rename \"desc1\" to match the regular expression: \"^([A-Z]{1,3}[a-z0-9]+)*([A-Z]{2})?$\".",
"location":  {
"uri":  "roslyn\\src\\Compilers\\VisualBasic\\Test\\Semantic\\Diagnostics\\DiagnosticAnalyzerTests.vb",
"region":  {
"startLine":  224,
"startColumn":  27,
"endLine":  224,
"endColumn":  32
}
}
},
{
"id":  "S2369",
"message":  "Rename \"desc2\" to match the regular expression: \"^([A-Z]{1,3}[a-z0-9]+)*([A-Z]{2})?$\".",
"location":  {
"uri":  "roslyn\\src\\Compilers\\VisualBasic\\Test\\Semantic\\Diagnostics\\DiagnosticAnalyzerTests.vb",
"region":  {
"startLine":  225,
"startColumn":  27,
"endLine":  225,
"endColumn":  32
}
}
},
{
"id":  "S2369",
"message":  "Rename \"desc1\" to match the regular expression: \"^([A-Z]{1,3}[a-z0-9]+)*([A-Z]{2})?$\".",
"location":  {
"uri":  "roslyn\\src\\Compilers\\VisualBasic\\Test\\Semantic\\Diagnostics\\DiagnosticAnalyzerTests.vb",
"region":  {
"startLine":  258,
"startColumn":  27,
"endLine":  258,
"endColumn":  32
}
}
},
{
"id":  "S2369",
"message":  "Rename \"desc1\" to match the regular expression: \"^([A-Z]{1,3}[a-z0-9]+)*([A-Z]{2})?$\".",
"location":  {
"uri":  "roslyn\\src\\Compilers\\VisualBasic\\Test\\Semantic\\Diagnostics\\DiagnosticAnalyzerTests.vb",
"region":  {
"startLine":  297,
"startColumn":  27,
"endLine":  297,
"endColumn":  32
}
}
},
{
"id":  "S2369",
"message":  "Rename \"desc1\" to match the regular expression: \"^([A-Z]{1,3}[a-z0-9]+)*([A-Z]{2})?$\".",
"location":  {
"uri":  "roslyn\\src\\Compilers\\VisualBasic\\Test\\Semantic\\Diagnostics\\DiagnosticAnalyzerTests.vb",
"region":  {
"startLine":  343,
"startColumn":  27,
"endLine":  343,
"endColumn":  32
}
}
},
{
"id":  "S2369",
"message":  "Rename \"desc1\" to match the regular expression: \"^([A-Z]{1,3}[a-z0-9]+)*([A-Z]{2})?$\".",
"location":  {
"uri":  "roslyn\\src\\Compilers\\VisualBasic\\Test\\Semantic\\Diagnostics\\DiagnosticAnalyzerTests.vb",
"region":  {
"startLine":  492,
"startColumn":  27,
"endLine":  492,
"endColumn":  32
}
}
},
{
"id":  "S2369",
"message":  "Rename \"desc1\" to match the regular expression: \"^([A-Z]{1,3}[a-z0-9]+)*([A-Z]{2})?$\".",
"location":  {
"uri":  "roslyn\\src\\Compilers\\VisualBasic\\Test\\Semantic\\Diagnostics\\DiagnosticAnalyzerTests.vb",
"region":  {
"startLine":  557,
"startColumn":  27,
"endLine":  557,
"endColumn":  32
}
}
}
]
}
