{
"issues":  [
{
"id":  "S103",
"message":  "Split this 2343 characters long line (which is greater than 200 authorized).",
"location":  {
"uri":  "roslyn\\src\\Compilers\\CSharp\\Test\\Syntax\\Diagnostics\\DiagnosticTest.cs",
"region":  {
"startLine":  1667,
"startColumn":  1,
"endLine":  1667,
"endColumn":  2344
}
}
},
{
"id":  "S103",
"message":  "Split this 2375 characters long line (which is greater than 200 authorized).",
"location":  {
"uri":  "roslyn\\src\\Compilers\\CSharp\\Test\\Syntax\\Diagnostics\\DiagnosticTest.cs",
"region":  {
"startLine":  1672,
"startColumn":  1,
"endLine":  1672,
"endColumn":  2376
}
}
},
{
"id":  "S103",
"message":  "Split this 2375 characters long line (which is greater than 200 authorized).",
"location":  {
"uri":  "roslyn\\src\\Compilers\\CSharp\\Test\\Syntax\\Diagnostics\\DiagnosticTest.cs",
"region":  {
"startLine":  1675,
"startColumn":  1,
"endLine":  1675,
"endColumn":  2376
}
}
},
{
"id":  "S103",
"message":  "Split this 205 characters long line (which is greater than 200 authorized).",
"location":  {
"uri":  "roslyn\\src\\Compilers\\CSharp\\Test\\Syntax\\Diagnostics\\LocationsTests.cs",
"region":  {
"startLine":  473,
"startColumn":  1,
"endLine":  473,
"endColumn":  206
}
}
},
{
"id":  "S103",
"message":  "Split this 234 characters long line (which is greater than 200 authorized).",
"location":  {
"uri":  "roslyn\\src\\Compilers\\CSharp\\Test\\Syntax\\IncrementalParsing\\IncrementalParsingTests.cs",
"region":  {
"startLine":  520,
"startColumn":  1,
"endLine":  520,
"endColumn":  235
}
}
},
{
"id":  "S103",
"message":  "Split this 202 characters long line (which is greater than 200 authorized).",
"location":  {
"uri":  "roslyn\\src\\Compilers\\CSharp\\Test\\Syntax\\IncrementalParsing\\IncrementalParsingTests.cs",
"region":  {
"startLine":  1562,
"startColumn":  1,
"endLine":  1562,
"endColumn":  203
}
}
},
{
"id":  "S103",
"message":  "Split this 213 characters long line (which is greater than 200 authorized).",
"location":  {
"uri":  "roslyn\\src\\Compilers\\CSharp\\Test\\Syntax\\LexicalAndXml\\CrefLexerTests.cs",
"region":  {
"startLine":  292,
"startColumn":  1,
"endLine":  292,
"endColumn":  214
}
}
},
{
"id":  "S103",
"message":  "Split this 214 characters long line (which is greater than 200 authorized).",
"location":  {
"uri":  "roslyn\\src\\Compilers\\CSharp\\Test\\Syntax\\LexicalAndXml\\CrefLexerTests.cs",
"region":  {
"startLine":  296,
"startColumn":  1,
"endLine":  296,
"endColumn":  215
}
}
},
{
"id":  "S103",
"message":  "Split this 309 characters long line (which is greater than 200 authorized).",
"location":  {
"uri":  "roslyn\\src\\Compilers\\CSharp\\Test\\Syntax\\LexicalAndXml\\LexicalTests.cs",
"region":  {
"startLine":  117,
"startColumn":  1,
"endLine":  117,
"endColumn":  310
}
}
},
{
"id":  "S103",
"message":  "Split this 309 characters long line (which is greater than 200 authorized).",
"location":  {
"uri":  "roslyn\\src\\Compilers\\CSharp\\Test\\Syntax\\LexicalAndXml\\LexicalTests.cs",
"region":  {
"startLine":  657,
"startColumn":  1,
"endLine":  657,
"endColumn":  310
}
}
},
{
"id":  "S103",
"message":  "Split this 325 characters long line (which is greater than 200 authorized).",
"location":  {
"uri":  "roslyn\\src\\Compilers\\CSharp\\Test\\Syntax\\LexicalAndXml\\LexicalTests.cs",
"region":  {
"startLine":  665,
"startColumn":  1,
"endLine":  665,
"endColumn":  326
}
}
},
{
"id":  "S103",
"message":  "Split this 213 characters long line (which is greater than 200 authorized).",
"location":  {
"uri":  "roslyn\\src\\Compilers\\CSharp\\Test\\Syntax\\LexicalAndXml\\NameAttributeValueLexerTests.cs",
"region":  {
"startLine":  299,
"startColumn":  1,
"endLine":  299,
"endColumn":  214
}
}
},
{
"id":  "S103",
"message":  "Split this 214 characters long line (which is greater than 200 authorized).",
"location":  {
"uri":  "roslyn\\src\\Compilers\\CSharp\\Test\\Syntax\\LexicalAndXml\\NameAttributeValueLexerTests.cs",
"region":  {
"startLine":  303,
"startColumn":  1,
"endLine":  303,
"endColumn":  215
}
}
},
{
"id":  "S103",
"message":  "Split this 208 characters long line (which is greater than 200 authorized).",
"location":  {
"uri":  "roslyn\\src\\Compilers\\CSharp\\Test\\Syntax\\LexicalAndXml\\PreprocessorTests.cs",
"region":  {
"startLine":  1714,
"startColumn":  1,
"endLine":  1714,
"endColumn":  209
}
}
},
{
"id":  "S103",
"message":  "Split this 201 characters long line (which is greater than 200 authorized).",
"location":  {
"uri":  "roslyn\\src\\Compilers\\CSharp\\Test\\Syntax\\LexicalAndXml\\PreprocessorTests.cs",
"region":  {
"startLine":  3808,
"startColumn":  1,
"endLine":  3808,
"endColumn":  202
}
}
},
{
"id":  "S103",
"message":  "Split this 205 characters long line (which is greater than 200 authorized).",
"location":  {
"uri":  "roslyn\\src\\Compilers\\CSharp\\Test\\Syntax\\Parsing\\CSharpParseOptionsTests.cs",
"region":  {
"startLine":  35,
"startColumn":  1,
"endLine":  35,
"endColumn":  206
}
}
},
{
"id":  "S103",
"message":  "Split this 19566 characters long line (which is greater than 200 authorized).",
"location":  {
"uri":  "roslyn\\src\\Compilers\\CSharp\\Test\\Syntax\\Parsing\\ExpressionParsingTests.cs",
"region":  {
"startLine":  2260,
"startColumn":  1,
"endLine":  2260,
"endColumn":  19567
}
}
},
{
"id":  "S103",
"message":  "Split this 215 characters long line (which is greater than 200 authorized).",
"location":  {
"uri":  "roslyn\\src\\Compilers\\CSharp\\Test\\Syntax\\Parsing\\ParserErrorMessageTests.cs",
"region":  {
"startLine":  430,
"startColumn":  1,
"endLine":  430,
"endColumn":  216
}
}
},
{
"id":  "S103",
"message":  "Split this 215 characters long line (which is greater than 200 authorized).",
"location":  {
"uri":  "roslyn\\src\\Compilers\\CSharp\\Test\\Syntax\\Parsing\\ParserErrorMessageTests.cs",
"region":  {
"startLine":  436,
"startColumn":  1,
"endLine":  436,
"endColumn":  216
}
}
},
{
"id":  "S103",
"message":  "Split this 215 characters long line (which is greater than 200 authorized).",
"location":  {
"uri":  "roslyn\\src\\Compilers\\CSharp\\Test\\Syntax\\Parsing\\ParserErrorMessageTests.cs",
"region":  {
"startLine":  442,
"startColumn":  1,
"endLine":  442,
"endColumn":  216
}
}
},
{
"id":  "S103",
"message":  "Split this 216 characters long line (which is greater than 200 authorized).",
"location":  {
"uri":  "roslyn\\src\\Compilers\\CSharp\\Test\\Syntax\\Parsing\\ParserErrorMessageTests.cs",
"region":  {
"startLine":  451,
"startColumn":  1,
"endLine":  451,
"endColumn":  217
}
}
},
{
"id":  "S103",
"message":  "Split this 216 characters long line (which is greater than 200 authorized).",
"location":  {
"uri":  "roslyn\\src\\Compilers\\CSharp\\Test\\Syntax\\Parsing\\ParserErrorMessageTests.cs",
"region":  {
"startLine":  463,
"startColumn":  1,
"endLine":  463,
"endColumn":  217
}
}
},
{
"id":  "S103",
"message":  "Split this 215 characters long line (which is greater than 200 authorized).",
"location":  {
"uri":  "roslyn\\src\\Compilers\\CSharp\\Test\\Syntax\\Parsing\\ParserErrorMessageTests.cs",
"region":  {
"startLine":  724,
"startColumn":  1,
"endLine":  724,
"endColumn":  216
}
}
},
{
"id":  "S103",
"message":  "Split this 215 characters long line (which is greater than 200 authorized).",
"location":  {
"uri":  "roslyn\\src\\Compilers\\CSharp\\Test\\Syntax\\Parsing\\ParserErrorMessageTests.cs",
"region":  {
"startLine":  730,
"startColumn":  1,
"endLine":  730,
"endColumn":  216
}
}
},
{
"id":  "S103",
"message":  "Split this 215 characters long line (which is greater than 200 authorized).",
"location":  {
"uri":  "roslyn\\src\\Compilers\\CSharp\\Test\\Syntax\\Parsing\\ParserErrorMessageTests.cs",
"region":  {
"startLine":  736,
"startColumn":  1,
"endLine":  736,
"endColumn":  216
}
}
},
{
"id":  "S103",
"message":  "Split this 215 characters long line (which is greater than 200 authorized).",
"location":  {
"uri":  "roslyn\\src\\Compilers\\CSharp\\Test\\Syntax\\Parsing\\ParserErrorMessageTests.cs",
"region":  {
"startLine":  745,
"startColumn":  1,
"endLine":  745,
"endColumn":  216
}
}
},
{
"id":  "S103",
"message":  "Split this 338 characters long line (which is greater than 200 authorized).",
"location":  {
"uri":  "roslyn\\src\\Compilers\\CSharp\\Test\\Syntax\\Parsing\\ParserRegressionTests.cs",
"region":  {
"startLine":  16,
"startColumn":  1,
"endLine":  16,
"endColumn":  339
}
}
},
{
"id":  "S103",
"message":  "Split this 319 characters long line (which is greater than 200 authorized).",
"location":  {
"uri":  "roslyn\\src\\Compilers\\CSharp\\Test\\Syntax\\Parsing\\ParserRegressionTests.cs",
"region":  {
"startLine":  25,
"startColumn":  1,
"endLine":  25,
"endColumn":  320
}
}
},
{
"id":  "S103",
"message":  "Split this 460 characters long line (which is greater than 200 authorized).",
"location":  {
"uri":  "roslyn\\src\\Compilers\\CSharp\\Test\\Syntax\\Parsing\\ParserRegressionTests.cs",
"region":  {
"startLine":  34,
"startColumn":  1,
"endLine":  34,
"endColumn":  461
}
}
},
{
"id":  "S103",
"message":  "Split this 399 characters long line (which is greater than 200 authorized).",
"location":  {
"uri":  "roslyn\\src\\Compilers\\CSharp\\Test\\Syntax\\Parsing\\ParserRegressionTests.cs",
"region":  {
"startLine":  44,
"startColumn":  1,
"endLine":  44,
"endColumn":  400
}
}
},
{
"id":  "S103",
"message":  "Split this 518 characters long line (which is greater than 200 authorized).",
"location":  {
"uri":  "roslyn\\src\\Compilers\\CSharp\\Test\\Syntax\\Parsing\\ParserRegressionTests.cs",
"region":  {
"startLine":  54,
"startColumn":  1,
"endLine":  54,
"endColumn":  519
}
}
},
{
"id":  "S103",
"message":  "Split this 1584 characters long line (which is greater than 200 authorized).",
"location":  {
"uri":  "roslyn\\src\\Compilers\\CSharp\\Test\\Syntax\\Parsing\\ParserRegressionTests.cs",
"region":  {
"startLine":  74,
"startColumn":  1,
"endLine":  74,
"endColumn":  1585
}
}
},
{
"id":  "S103",
"message":  "Split this 243 characters long line (which is greater than 200 authorized).",
"location":  {
"uri":  "roslyn\\src\\Compilers\\CSharp\\Test\\Syntax\\Syntax\\SyntaxFactoryTests.cs",
"region":  {
"startLine":  131,
"startColumn":  1,
"endLine":  131,
"endColumn":  244
}
}
},
{
"id":  "S103",
"message":  "Split this 204 characters long line (which is greater than 200 authorized).",
"location":  {
"uri":  "roslyn\\src\\Compilers\\CSharp\\Test\\Syntax\\Syntax\\SyntaxNodeTests.cs",
"region":  {
"startLine":  1620,
"startColumn":  1,
"endLine":  1620,
"endColumn":  205
}
}
},
{
"id":  "S103",
"message":  "Split this 238 characters long line (which is greater than 200 authorized).",
"location":  {
"uri":  "roslyn\\src\\Compilers\\CSharp\\Test\\Syntax\\Syntax\\SyntaxNodeTests.cs",
"region":  {
"startLine":  1644,
"startColumn":  1,
"endLine":  1644,
"endColumn":  239
}
}
},
{
"id":  "S103",
"message":  "Split this 238 characters long line (which is greater than 200 authorized).",
"location":  {
"uri":  "roslyn\\src\\Compilers\\CSharp\\Test\\Syntax\\Syntax\\SyntaxNodeTests.cs",
"region":  {
"startLine":  1681,
"startColumn":  1,
"endLine":  1681,
"endColumn":  239
}
}
},
{
"id":  "S103",
"message":  "Split this 204 characters long line (which is greater than 200 authorized).",
"location":  {
"uri":  "roslyn\\src\\Compilers\\CSharp\\Test\\Syntax\\Syntax\\SyntaxNormalizerTests.cs",
"region":  {
"startLine":  161,
"startColumn":  1,
"endLine":  161,
"endColumn":  205
}
}
}
]
}
