{
"issues":  [
{
"id":  "S101",
"message":  "Rename class \"DiagnosticOnly_TPLListener\" to match camel case naming rules, consider using \"DiagnosticOnly_TplListener\".",
"location":  {
"uri":  "roslyn\\src\\Test\\Diagnostics\\DiagnosticOnly_TPLListener.cs",
"region":  {
"startLine":  17,
"startColumn":  25,
"endLine":  17,
"endColumn":  51
}
}
},
{
"id":  "S101",
"message":  "Rename class \"TPLListener\" to match camel case naming rules, consider using \"TplListener\".",
"location":  {
"uri":  "roslyn\\src\\Test\\Diagnostics\\DiagnosticOnly_TPLListener.cs",
"region":  {
"startLine":  41,
"startColumn":  30,
"endLine":  41,
"endColumn":  41
}
}
}
]
}
