{
"issues":  [
{
"id":  "S100",
"message":  "Rename method \"TestInPPIf\" to match camel case naming rules, consider using \"TestInPpIf\".",
"location":  {
"uri":  "roslyn\\src\\EditorFeatures\\CSharpTest2\\Recommendations\\FalseKeywordRecommenderTests.cs",
"region":  {
"startLine":  81,
"startColumn":  27,
"endLine":  81,
"endColumn":  37
}
}
},
{
"id":  "S100",
"message":  "Rename method \"TestInPPElIf\" to match camel case naming rules, consider using \"TestInPpElIf\".",
"location":  {
"uri":  "roslyn\\src\\EditorFeatures\\CSharpTest2\\Recommendations\\FalseKeywordRecommenderTests.cs",
"region":  {
"startLine":  130,
"startColumn":  27,
"endLine":  130,
"endColumn":  39
}
}
},
{
"id":  "S100",
"message":  "Rename method \"TestNotInPPIf\" to match camel case naming rules, consider using \"TestNotInPpIf\".",
"location":  {
"uri":  "roslyn\\src\\EditorFeatures\\CSharpTest2\\Recommendations\\NullKeywordRecommenderTests.cs",
"region":  {
"startLine":  65,
"startColumn":  27,
"endLine":  65,
"endColumn":  40
}
}
},
{
"id":  "S100",
"message":  "Rename method \"TestNotInPPElIf\" to match camel case naming rules, consider using \"TestNotInPpElIf\".",
"location":  {
"uri":  "roslyn\\src\\EditorFeatures\\CSharpTest2\\Recommendations\\NullKeywordRecommenderTests.cs",
"region":  {
"startLine":  114,
"startColumn":  27,
"endLine":  114,
"endColumn":  42
}
}
},
{
"id":  "S100",
"message":  "Rename method \"TestInPPIf\" to match camel case naming rules, consider using \"TestInPpIf\".",
"location":  {
"uri":  "roslyn\\src\\EditorFeatures\\CSharpTest2\\Recommendations\\TrueKeywordRecommenderTests.cs",
"region":  {
"startLine":  82,
"startColumn":  27,
"endLine":  82,
"endColumn":  37
}
}
},
{
"id":  "S100",
"message":  "Rename method \"TestInPPElIf\" to match camel case naming rules, consider using \"TestInPpElIf\".",
"location":  {
"uri":  "roslyn\\src\\EditorFeatures\\CSharpTest2\\Recommendations\\TrueKeywordRecommenderTests.cs",
"region":  {
"startLine":  131,
"startColumn":  27,
"endLine":  131,
"endColumn":  39
}
}
}
]
}
