{
"issues":  [
{
"id":  "S1542",
"message":  "Rename procedure \"TestParseConditionalCompilationSymbols_expressions\" to match the regular expression: \"^([A-Z]{1,3}[a-z0-9]+)*([A-Z]{2})?$\".",
"location":  {
"uri":  "roslyn\\src\\Compilers\\VisualBasic\\Test\\CommandLine\\CommandLineArgumentsTests.vb",
"region":  {
"startLine":  129,
"startColumn":  20,
"endLine":  129,
"endColumn":  70
}
}
},
{
"id":  "S1542",
"message":  "Rename procedure \"CompilerBinariesAreAnyCPU\" to match the regular expression: \"^([A-Z]{1,3}[a-z0-9]+)*([A-Z]{2})?$\".",
"location":  {
"uri":  "roslyn\\src\\Compilers\\VisualBasic\\Test\\CommandLine\\CommandLineTests.vb",
"region":  {
"startLine":  52,
"startColumn":  20,
"endLine":  52,
"endColumn":  45
}
}
},
{
"id":  "S1542",
"message":  "Rename procedure \"Bug_722561\" to match the regular expression: \"^([A-Z]{1,3}[a-z0-9]+)*([A-Z]{2})?$\".",
"location":  {
"uri":  "roslyn\\src\\Compilers\\VisualBasic\\Test\\CommandLine\\CommandLineTests.vb",
"region":  {
"startLine":  140,
"startColumn":  20,
"endLine":  140,
"endColumn":  30
}
}
},
{
"id":  "S1542",
"message":  "Rename procedure \"VbcNologo_1\" to match the regular expression: \"^([A-Z]{1,3}[a-z0-9]+)*([A-Z]{2})?$\".",
"location":  {
"uri":  "roslyn\\src\\Compilers\\VisualBasic\\Test\\CommandLine\\CommandLineTests.vb",
"region":  {
"startLine":  181,
"startColumn":  20,
"endLine":  181,
"endColumn":  31
}
}
},
{
"id":  "S1542",
"message":  "Rename procedure \"VbcNologo_1a\" to match the regular expression: \"^([A-Z]{1,3}[a-z0-9]+)*([A-Z]{2})?$\".",
"location":  {
"uri":  "roslyn\\src\\Compilers\\VisualBasic\\Test\\CommandLine\\CommandLineTests.vb",
"region":  {
"startLine":  200,
"startColumn":  20,
"endLine":  200,
"endColumn":  32
}
}
},
{
"id":  "S1542",
"message":  "Rename procedure \"VbcNologo_2\" to match the regular expression: \"^([A-Z]{1,3}[a-z0-9]+)*([A-Z]{2})?$\".",
"location":  {
"uri":  "roslyn\\src\\Compilers\\VisualBasic\\Test\\CommandLine\\CommandLineTests.vb",
"region":  {
"startLine":  219,
"startColumn":  20,
"endLine":  219,
"endColumn":  31
}
}
},
{
"id":  "S1542",
"message":  "Rename procedure \"VbcNologo_2a\" to match the regular expression: \"^([A-Z]{1,3}[a-z0-9]+)*([A-Z]{2})?$\".",
"location":  {
"uri":  "roslyn\\src\\Compilers\\VisualBasic\\Test\\CommandLine\\CommandLineTests.vb",
"region":  {
"startLine":  244,
"startColumn":  20,
"endLine":  244,
"endColumn":  32
}
}
},
{
"id":  "S1542",
"message":  "Rename procedure \"VbcUtf8Output_WithRedirecting_Off\" to match the regular expression: \"^([A-Z]{1,3}[a-z0-9]+)*([A-Z]{2})?$\".",
"location":  {
"uri":  "roslyn\\src\\Compilers\\VisualBasic\\Test\\CommandLine\\CommandLineTests.vb",
"region":  {
"startLine":  269,
"startColumn":  20,
"endLine":  269,
"endColumn":  53
}
}
},
{
"id":  "S1542",
"message":  "Rename procedure \"VbcUtf8Output_WithRedirecting_On\" to match the regular expression: \"^([A-Z]{1,3}[a-z0-9]+)*([A-Z]{2})?$\".",
"location":  {
"uri":  "roslyn\\src\\Compilers\\VisualBasic\\Test\\CommandLine\\CommandLineTests.vb",
"region":  {
"startLine":  288,
"startColumn":  20,
"endLine":  288,
"endColumn":  52
}
}
},
{
"id":  "S1542",
"message":  "Rename procedure \"ResponseFiles_RootNamespace\" to match the regular expression: \"^([A-Z]{1,3}[a-z0-9]+)*([A-Z]{2})?$\".",
"location":  {
"uri":  "roslyn\\src\\Compilers\\VisualBasic\\Test\\CommandLine\\CommandLineTests.vb",
"region":  {
"startLine":  334,
"startColumn":  20,
"endLine":  334,
"endColumn":  47
}
}
},
{
"id":  "S1542",
"message":  "Rename procedure \"Win32ResourceOptions_Valid\" to match the regular expression: \"^([A-Z]{1,3}[a-z0-9]+)*([A-Z]{2})?$\".",
"location":  {
"uri":  "roslyn\\src\\Compilers\\VisualBasic\\Test\\CommandLine\\CommandLineTests.vb",
"region":  {
"startLine":  540,
"startColumn":  20,
"endLine":  540,
"endColumn":  46
}
}
},
{
"id":  "S1542",
"message":  "Rename procedure \"Win32ResourceOptions_Empty\" to match the regular expression: \"^([A-Z]{1,3}[a-z0-9]+)*([A-Z]{2})?$\".",
"location":  {
"uri":  "roslyn\\src\\Compilers\\VisualBasic\\Test\\CommandLine\\CommandLineTests.vb",
"region":  {
"startLine":  551,
"startColumn":  20,
"endLine":  551,
"endColumn":  46
}
}
},
{
"id":  "S1542",
"message":  "Rename procedure \"Win32ResourceOptions_Combinations\" to match the regular expression: \"^([A-Z]{1,3}[a-z0-9]+)*([A-Z]{2})?$\".",
"location":  {
"uri":  "roslyn\\src\\Compilers\\VisualBasic\\Test\\CommandLine\\CommandLineTests.vb",
"region":  {
"startLine":  581,
"startColumn":  20,
"endLine":  581,
"endColumn":  53
}
}
},
{
"id":  "S1542",
"message":  "Rename procedure \"Win32ResourceOptions_SimplyInvalid\" to match the regular expression: \"^([A-Z]{1,3}[a-z0-9]+)*([A-Z]{2})?$\".",
"location":  {
"uri":  "roslyn\\src\\Compilers\\VisualBasic\\Test\\CommandLine\\CommandLineTests.vb",
"region":  {
"startLine":  629,
"startColumn":  20,
"endLine":  629,
"endColumn":  54
}
}
},
{
"id":  "S1542",
"message":  "Rename procedure \"ManagedResourceOptions_SimpleErrors\" to match the regular expression: \"^([A-Z]{1,3}[a-z0-9]+)*([A-Z]{2})?$\".",
"location":  {
"uri":  "roslyn\\src\\Compilers\\VisualBasic\\Test\\CommandLine\\CommandLineTests.vb",
"region":  {
"startLine":  876,
"startColumn":  20,
"endLine":  876,
"endColumn":  55
}
}
},
{
"id":  "S1542",
"message":  "Rename procedure \"Link_SimpleTests\" to match the regular expression: \"^([A-Z]{1,3}[a-z0-9]+)*([A-Z]{2})?$\".",
"location":  {
"uri":  "roslyn\\src\\Compilers\\VisualBasic\\Test\\CommandLine\\CommandLineTests.vb",
"region":  {
"startLine":  1686,
"startColumn":  20,
"endLine":  1686,
"endColumn":  36
}
}
},
{
"id":  "S1542",
"message":  "Rename procedure \"Recurse_SimpleTests\" to match the regular expression: \"^([A-Z]{1,3}[a-z0-9]+)*([A-Z]{2})?$\".",
"location":  {
"uri":  "roslyn\\src\\Compilers\\VisualBasic\\Test\\CommandLine\\CommandLineTests.vb",
"region":  {
"startLine":  1715,
"startColumn":  20,
"endLine":  1715,
"endColumn":  39
}
}
},
{
"id":  "S1542",
"message":  "Rename procedure \"Recurse_SimpleTests2\" to match the regular expression: \"^([A-Z]{1,3}[a-z0-9]+)*([A-Z]{2})?$\".",
"location":  {
"uri":  "roslyn\\src\\Compilers\\VisualBasic\\Test\\CommandLine\\CommandLineTests.vb",
"region":  {
"startLine":  1762,
"startColumn":  20,
"endLine":  1762,
"endColumn":  40
}
}
},
{
"id":  "S1542",
"message":  "Rename procedure \"Recurse_SimpleTests3\" to match the regular expression: \"^([A-Z]{1,3}[a-z0-9]+)*([A-Z]{2})?$\".",
"location":  {
"uri":  "roslyn\\src\\Compilers\\VisualBasic\\Test\\CommandLine\\CommandLineTests.vb",
"region":  {
"startLine":  1826,
"startColumn":  20,
"endLine":  1826,
"endColumn":  40
}
}
},
{
"id":  "S1542",
"message":  "Rename procedure \"Reference_SimpleTests\" to match the regular expression: \"^([A-Z]{1,3}[a-z0-9]+)*([A-Z]{2})?$\".",
"location":  {
"uri":  "roslyn\\src\\Compilers\\VisualBasic\\Test\\CommandLine\\CommandLineTests.vb",
"region":  {
"startLine":  1835,
"startColumn":  20,
"endLine":  1835,
"endColumn":  41
}
}
},
{
"id":  "S1542",
"message":  "Rename procedure \"Analyzers_Missing\" to match the regular expression: \"^([A-Z]{1,3}[a-z0-9]+)*([A-Z]{2})?$\".",
"location":  {
"uri":  "roslyn\\src\\Compilers\\VisualBasic\\Test\\CommandLine\\CommandLineTests.vb",
"region":  {
"startLine":  1894,
"startColumn":  20,
"endLine":  1894,
"endColumn":  37
}
}
},
{
"id":  "S1542",
"message":  "Rename procedure \"Analyzers_Empty\" to match the regular expression: \"^([A-Z]{1,3}[a-z0-9]+)*([A-Z]{2})?$\".",
"location":  {
"uri":  "roslyn\\src\\Compilers\\VisualBasic\\Test\\CommandLine\\CommandLineTests.vb",
"region":  {
"startLine":  1911,
"startColumn":  20,
"endLine":  1911,
"endColumn":  35
}
}
},
{
"id":  "S1542",
"message":  "Rename procedure \"Analyzers_Found\" to match the regular expression: \"^([A-Z]{1,3}[a-z0-9]+)*([A-Z]{2})?$\".",
"location":  {
"uri":  "roslyn\\src\\Compilers\\VisualBasic\\Test\\CommandLine\\CommandLineTests.vb",
"region":  {
"startLine":  1928,
"startColumn":  20,
"endLine":  1928,
"endColumn":  35
}
}
},
{
"id":  "S1542",
"message":  "Rename procedure \"Analyzers_WithRuleSet\" to match the regular expression: \"^([A-Z]{1,3}[a-z0-9]+)*([A-Z]{2})?$\".",
"location":  {
"uri":  "roslyn\\src\\Compilers\\VisualBasic\\Test\\CommandLine\\CommandLineTests.vb",
"region":  {
"startLine":  1950,
"startColumn":  20,
"endLine":  1950,
"endColumn":  41
}
}
},
{
"id":  "S1542",
"message":  "Rename procedure \"Analyzers_CommandLineOverridesRuleset1\" to match the regular expression: \"^([A-Z]{1,3}[a-z0-9]+)*([A-Z]{2})?$\".",
"location":  {
"uri":  "roslyn\\src\\Compilers\\VisualBasic\\Test\\CommandLine\\CommandLineTests.vb",
"region":  {
"startLine":  1984,
"startColumn":  20,
"endLine":  1984,
"endColumn":  58
}
}
},
{
"id":  "S1542",
"message":  "Rename procedure \"Analyzer_CommandLineOverridesRuleset2\" to match the regular expression: \"^([A-Z]{1,3}[a-z0-9]+)*([A-Z]{2})?$\".",
"location":  {
"uri":  "roslyn\\src\\Compilers\\VisualBasic\\Test\\CommandLine\\CommandLineTests.vb",
"region":  {
"startLine":  2031,
"startColumn":  20,
"endLine":  2031,
"endColumn":  57
}
}
},
{
"id":  "S1542",
"message":  "Rename procedure \"Analyzers_WithRuleSetIncludeAll\" to match the regular expression: \"^([A-Z]{1,3}[a-z0-9]+)*([A-Z]{2})?$\".",
"location":  {
"uri":  "roslyn\\src\\Compilers\\VisualBasic\\Test\\CommandLine\\CommandLineTests.vb",
"region":  {
"startLine":  2083,
"startColumn":  20,
"endLine":  2083,
"endColumn":  51
}
}
},
{
"id":  "S1542",
"message":  "Rename procedure \"Target_SimpleTests\" to match the regular expression: \"^([A-Z]{1,3}[a-z0-9]+)*([A-Z]{2})?$\".",
"location":  {
"uri":  "roslyn\\src\\Compilers\\VisualBasic\\Test\\CommandLine\\CommandLineTests.vb",
"region":  {
"startLine":  2199,
"startColumn":  20,
"endLine":  2199,
"endColumn":  38
}
}
},
{
"id":  "S1542",
"message":  "Rename procedure \"Target_SimpleTestsNoSourceFile\" to match the regular expression: \"^([A-Z]{1,3}[a-z0-9]+)*([A-Z]{2})?$\".",
"location":  {
"uri":  "roslyn\\src\\Compilers\\VisualBasic\\Test\\CommandLine\\CommandLineTests.vb",
"region":  {
"startLine":  2245,
"startColumn":  20,
"endLine":  2245,
"endColumn":  50
}
}
},
{
"id":  "S1542",
"message":  "Rename procedure \"SourceLink_EndToEnd_EmbeddedPortable\" to match the regular expression: \"^([A-Z]{1,3}[a-z0-9]+)*([A-Z]{2})?$\".",
"location":  {
"uri":  "roslyn\\src\\Compilers\\VisualBasic\\Test\\CommandLine\\CommandLineTests.vb",
"region":  {
"startLine":  2470,
"startColumn":  20,
"endLine":  2470,
"endColumn":  56
}
}
},
{
"id":  "S1542",
"message":  "Rename procedure \"SourceLink_EndToEnd_Portable\" to match the regular expression: \"^([A-Z]{1,3}[a-z0-9]+)*([A-Z]{2})?$\".",
"location":  {
"uri":  "roslyn\\src\\Compilers\\VisualBasic\\Test\\CommandLine\\CommandLineTests.vb",
"region":  {
"startLine":  2503,
"startColumn":  20,
"endLine":  2503,
"endColumn":  48
}
}
},
{
"id":  "S1542",
"message":  "Rename procedure \"Embed_EndToEnd\" to match the regular expression: \"^([A-Z]{1,3}[a-z0-9]+)*([A-Z]{2})?$\".",
"location":  {
"uri":  "roslyn\\src\\Compilers\\VisualBasic\\Test\\CommandLine\\CommandLineTests.vb",
"region":  {
"startLine":  2596,
"startColumn":  20,
"endLine":  2596,
"endColumn":  34
}
}
},
{
"id":  "S1542",
"message":  "Rename procedure \"Ensure_UTF8_Explicit_Prefix_In_Documentation_Comment_File\" to match the regular expression: \"^([A-Z]{1,3}[a-z0-9]+)*([A-Z]{2})?$\".",
"location":  {
"uri":  "roslyn\\src\\Compilers\\VisualBasic\\Test\\CommandLine\\CommandLineTests.vb",
"region":  {
"startLine":  2998,
"startColumn":  20,
"endLine":  2998,
"endColumn":  77
}
}
},
{
"id":  "S1542",
"message":  "Rename procedure \"LibPathsAndLibEnvVariable_Relative_vbc\" to match the regular expression: \"^([A-Z]{1,3}[a-z0-9]+)*([A-Z]{2})?$\".",
"location":  {
"uri":  "roslyn\\src\\Compilers\\VisualBasic\\Test\\CommandLine\\CommandLineTests.vb",
"region":  {
"startLine":  3867,
"startColumn":  20,
"endLine":  3867,
"endColumn":  58
}
}
},
{
"id":  "S1542",
"message":  "Rename procedure \"ErrorMessageWithSquiggles_01\" to match the regular expression: \"^([A-Z]{1,3}[a-z0-9]+)*([A-Z]{2})?$\".",
"location":  {
"uri":  "roslyn\\src\\Compilers\\VisualBasic\\Test\\CommandLine\\CommandLineTests.vb",
"region":  {
"startLine":  4751,
"startColumn":  20,
"endLine":  4751,
"endColumn":  48
}
}
},
{
"id":  "S1542",
"message":  "Rename procedure \"ErrorMessageWithSquiggles_02\" to match the regular expression: \"^([A-Z]{1,3}[a-z0-9]+)*([A-Z]{2})?$\".",
"location":  {
"uri":  "roslyn\\src\\Compilers\\VisualBasic\\Test\\CommandLine\\CommandLineTests.vb",
"region":  {
"startLine":  4811,
"startColumn":  20,
"endLine":  4811,
"endColumn":  48
}
}
},
{
"id":  "S1542",
"message":  "Rename procedure \"ErrorMessageWithSquiggles_03\" to match the regular expression: \"^([A-Z]{1,3}[a-z0-9]+)*([A-Z]{2})?$\".",
"location":  {
"uri":  "roslyn\\src\\Compilers\\VisualBasic\\Test\\CommandLine\\CommandLineTests.vb",
"region":  {
"startLine":  4863,
"startColumn":  20,
"endLine":  4863,
"endColumn":  48
}
}
},
{
"id":  "S1542",
"message":  "Rename procedure \"ErrorMessageWithSquiggles_04\" to match the regular expression: \"^([A-Z]{1,3}[a-z0-9]+)*([A-Z]{2})?$\".",
"location":  {
"uri":  "roslyn\\src\\Compilers\\VisualBasic\\Test\\CommandLine\\CommandLineTests.vb",
"region":  {
"startLine":  4903,
"startColumn":  20,
"endLine":  4903,
"endColumn":  48
}
}
},
{
"id":  "S1542",
"message":  "Rename procedure \"ErrorMessageWithSquiggles_05\" to match the regular expression: \"^([A-Z]{1,3}[a-z0-9]+)*([A-Z]{2})?$\".",
"location":  {
"uri":  "roslyn\\src\\Compilers\\VisualBasic\\Test\\CommandLine\\CommandLineTests.vb",
"region":  {
"startLine":  4952,
"startColumn":  20,
"endLine":  4952,
"endColumn":  48
}
}
},
{
"id":  "S1542",
"message":  "Rename procedure \"ErrorMessageWithSquiggles_06\" to match the regular expression: \"^([A-Z]{1,3}[a-z0-9]+)*([A-Z]{2})?$\".",
"location":  {
"uri":  "roslyn\\src\\Compilers\\VisualBasic\\Test\\CommandLine\\CommandLineTests.vb",
"region":  {
"startLine":  4997,
"startColumn":  20,
"endLine":  4997,
"endColumn":  48
}
}
},
{
"id":  "S1542",
"message":  "Rename procedure \"ErrorMessageWithSquiggles_07\" to match the regular expression: \"^([A-Z]{1,3}[a-z0-9]+)*([A-Z]{2})?$\".",
"location":  {
"uri":  "roslyn\\src\\Compilers\\VisualBasic\\Test\\CommandLine\\CommandLineTests.vb",
"region":  {
"startLine":  5046,
"startColumn":  20,
"endLine":  5046,
"endColumn":  48
}
}
},
{
"id":  "S1542",
"message":  "Rename procedure \"ErrorMessageWithSquiggles_08\" to match the regular expression: \"^([A-Z]{1,3}[a-z0-9]+)*([A-Z]{2})?$\".",
"location":  {
"uri":  "roslyn\\src\\Compilers\\VisualBasic\\Test\\CommandLine\\CommandLineTests.vb",
"region":  {
"startLine":  5093,
"startColumn":  20,
"endLine":  5093,
"endColumn":  48
}
}
},
{
"id":  "S1542",
"message":  "Rename procedure \"CompilationWithWrongOutPath_01\" to match the regular expression: \"^([A-Z]{1,3}[a-z0-9]+)*([A-Z]{2})?$\".",
"location":  {
"uri":  "roslyn\\src\\Compilers\\VisualBasic\\Test\\CommandLine\\CommandLineTests.vb",
"region":  {
"startLine":  5168,
"startColumn":  20,
"endLine":  5168,
"endColumn":  50
}
}
},
{
"id":  "S1542",
"message":  "Rename procedure \"CompilationWithWrongOutPath_02\" to match the regular expression: \"^([A-Z]{1,3}[a-z0-9]+)*([A-Z]{2})?$\".",
"location":  {
"uri":  "roslyn\\src\\Compilers\\VisualBasic\\Test\\CommandLine\\CommandLineTests.vb",
"region":  {
"startLine":  5202,
"startColumn":  20,
"endLine":  5202,
"endColumn":  50
}
}
},
{
"id":  "S1542",
"message":  "Rename procedure \"CompilationWithWrongOutPath_03\" to match the regular expression: \"^([A-Z]{1,3}[a-z0-9]+)*([A-Z]{2})?$\".",
"location":  {
"uri":  "roslyn\\src\\Compilers\\VisualBasic\\Test\\CommandLine\\CommandLineTests.vb",
"region":  {
"startLine":  5236,
"startColumn":  20,
"endLine":  5236,
"endColumn":  50
}
}
},
{
"id":  "S1542",
"message":  "Rename procedure \"CompilationWithWrongOutPath_04\" to match the regular expression: \"^([A-Z]{1,3}[a-z0-9]+)*([A-Z]{2})?$\".",
"location":  {
"uri":  "roslyn\\src\\Compilers\\VisualBasic\\Test\\CommandLine\\CommandLineTests.vb",
"region":  {
"startLine":  5268,
"startColumn":  20,
"endLine":  5268,
"endColumn":  50
}
}
},
{
"id":  "S1542",
"message":  "Rename procedure \"ResponseFilesWithNoconfig_01\" to match the regular expression: \"^([A-Z]{1,3}[a-z0-9]+)*([A-Z]{2})?$\".",
"location":  {
"uri":  "roslyn\\src\\Compilers\\VisualBasic\\Test\\CommandLine\\CommandLineTests.vb",
"region":  {
"startLine":  5745,
"startColumn":  20,
"endLine":  5745,
"endColumn":  48
}
}
},
{
"id":  "S1542",
"message":  "Rename procedure \"ResponseFilesWithNoconfig_02\" to match the regular expression: \"^([A-Z]{1,3}[a-z0-9]+)*([A-Z]{2})?$\".",
"location":  {
"uri":  "roslyn\\src\\Compilers\\VisualBasic\\Test\\CommandLine\\CommandLineTests.vb",
"region":  {
"startLine":  5794,
"startColumn":  20,
"endLine":  5794,
"endColumn":  48
}
}
},
{
"id":  "S1542",
"message":  "Rename procedure \"ResponseFilesWithNoconfig_03\" to match the regular expression: \"^([A-Z]{1,3}[a-z0-9]+)*([A-Z]{2})?$\".",
"location":  {
"uri":  "roslyn\\src\\Compilers\\VisualBasic\\Test\\CommandLine\\CommandLineTests.vb",
"region":  {
"startLine":  5828,
"startColumn":  20,
"endLine":  5828,
"endColumn":  48
}
}
},
{
"id":  "S1542",
"message":  "Rename procedure \"ResponseFilesWithNoconfig_04\" to match the regular expression: \"^([A-Z]{1,3}[a-z0-9]+)*([A-Z]{2})?$\".",
"location":  {
"uri":  "roslyn\\src\\Compilers\\VisualBasic\\Test\\CommandLine\\CommandLineTests.vb",
"region":  {
"startLine":  5862,
"startColumn":  20,
"endLine":  5862,
"endColumn":  48
}
}
},
{
"id":  "S1542",
"message":  "Rename procedure \"NoWarnAndWarnAsError_AnalyzerDriverWarnings\" to match the regular expression: \"^([A-Z]{1,3}[a-z0-9]+)*([A-Z]{2})?$\".",
"location":  {
"uri":  "roslyn\\src\\Compilers\\VisualBasic\\Test\\CommandLine\\CommandLineTests.vb",
"region":  {
"startLine":  6650,
"startColumn":  20,
"endLine":  6650,
"endColumn":  63
}
}
},
{
"id":  "S1542",
"message":  "Rename procedure \"NoWarnAndWarnAsError_HiddenDiagnostic\" to match the regular expression: \"^([A-Z]{1,3}[a-z0-9]+)*([A-Z]{2})?$\".",
"location":  {
"uri":  "roslyn\\src\\Compilers\\VisualBasic\\Test\\CommandLine\\CommandLineTests.vb",
"region":  {
"startLine":  6681,
"startColumn":  20,
"endLine":  6681,
"endColumn":  57
}
}
},
{
"id":  "S1542",
"message":  "Rename procedure \"NoWarnAndWarnAsError_InfoDiagnostic\" to match the regular expression: \"^([A-Z]{1,3}[a-z0-9]+)*([A-Z]{2})?$\".",
"location":  {
"uri":  "roslyn\\src\\Compilers\\VisualBasic\\Test\\CommandLine\\CommandLineTests.vb",
"region":  {
"startLine":  6807,
"startColumn":  20,
"endLine":  6807,
"endColumn":  55
}
}
},
{
"id":  "S1542",
"message":  "Rename procedure \"NoWarnAndWarnAsError_WarningDiagnostic\" to match the regular expression: \"^([A-Z]{1,3}[a-z0-9]+)*([A-Z]{2})?$\".",
"location":  {
"uri":  "roslyn\\src\\Compilers\\VisualBasic\\Test\\CommandLine\\CommandLineTests.vb",
"region":  {
"startLine":  6945,
"startColumn":  20,
"endLine":  6945,
"endColumn":  58
}
}
},
{
"id":  "S1542",
"message":  "Rename procedure \"NoWarnAndWarnAsError_ErrorDiagnostic\" to match the regular expression: \"^([A-Z]{1,3}[a-z0-9]+)*([A-Z]{2})?$\".",
"location":  {
"uri":  "roslyn\\src\\Compilers\\VisualBasic\\Test\\CommandLine\\CommandLineTests.vb",
"region":  {
"startLine":  7165,
"startColumn":  20,
"endLine":  7165,
"endColumn":  56
}
}
},
{
"id":  "S1542",
"message":  "Rename procedure \"NoWarnAndWarnAsError_CompilerErrorDiagnostic\" to match the regular expression: \"^([A-Z]{1,3}[a-z0-9]+)*([A-Z]{2})?$\".",
"location":  {
"uri":  "roslyn\\src\\Compilers\\VisualBasic\\Test\\CommandLine\\CommandLineTests.vb",
"region":  {
"startLine":  7241,
"startColumn":  20,
"endLine":  7241,
"endColumn":  64
}
}
},
{
"id":  "S1542",
"message":  "Rename procedure \"RuleSet_GeneralCommandLineOptionOverridesGeneralRuleSetOption\" to match the regular expression: \"^([A-Z]{1,3}[a-z0-9]+)*([A-Z]{2})?$\".",
"location":  {
"uri":  "roslyn\\src\\Compilers\\VisualBasic\\Test\\CommandLine\\CommandLineTests.vb",
"region":  {
"startLine":  7351,
"startColumn":  20,
"endLine":  7351,
"endColumn":  81
}
}
},
{
"id":  "S1542",
"message":  "Rename procedure \"RuleSet_GeneralWarnAsErrorPromotesWarningFromRuleSet\" to match the regular expression: \"^([A-Z]{1,3}[a-z0-9]+)*([A-Z]{2})?$\".",
"location":  {
"uri":  "roslyn\\src\\Compilers\\VisualBasic\\Test\\CommandLine\\CommandLineTests.vb",
"region":  {
"startLine":  7369,
"startColumn":  20,
"endLine":  7369,
"endColumn":  72
}
}
},
{
"id":  "S1542",
"message":  "Rename procedure \"RuleSet_GeneralWarnAsErrorDoesNotPromoteInfoFromRuleSet\" to match the regular expression: \"^([A-Z]{1,3}[a-z0-9]+)*([A-Z]{2})?$\".",
"location":  {
"uri":  "roslyn\\src\\Compilers\\VisualBasic\\Test\\CommandLine\\CommandLineTests.vb",
"region":  {
"startLine":  7390,
"startColumn":  20,
"endLine":  7390,
"endColumn":  75
}
}
},
{
"id":  "S1542",
"message":  "Rename procedure \"RuleSet_SpecificWarnAsErrorPromotesInfoFromRuleSet\" to match the regular expression: \"^([A-Z]{1,3}[a-z0-9]+)*([A-Z]{2})?$\".",
"location":  {
"uri":  "roslyn\\src\\Compilers\\VisualBasic\\Test\\CommandLine\\CommandLineTests.vb",
"region":  {
"startLine":  7411,
"startColumn":  20,
"endLine":  7411,
"endColumn":  70
}
}
},
{
"id":  "S1542",
"message":  "Rename procedure \"RuleSet_GeneralWarnAsErrorMinusResetsRules\" to match the regular expression: \"^([A-Z]{1,3}[a-z0-9]+)*([A-Z]{2})?$\".",
"location":  {
"uri":  "roslyn\\src\\Compilers\\VisualBasic\\Test\\CommandLine\\CommandLineTests.vb",
"region":  {
"startLine":  7432,
"startColumn":  20,
"endLine":  7432,
"endColumn":  62
}
}
},
{
"id":  "S1542",
"message":  "Rename procedure \"RuleSet_SpecificWarnAsErrorMinusResetsRules\" to match the regular expression: \"^([A-Z]{1,3}[a-z0-9]+)*([A-Z]{2})?$\".",
"location":  {
"uri":  "roslyn\\src\\Compilers\\VisualBasic\\Test\\CommandLine\\CommandLineTests.vb",
"region":  {
"startLine":  7453,
"startColumn":  20,
"endLine":  7453,
"endColumn":  63
}
}
},
{
"id":  "S1542",
"message":  "Rename procedure \"RuleSet_SpecificWarnAsErrorMinusDefaultsRuleNotInRuleSet\" to match the regular expression: \"^([A-Z]{1,3}[a-z0-9]+)*([A-Z]{2})?$\".",
"location":  {
"uri":  "roslyn\\src\\Compilers\\VisualBasic\\Test\\CommandLine\\CommandLineTests.vb",
"region":  {
"startLine":  7474,
"startColumn":  20,
"endLine":  7474,
"endColumn":  76
}
}
},
{
"id":  "S1542",
"message":  "Rename procedure \"RuleSet_LastGeneralWarnAsErrorTrumpsNoWarn\" to match the regular expression: \"^([A-Z]{1,3}[a-z0-9]+)*([A-Z]{2})?$\".",
"location":  {
"uri":  "roslyn\\src\\Compilers\\VisualBasic\\Test\\CommandLine\\CommandLineTests.vb",
"region":  {
"startLine":  7496,
"startColumn":  20,
"endLine":  7496,
"endColumn":  62
}
}
},
{
"id":  "S1542",
"message":  "Rename procedure \"RuleSet_GeneralNoWarnTrumpsGeneralWarnAsErrorMinus\" to match the regular expression: \"^([A-Z]{1,3}[a-z0-9]+)*([A-Z]{2})?$\".",
"location":  {
"uri":  "roslyn\\src\\Compilers\\VisualBasic\\Test\\CommandLine\\CommandLineTests.vb",
"region":  {
"startLine":  7517,
"startColumn":  20,
"endLine":  7517,
"endColumn":  70
}
}
},
{
"id":  "S1542",
"message":  "Rename procedure \"RuleSet_GeneralNoWarnTurnsOffAllButErrors\" to match the regular expression: \"^([A-Z]{1,3}[a-z0-9]+)*([A-Z]{2})?$\".",
"location":  {
"uri":  "roslyn\\src\\Compilers\\VisualBasic\\Test\\CommandLine\\CommandLineTests.vb",
"region":  {
"startLine":  7538,
"startColumn":  20,
"endLine":  7538,
"endColumn":  61
}
}
},
{
"id":  "S1542",
"message":  "Rename procedure \"RuleSet_SpecificNoWarnAlwaysWins\" to match the regular expression: \"^([A-Z]{1,3}[a-z0-9]+)*([A-Z]{2})?$\".",
"location":  {
"uri":  "roslyn\\src\\Compilers\\VisualBasic\\Test\\CommandLine\\CommandLineTests.vb",
"region":  {
"startLine":  7563,
"startColumn":  20,
"endLine":  7563,
"endColumn":  52
}
}
},
{
"id":  "S1542",
"message":  "Rename procedure \"SourceFile_BadPath\" to match the regular expression: \"^([A-Z]{1,3}[a-z0-9]+)*([A-Z]{2})?$\".",
"location":  {
"uri":  "roslyn\\src\\Compilers\\VisualBasic\\Test\\CommandLine\\CommandLineTests.vb",
"region":  {
"startLine":  7748,
"startColumn":  20,
"endLine":  7748,
"endColumn":  38
}
}
},
{
"id":  "S1542",
"message":  "Rename procedure \"PublicSign_KeyFileRelativePath\" to match the regular expression: \"^([A-Z]{1,3}[a-z0-9]+)*([A-Z]{2})?$\".",
"location":  {
"uri":  "roslyn\\src\\Compilers\\VisualBasic\\Test\\CommandLine\\CommandLineTests.vb",
"region":  {
"startLine":  7846,
"startColumn":  20,
"endLine":  7846,
"endColumn":  50
}
}
},
{
"id":  "S1542",
"message":  "Rename procedure \"SimpleCompilerDiagnostics_Suppressed\" to match the regular expression: \"^([A-Z]{1,3}[a-z0-9]+)*([A-Z]{2})?$\".",
"location":  {
"uri":  "roslyn\\src\\Compilers\\VisualBasic\\Test\\CommandLine\\ErrorLoggerTests.vb",
"region":  {
"startLine":  162,
"startColumn":  20,
"endLine":  162,
"endColumn":  56
}
}
}
]
}
