{
"issues":  [
{
"id":  "S105",
"message":  "Replace all tab characters in this file by sequences of white-spaces.",
"location":  {
"uri":  "roslyn\\src\\Compilers\\CSharp\\Test\\Symbol\\Compilation\\GetSemanticInfoTests.cs",
"region":  {
"startLine":  150,
"startColumn":  6,
"endLine":  150,
"endColumn":  6
}
}
},
{
"id":  "S105",
"message":  "Replace all tab characters in this file by sequences of white-spaces.",
"location":  {
"uri":  "roslyn\\src\\Compilers\\CSharp\\Test\\Symbol\\Compilation\\ReferenceManagerTests.cs",
"region":  {
"startLine":  1708,
"startColumn":  1,
"endLine":  1708,
"endColumn":  1
}
}
},
{
"id":  "S105",
"message":  "Replace all tab characters in this file by sequences of white-spaces.",
"location":  {
"uri":  "roslyn\\src\\Compilers\\CSharp\\Test\\Symbol\\Compilation\\SemanticModelAPITests.cs",
"region":  {
"startLine":  581,
"startColumn":  1,
"endLine":  581,
"endColumn":  1
}
}
},
{
"id":  "S105",
"message":  "Replace all tab characters in this file by sequences of white-spaces.",
"location":  {
"uri":  "roslyn\\src\\Compilers\\CSharp\\Test\\Symbol\\Compilation\\SemanticModelGetSemanticInfoTests.cs",
"region":  {
"startLine":  9388,
"startColumn":  13,
"endLine":  9388,
"endColumn":  13
}
}
},
{
"id":  "S105",
"message":  "Replace all tab characters in this file by sequences of white-spaces.",
"location":  {
"uri":  "roslyn\\src\\Compilers\\CSharp\\Test\\Symbol\\DocumentationComments\\ConstructorDocumentationCommentTests.cs",
"region":  {
"startLine":  22,
"startColumn":  1,
"endLine":  22,
"endColumn":  1
}
}
},
{
"id":  "S105",
"message":  "Replace all tab characters in this file by sequences of white-spaces.",
"location":  {
"uri":  "roslyn\\src\\Compilers\\CSharp\\Test\\Symbol\\DocumentationComments\\DestructorDocumentationCommentTests.cs",
"region":  {
"startLine":  22,
"startColumn":  1,
"endLine":  22,
"endColumn":  1
}
}
},
{
"id":  "S105",
"message":  "Replace all tab characters in this file by sequences of white-spaces.",
"location":  {
"uri":  "roslyn\\src\\Compilers\\CSharp\\Test\\Symbol\\DocumentationComments\\DocumentationCommentCompilerTests.cs",
"region":  {
"startLine":  196,
"startColumn":  4,
"endLine":  196,
"endColumn":  4
}
}
},
{
"id":  "S105",
"message":  "Replace all tab characters in this file by sequences of white-spaces.",
"location":  {
"uri":  "roslyn\\src\\Compilers\\CSharp\\Test\\Symbol\\DocumentationComments\\FieldDocumentationCommentTests.cs",
"region":  {
"startLine":  25,
"startColumn":  1,
"endLine":  25,
"endColumn":  1
}
}
},
{
"id":  "S105",
"message":  "Replace all tab characters in this file by sequences of white-spaces.",
"location":  {
"uri":  "roslyn\\src\\Compilers\\CSharp\\Test\\Symbol\\DocumentationComments\\TypeDocumentationCommentTests.cs",
"region":  {
"startLine":  24,
"startColumn":  1,
"endLine":  24,
"endColumn":  1
}
}
},
{
"id":  "S105",
"message":  "Replace all tab characters in this file by sequences of white-spaces.",
"location":  {
"uri":  "roslyn\\src\\Compilers\\CSharp\\Test\\Symbol\\Symbols\\AccessorOverriddenOrHiddenMembersTests.cs",
"region":  {
"startLine":  881,
"startColumn":  1,
"endLine":  881,
"endColumn":  1
}
}
},
{
"id":  "S105",
"message":  "Replace all tab characters in this file by sequences of white-spaces.",
"location":  {
"uri":  "roslyn\\src\\Compilers\\CSharp\\Test\\Symbol\\Symbols\\AssemblyAndNamespaceTests.cs",
"region":  {
"startLine":  311,
"startColumn":  1,
"endLine":  311,
"endColumn":  1
}
}
},
{
"id":  "S105",
"message":  "Replace all tab characters in this file by sequences of white-spaces.",
"location":  {
"uri":  "roslyn\\src\\Compilers\\CSharp\\Test\\Symbol\\Symbols\\EnumTests.cs",
"region":  {
"startLine":  39,
"startColumn":  1,
"endLine":  39,
"endColumn":  1
}
}
},
{
"id":  "S105",
"message":  "Replace all tab characters in this file by sequences of white-spaces.",
"location":  {
"uri":  "roslyn\\src\\Compilers\\CSharp\\Test\\Symbol\\Symbols\\IndexedPropertyTests.cs",
"region":  {
"startLine":  2452,
"startColumn":  1,
"endLine":  2452,
"endColumn":  1
}
}
},
{
"id":  "S105",
"message":  "Replace all tab characters in this file by sequences of white-spaces.",
"location":  {
"uri":  "roslyn\\src\\Compilers\\CSharp\\Test\\Symbol\\Symbols\\IndexerTests.cs",
"region":  {
"startLine":  567,
"startColumn":  1,
"endLine":  567,
"endColumn":  1
}
}
},
{
"id":  "S105",
"message":  "Replace all tab characters in this file by sequences of white-spaces.",
"location":  {
"uri":  "roslyn\\src\\Compilers\\CSharp\\Test\\Symbol\\Symbols\\InterfaceImplementationTests.cs",
"region":  {
"startLine":  2431,
"startColumn":  1,
"endLine":  2431,
"endColumn":  1
}
}
},
{
"id":  "S105",
"message":  "Replace all tab characters in this file by sequences of white-spaces.",
"location":  {
"uri":  "roslyn\\src\\Compilers\\CSharp\\Test\\Symbol\\Symbols\\Metadata\\PE\\LoadingIndexers.cs",
"region":  {
"startLine":  412,
"startColumn":  1,
"endLine":  412,
"endColumn":  1
}
}
},
{
"id":  "S105",
"message":  "Replace all tab characters in this file by sequences of white-spaces.",
"location":  {
"uri":  "roslyn\\src\\Compilers\\CSharp\\Test\\Symbol\\Symbols\\Metadata\\PE\\LoadingNamespacesAndTypes.cs",
"region":  {
"startLine":  301,
"startColumn":  1,
"endLine":  301,
"endColumn":  1
}
}
},
{
"id":  "S105",
"message":  "Replace all tab characters in this file by sequences of white-spaces.",
"location":  {
"uri":  "roslyn\\src\\Compilers\\CSharp\\Test\\Symbol\\Symbols\\Metadata\\PE\\TypeForwarders.cs",
"region":  {
"startLine":  1420,
"startColumn":  1,
"endLine":  1420,
"endColumn":  1
}
}
},
{
"id":  "S105",
"message":  "Replace all tab characters in this file by sequences of white-spaces.",
"location":  {
"uri":  "roslyn\\src\\Compilers\\CSharp\\Test\\Symbol\\Symbols\\OverriddenOrHiddenMembersTests.cs",
"region":  {
"startLine":  2787,
"startColumn":  1,
"endLine":  2787,
"endColumn":  1
}
}
},
{
"id":  "S105",
"message":  "Replace all tab characters in this file by sequences of white-spaces.",
"location":  {
"uri":  "roslyn\\src\\Compilers\\CSharp\\Test\\Symbol\\Symbols\\Retargeting\\NoPia.cs",
"region":  {
"startLine":  34,
"startColumn":  1,
"endLine":  34,
"endColumn":  1
}
}
},
{
"id":  "S105",
"message":  "Replace all tab characters in this file by sequences of white-spaces.",
"location":  {
"uri":  "roslyn\\src\\Compilers\\CSharp\\Test\\Symbol\\Symbols\\Source\\ClsComplianceTests.cs",
"region":  {
"startLine":  1093,
"startColumn":  38,
"endLine":  1093,
"endColumn":  38
}
}
},
{
"id":  "S105",
"message":  "Replace all tab characters in this file by sequences of white-spaces.",
"location":  {
"uri":  "roslyn\\src\\Compilers\\CSharp\\Test\\Symbol\\Symbols\\Source\\EnumTests.cs",
"region":  {
"startLine":  437,
"startColumn":  6,
"endLine":  437,
"endColumn":  6
}
}
},
{
"id":  "S105",
"message":  "Replace all tab characters in this file by sequences of white-spaces.",
"location":  {
"uri":  "roslyn\\src\\Compilers\\CSharp\\Test\\Symbol\\Symbols\\Source\\PropertyTests.cs",
"region":  {
"startLine":  837,
"startColumn":  1,
"endLine":  837,
"endColumn":  1
}
}
},
{
"id":  "S105",
"message":  "Replace all tab characters in this file by sequences of white-spaces.",
"location":  {
"uri":  "roslyn\\src\\Compilers\\CSharp\\Test\\Symbol\\Symbols\\TypeTests.cs",
"region":  {
"startLine":  1086,
"startColumn":  19,
"endLine":  1086,
"endColumn":  19
}
}
}
]
}
