{
"issues":  [
{
"id":  "S108",
"message":  "Either remove or fill this block of code.",
"location":  {
"uri":  "roslyn\\src\\VisualStudio\\Core\\SolutionExplorerShim\\BaseItem.cs",
"region":  {
"startLine":  33,
"startColumn":  80,
"endLine":  33,
"endColumn":  83
}
}
},
{
"id":  "S108",
"message":  "Either remove or fill this block of code.",
"location":  {
"uri":  "roslyn\\src\\VisualStudio\\Core\\SolutionExplorerShim\\BaseItem.cs",
"region":  {
"startLine":  33,
"startColumn":  91,
"endLine":  33,
"endColumn":  94
}
}
}
]
}
