{
"issues":  [
{
"id":  "S1118",
"message":  "Add a \"private\" constructor or the \"static\" keyword to the class declaration.",
"location":  {
"uri":  "roslyn\\src\\Test\\Utilities\\Desktop\\ConditionalFactAttribute.cs",
"region":  {
"startLine":  101,
"startColumn":  25,
"endLine":  101,
"endColumn":  34
}
}
},
{
"id":  "S1118",
"message":  "Add a \"protected\" constructor or the \"static\" keyword to the class declaration.",
"location":  {
"uri":  "roslyn\\src\\Test\\Utilities\\Desktop\\MetadataSignatureHelper.cs",
"region":  {
"startLine":  14,
"startColumn":  18,
"endLine":  14,
"endColumn":  41
}
}
},
{
"id":  "S1118",
"message":  "Add a \"protected\" constructor or the \"static\" keyword to the class declaration.",
"location":  {
"uri":  "roslyn\\src\\Test\\Utilities\\Desktop\\MetadataSignatureUnitTestHelper.cs",
"region":  {
"startLine":  18,
"startColumn":  20,
"endLine":  18,
"endColumn":  51
}
}
},
{
"id":  "S1118",
"message":  "Add a \"protected\" constructor or the \"static\" keyword to the class declaration.",
"location":  {
"uri":  "roslyn\\src\\Test\\Utilities\\Desktop\\Win32Res.cs",
"region":  {
"startLine":  13,
"startColumn":  18,
"endLine":  13,
"endColumn":  26
}
}
},
{
"id":  "S1118",
"message":  "Add a \"protected\" constructor or the \"static\" keyword to the class declaration.",
"location":  {
"uri":  "roslyn\\src\\Test\\Utilities\\Shared\\Compilation\\IRuntimeEnvironment.cs",
"region":  {
"startLine":  18,
"startColumn":  18,
"endLine":  18,
"endColumn":  43
}
}
}
]
}
