{
"issues":  [
{
"id":  "S1121",
"message":  "Extract the assignment of \"list\" from this expression.",
"location":  {
"uri":  "roslyn\\src\\Workspaces\\Core\\Portable\\Differencing\\Match.cs",
"region":  {
"startLine":  99,
"startColumn":  41,
"endLine":  99,
"endColumn":  42
}
}
}
]
}
