{
"issues":  [
{
"id":  "S2933",
"message":  "Make \"_projectIdToProjectInfoMap\" \"readonly\".",
"location":  {
"uri":  "roslyn\\src\\Workspaces\\Core\\Desktop\\Workspace\\MSBuild\\MSBuildProjectLoader.cs",
"region":  {
"startLine":  221,
"startColumn":  56,
"endLine":  221,
"endColumn":  82
}
}
},
{
"id":  "S2933",
"message":  "Make \"_projectInfoList\" \"readonly\".",
"location":  {
"uri":  "roslyn\\src\\Workspaces\\Core\\Desktop\\Workspace\\MSBuild\\MSBuildProjectLoader.cs",
"region":  {
"startLine":  224,
"startColumn":  39,
"endLine":  224,
"endColumn":  55
}
}
},
{
"id":  "S2933",
"message":  "Make \"_loader\" \"readonly\".",
"location":  {
"uri":  "roslyn\\src\\Workspaces\\Core\\Desktop\\Workspace\\MSBuild\\MSBuildWorkspace.cs",
"region":  {
"startLine":  32,
"startColumn":  38,
"endLine":  32,
"endColumn":  45
}
}
},
{
"id":  "S2933",
"message":  "Make \"_projectTypeGuid\" \"readonly\".",
"location":  {
"uri":  "roslyn\\src\\Workspaces\\Core\\Desktop\\Workspace\\MSBuild\\SolutionFile\\ProjectBlock.cs",
"region":  {
"startLine":  13,
"startColumn":  22,
"endLine":  13,
"endColumn":  38
}
}
},
{
"id":  "S2933",
"message":  "Make \"_projectGuid\" \"readonly\".",
"location":  {
"uri":  "roslyn\\src\\Workspaces\\Core\\Desktop\\Workspace\\MSBuild\\SolutionFile\\ProjectBlock.cs",
"region":  {
"startLine":  16,
"startColumn":  22,
"endLine":  16,
"endColumn":  34
}
}
},
{
"id":  "S2933",
"message":  "Make \"_projectDirectory\" \"readonly\".",
"location":  {
"uri":  "roslyn\\src\\Workspaces\\Core\\Desktop\\Workspace\\MSBuild\\VisualBasic\\VisualBasicProjectFileLoader.cs",
"region":  {
"startLine":  197,
"startColumn":  32,
"endLine":  197,
"endColumn":  49
}
}
},
{
"id":  "S2933",
"message":  "Make \"_outputDirectory\" \"readonly\".",
"location":  {
"uri":  "roslyn\\src\\Workspaces\\Core\\Desktop\\Workspace\\MSBuild\\VisualBasic\\VisualBasicProjectFileLoader.cs",
"region":  {
"startLine":  198,
"startColumn":  32,
"endLine":  198,
"endColumn":  48
}
}
},
{
"id":  "S2933",
"message":  "Make \"_commandLineArgs\" \"readonly\".",
"location":  {
"uri":  "roslyn\\src\\Workspaces\\Core\\Desktop\\Workspace\\MSBuild\\VisualBasic\\VisualBasicProjectFileLoader.cs",
"region":  {
"startLine":  199,
"startColumn":  38,
"endLine":  199,
"endColumn":  54
}
}
}
]
}
