{
"version":  "0.1",
"toolInfo":  {
"toolName":  "Microsoft (R) Visual C# Compiler",
"productVersion":  "1.1.0",
"fileVersion":  "1.1.0"
},
"issues":  [
{
"ruleId":  "S121",
"locations":  [
{
"analysisTarget":  [
{
"uri":  "Nancy\\src\\Nancy.Tests\\Helpers\\ExceptionExtensionsFixture.cs",
"region":  {
"startLine":  40,
"startColumn":  12,
"endLine":  40,
"endColumn":  19
}
}
]
}
],
"shortMessage":  "Add curly braces around the nested statement(s) in this \"foreach\" block.",
"fullMessage":  "While not technically incorrect, the omission of curly braces can be misleading, and may lead to the introduction of errors during maintenance.",
"properties":  {
"severity":  "Warning",
"warningLevel":  "1",
"defaultSeverity":  "Warning",
"title":  "Control structures should use curly braces",
"category":  "Maintainability",
"helpLink":  "http://vs.sonarlint.org/rules/index.html#version=1.9.0\u0026ruleId=S121",
"isEnabledByDefault":  "False",
"isSuppressedInSource":  "False"
}
},
{
"ruleId":  "S121",
"locations":  [
{
"analysisTarget":  [
{
"uri":  "Nancy\\src\\Nancy.Tests\\Unit\\Json\\TestConverter.cs",
"region":  {
"startLine":  16,
"startColumn":  3,
"endLine":  16,
"endColumn":  5
}
}
]
}
],
"shortMessage":  "Add curly braces around the nested statement(s) in this \"if\" block.",
"fullMessage":  "While not technically incorrect, the omission of curly braces can be misleading, and may lead to the introduction of errors during maintenance.",
"properties":  {
"severity":  "Warning",
"warningLevel":  "1",
"defaultSeverity":  "Warning",
"title":  "Control structures should use curly braces",
"category":  "Maintainability",
"helpLink":  "http://vs.sonarlint.org/rules/index.html#version=1.9.0\u0026ruleId=S121",
"isEnabledByDefault":  "False",
"isSuppressedInSource":  "False"
}
},
{
"ruleId":  "S121",
"locations":  [
{
"analysisTarget":  [
{
"uri":  "Nancy\\src\\Nancy.Tests\\Unit\\Json\\TestConverter.cs",
"region":  {
"startLine":  30,
"startColumn":  3,
"endLine":  30,
"endColumn":  5
}
}
]
}
],
"shortMessage":  "Add curly braces around the nested statement(s) in this \"if\" block.",
"fullMessage":  "While not technically incorrect, the omission of curly braces can be misleading, and may lead to the introduction of errors during maintenance.",
"properties":  {
"severity":  "Warning",
"warningLevel":  "1",
"defaultSeverity":  "Warning",
"title":  "Control structures should use curly braces",
"category":  "Maintainability",
"helpLink":  "http://vs.sonarlint.org/rules/index.html#version=1.9.0\u0026ruleId=S121",
"isEnabledByDefault":  "False",
"isSuppressedInSource":  "False"
}
},
{
"ruleId":  "S121",
"locations":  [
{
"analysisTarget":  [
{
"uri":  "Nancy\\src\\Nancy.Tests\\Unit\\Json\\TestConverterType.cs",
"region":  {
"startLine":  10,
"startColumn":  3,
"endLine":  10,
"endColumn":  5
}
}
]
}
],
"shortMessage":  "Add curly braces around the nested statement(s) in this \"if\" block.",
"fullMessage":  "While not technically incorrect, the omission of curly braces can be misleading, and may lead to the introduction of errors during maintenance.",
"properties":  {
"severity":  "Warning",
"warningLevel":  "1",
"defaultSeverity":  "Warning",
"title":  "Control structures should use curly braces",
"category":  "Maintainability",
"helpLink":  "http://vs.sonarlint.org/rules/index.html#version=1.9.0\u0026ruleId=S121",
"isEnabledByDefault":  "False",
"isSuppressedInSource":  "False"
}
},
{
"ruleId":  "S121",
"locations":  [
{
"analysisTarget":  [
{
"uri":  "Nancy\\src\\Nancy.Tests\\Unit\\Json\\TestData.cs",
"region":  {
"startLine":  11,
"startColumn":  3,
"endLine":  11,
"endColumn":  5
}
}
]
}
],
"shortMessage":  "Add curly braces around the nested statement(s) in this \"if\" block.",
"fullMessage":  "While not technically incorrect, the omission of curly braces can be misleading, and may lead to the introduction of errors during maintenance.",
"properties":  {
"severity":  "Warning",
"warningLevel":  "1",
"defaultSeverity":  "Warning",
"title":  "Control structures should use curly braces",
"category":  "Maintainability",
"helpLink":  "http://vs.sonarlint.org/rules/index.html#version=1.9.0\u0026ruleId=S121",
"isEnabledByDefault":  "False",
"isSuppressedInSource":  "False"
}
},
{
"ruleId":  "S121",
"locations":  [
{
"analysisTarget":  [
{
"uri":  "Nancy\\src\\Nancy.Tests\\Unit\\Json\\TestData.cs",
"region":  {
"startLine":  14,
"startColumn":  3,
"endLine":  14,
"endColumn":  5
}
}
]
}
],
"shortMessage":  "Add curly braces around the nested statement(s) in this \"if\" block.",
"fullMessage":  "While not technically incorrect, the omission of curly braces can be misleading, and may lead to the introduction of errors during maintenance.",
"properties":  {
"severity":  "Warning",
"warningLevel":  "1",
"defaultSeverity":  "Warning",
"title":  "Control structures should use curly braces",
"category":  "Maintainability",
"helpLink":  "http://vs.sonarlint.org/rules/index.html#version=1.9.0\u0026ruleId=S121",
"isEnabledByDefault":  "False",
"isSuppressedInSource":  "False"
}
},
{
"ruleId":  "S121",
"locations":  [
{
"analysisTarget":  [
{
"uri":  "Nancy\\src\\Nancy.Tests\\Unit\\Json\\TestData.cs",
"region":  {
"startLine":  17,
"startColumn":  3,
"endLine":  17,
"endColumn":  5
}
}
]
}
],
"shortMessage":  "Add curly braces around the nested statement(s) in this \"if\" block.",
"fullMessage":  "While not technically incorrect, the omission of curly braces can be misleading, and may lead to the introduction of errors during maintenance.",
"properties":  {
"severity":  "Warning",
"warningLevel":  "1",
"defaultSeverity":  "Warning",
"title":  "Control structures should use curly braces",
"category":  "Maintainability",
"helpLink":  "http://vs.sonarlint.org/rules/index.html#version=1.9.0\u0026ruleId=S121",
"isEnabledByDefault":  "False",
"isSuppressedInSource":  "False"
}
},
{
"ruleId":  "S121",
"locations":  [
{
"analysisTarget":  [
{
"uri":  "Nancy\\src\\Nancy.Tests\\Unit\\Json\\TestPrimitiveConverter.cs",
"region":  {
"startLine":  16,
"startColumn":  3,
"endLine":  16,
"endColumn":  5
}
}
]
}
],
"shortMessage":  "Add curly braces around the nested statement(s) in this \"if\" block.",
"fullMessage":  "While not technically incorrect, the omission of curly braces can be misleading, and may lead to the introduction of errors during maintenance.",
"properties":  {
"severity":  "Warning",
"warningLevel":  "1",
"defaultSeverity":  "Warning",
"title":  "Control structures should use curly braces",
"category":  "Maintainability",
"helpLink":  "http://vs.sonarlint.org/rules/index.html#version=1.9.0\u0026ruleId=S121",
"isEnabledByDefault":  "False",
"isSuppressedInSource":  "False"
}
},
{
"ruleId":  "S121",
"locations":  [
{
"analysisTarget":  [
{
"uri":  "Nancy\\src\\Nancy.Tests\\Unit\\Json\\TestPrimitiveConverter.cs",
"region":  {
"startLine":  30,
"startColumn":  3,
"endLine":  30,
"endColumn":  5
}
}
]
}
],
"shortMessage":  "Add curly braces around the nested statement(s) in this \"if\" block.",
"fullMessage":  "While not technically incorrect, the omission of curly braces can be misleading, and may lead to the introduction of errors during maintenance.",
"properties":  {
"severity":  "Warning",
"warningLevel":  "1",
"defaultSeverity":  "Warning",
"title":  "Control structures should use curly braces",
"category":  "Maintainability",
"helpLink":  "http://vs.sonarlint.org/rules/index.html#version=1.9.0\u0026ruleId=S121",
"isEnabledByDefault":  "False",
"isSuppressedInSource":  "False"
}
},
{
"ruleId":  "S121",
"locations":  [
{
"analysisTarget":  [
{
"uri":  "Nancy\\src\\Nancy.Tests\\Unit\\Json\\TestPrimitiveConverter.cs",
"region":  {
"startLine":  32,
"startColumn":  3,
"endLine":  32,
"endColumn":  7
}
}
]
}
],
"shortMessage":  "Add curly braces around the nested statement(s) in this \"else\" block.",
"fullMessage":  "While not technically incorrect, the omission of curly braces can be misleading, and may lead to the introduction of errors during maintenance.",
"properties":  {
"severity":  "Warning",
"warningLevel":  "1",
"defaultSeverity":  "Warning",
"title":  "Control structures should use curly braces",
"category":  "Maintainability",
"helpLink":  "http://vs.sonarlint.org/rules/index.html#version=1.9.0\u0026ruleId=S121",
"isEnabledByDefault":  "False",
"isSuppressedInSource":  "False"
}
},
{
"ruleId":  "S121",
"locations":  [
{
"analysisTarget":  [
{
"uri":  "Nancy\\src\\Nancy.Tests\\Unit\\Json\\TestPrimitiveConverterType.cs",
"region":  {
"startLine":  10,
"startColumn":  3,
"endLine":  10,
"endColumn":  5
}
}
]
}
],
"shortMessage":  "Add curly braces around the nested statement(s) in this \"if\" block.",
"fullMessage":  "While not technically incorrect, the omission of curly braces can be misleading, and may lead to the introduction of errors during maintenance.",
"properties":  {
"severity":  "Warning",
"warningLevel":  "1",
"defaultSeverity":  "Warning",
"title":  "Control structures should use curly braces",
"category":  "Maintainability",
"helpLink":  "http://vs.sonarlint.org/rules/index.html#version=1.9.0\u0026ruleId=S121",
"isEnabledByDefault":  "False",
"isSuppressedInSource":  "False"
}
},
{
"ruleId":  "S121",
"locations":  [
{
"analysisTarget":  [
{
"uri":  "Nancy\\src\\Nancy.Tests\\Unit\\ModelBinding\\BindingMemberInfoFixture.cs",
"region":  {
"startLine":  166,
"startColumn":  12,
"endLine":  166,
"endColumn":  19
}
}
]
}
],
"shortMessage":  "Add curly braces around the nested statement(s) in this \"foreach\" block.",
"fullMessage":  "While not technically incorrect, the omission of curly braces can be misleading, and may lead to the introduction of errors during maintenance.",
"properties":  {
"severity":  "Warning",
"warningLevel":  "1",
"defaultSeverity":  "Warning",
"title":  "Control structures should use curly braces",
"category":  "Maintainability",
"helpLink":  "http://vs.sonarlint.org/rules/index.html#version=1.9.0\u0026ruleId=S121",
"isEnabledByDefault":  "False",
"isSuppressedInSource":  "False"
}
},
{
"ruleId":  "S121",
"locations":  [
{
"analysisTarget":  [
{
"uri":  "Nancy\\src\\Nancy.Tests\\Unit\\ModelBinding\\DefaultBodyDeserializers\\XmlBodyDeserializerfixture.cs",
"region":  {
"startLine":  149,
"startColumn":  16,
"endLine":  149,
"endColumn":  18
}
}
]
}
],
"shortMessage":  "Add curly braces around the nested statement(s) in this \"if\" block.",
"fullMessage":  "While not technically incorrect, the omission of curly braces can be misleading, and may lead to the introduction of errors during maintenance.",
"properties":  {
"severity":  "Warning",
"warningLevel":  "1",
"defaultSeverity":  "Warning",
"title":  "Control structures should use curly braces",
"category":  "Maintainability",
"helpLink":  "http://vs.sonarlint.org/rules/index.html#version=1.9.0\u0026ruleId=S121",
"isEnabledByDefault":  "False",
"isSuppressedInSource":  "False"
}
},
{
"ruleId":  "S121",
"locations":  [
{
"analysisTarget":  [
{
"uri":  "Nancy\\src\\Nancy.Tests\\Unit\\ModelBinding\\DefaultBodyDeserializers\\XmlBodyDeserializerfixture.cs",
"region":  {
"startLine":  150,
"startColumn":  16,
"endLine":  150,
"endColumn":  18
}
}
]
}
],
"shortMessage":  "Add curly braces around the nested statement(s) in this \"if\" block.",
"fullMessage":  "While not technically incorrect, the omission of curly braces can be misleading, and may lead to the introduction of errors during maintenance.",
"properties":  {
"severity":  "Warning",
"warningLevel":  "1",
"defaultSeverity":  "Warning",
"title":  "Control structures should use curly braces",
"category":  "Maintainability",
"helpLink":  "http://vs.sonarlint.org/rules/index.html#version=1.9.0\u0026ruleId=S121",
"isEnabledByDefault":  "False",
"isSuppressedInSource":  "False"
}
},
{
"ruleId":  "S121",
"locations":  [
{
"analysisTarget":  [
{
"uri":  "Nancy\\src\\Nancy.Tests\\Unit\\ModelBinding\\DefaultBodyDeserializers\\XmlBodyDeserializerfixture.cs",
"region":  {
"startLine":  156,
"startColumn":  16,
"endLine":  156,
"endColumn":  18
}
}
]
}
],
"shortMessage":  "Add curly braces around the nested statement(s) in this \"if\" block.",
"fullMessage":  "While not technically incorrect, the omission of curly braces can be misleading, and may lead to the introduction of errors during maintenance.",
"properties":  {
"severity":  "Warning",
"warningLevel":  "1",
"defaultSeverity":  "Warning",
"title":  "Control structures should use curly braces",
"category":  "Maintainability",
"helpLink":  "http://vs.sonarlint.org/rules/index.html#version=1.9.0\u0026ruleId=S121",
"isEnabledByDefault":  "False",
"isSuppressedInSource":  "False"
}
},
{
"ruleId":  "S121",
"locations":  [
{
"analysisTarget":  [
{
"uri":  "Nancy\\src\\Nancy.Tests\\Unit\\ModelBinding\\DefaultBodyDeserializers\\XmlBodyDeserializerfixture.cs",
"region":  {
"startLine":  157,
"startColumn":  16,
"endLine":  157,
"endColumn":  18
}
}
]
}
],
"shortMessage":  "Add curly braces around the nested statement(s) in this \"if\" block.",
"fullMessage":  "While not technically incorrect, the omission of curly braces can be misleading, and may lead to the introduction of errors during maintenance.",
"properties":  {
"severity":  "Warning",
"warningLevel":  "1",
"defaultSeverity":  "Warning",
"title":  "Control structures should use curly braces",
"category":  "Maintainability",
"helpLink":  "http://vs.sonarlint.org/rules/index.html#version=1.9.0\u0026ruleId=S121",
"isEnabledByDefault":  "False",
"isSuppressedInSource":  "False"
}
},
{
"ruleId":  "S121",
"locations":  [
{
"analysisTarget":  [
{
"uri":  "Nancy\\src\\Nancy.Tests\\Unit\\ModelBinding\\DefaultBodyDeserializers\\XmlBodyDeserializerfixture.cs",
"region":  {
"startLine":  158,
"startColumn":  16,
"endLine":  158,
"endColumn":  18
}
}
]
}
],
"shortMessage":  "Add curly braces around the nested statement(s) in this \"if\" block.",
"fullMessage":  "While not technically incorrect, the omission of curly braces can be misleading, and may lead to the introduction of errors during maintenance.",
"properties":  {
"severity":  "Warning",
"warningLevel":  "1",
"defaultSeverity":  "Warning",
"title":  "Control structures should use curly braces",
"category":  "Maintainability",
"helpLink":  "http://vs.sonarlint.org/rules/index.html#version=1.9.0\u0026ruleId=S121",
"isEnabledByDefault":  "False",
"isSuppressedInSource":  "False"
}
}
]
}
