{
"issues":  [
{
"id":  "S1541",
"message":  "The Cyclomatic Complexity of this method is 12 which is greater than 10 authorized.",
"location":  [
{
"uri":  "akka.net\\src\\core\\Akka.TestKit.Tests\\TestActorRefTests\\SenderActor.cs",
"region":  {
"startLine":  21,
"startColumn":  33,
"endLine":  21,
"endColumn":  47
}
},
null
]
}
]
}
