{
"issues":  [
{
"id":  "S1854",
"message":  "Remove this useless assignment to local variable \"resolver\".",
"location":  {
"uri":  "akka.net\\src\\contrib\\dependencyInjection\\Akka.DI.TestKit\\DiResolverSpec.cs",
"region":  {
"startLine":  205,
"startColumn":  26,
"endLine":  205,
"endColumn":  27
}
}
}
]
}
