{
"issues":  [
{
"id":  "S2360",
"message":  "Use the overloading mechanism instead of the optional parameters.",
"location":  [
{
"uri":  "akka.net\\src\\contrib\\cluster\\Akka.Cluster.Sharding\\PersistentShardCoordinator.cs",
"region":  {
"startLine":  129,
"startColumn":  79,
"endLine":  129,
"endColumn":  85
}
},
null
]
},
{
"id":  "S2360",
"message":  "Use the overloading mechanism instead of the optional parameters.",
"location":  [
{
"uri":  "akka.net\\src\\contrib\\cluster\\Akka.Cluster.Sharding\\PersistentShardCoordinator.cs",
"region":  {
"startLine":  130,
"startColumn":  82,
"endLine":  130,
"endColumn":  88
}
},
null
]
},
{
"id":  "S2360",
"message":  "Use the overloading mechanism instead of the optional parameters.",
"location":  [
{
"uri":  "akka.net\\src\\contrib\\cluster\\Akka.Cluster.Sharding\\PersistentShardCoordinator.cs",
"region":  {
"startLine":  131,
"startColumn":  56,
"endLine":  131,
"endColumn":  62
}
},
null
]
},
{
"id":  "S2360",
"message":  "Use the overloading mechanism instead of the optional parameters.",
"location":  [
{
"uri":  "akka.net\\src\\contrib\\cluster\\Akka.Cluster.Sharding\\PersistentShardCoordinator.cs",
"region":  {
"startLine":  132,
"startColumn":  58,
"endLine":  132,
"endColumn":  64
}
},
null
]
}
]
}
