{
"issues":  [
{
"id":  "S122",
"message":  "Reformat the code to have only one statement per line.",
"location":  [
{
"uri":  "akka.net\\src\\contrib\\cluster\\Akka.Cluster.Tools\\Client\\ClusterClient.cs",
"region":  {
"startLine":  133,
"startColumn":  13,
"endLine":  133,
"endColumn":  133
}
},
null
]
},
{
"id":  "S122",
"message":  "Reformat the code to have only one statement per line.",
"location":  [
{
"uri":  "akka.net\\src\\contrib\\cluster\\Akka.Cluster.Tools\\Client\\ClusterClient.cs",
"region":  {
"startLine":  153,
"startColumn":  13,
"endLine":  153,
"endColumn":  89
}
},
null
]
},
{
"id":  "S122",
"message":  "Reformat the code to have only one statement per line.",
"location":  [
{
"uri":  "akka.net\\src\\contrib\\cluster\\Akka.Cluster.Tools\\Client\\ClusterClientReceptionist.cs",
"region":  {
"startLine":  117,
"startColumn":  13,
"endLine":  117,
"endColumn":  58
}
},
null
]
},
{
"id":  "S122",
"message":  "Reformat the code to have only one statement per line.",
"location":  [
{
"uri":  "akka.net\\src\\contrib\\cluster\\Akka.Cluster.Tools\\Client\\ClusterClientReceptionist.cs",
"region":  {
"startLine":  122,
"startColumn":  17,
"endLine":  122,
"endColumn":  100
}
},
null
]
},
{
"id":  "S122",
"message":  "Reformat the code to have only one statement per line.",
"location":  [
{
"uri":  "akka.net\\src\\contrib\\cluster\\Akka.Cluster.Tools\\Client\\ClusterReceptionist.cs",
"region":  {
"startLine":  110,
"startColumn":  17,
"endLine":  110,
"endColumn":  40
}
},
null
]
},
{
"id":  "S122",
"message":  "Reformat the code to have only one statement per line.",
"location":  [
{
"uri":  "akka.net\\src\\contrib\\cluster\\Akka.Cluster.Tools\\Client\\ClusterReceptionist.cs",
"region":  {
"startLine":  236,
"startColumn":  13,
"endLine":  236,
"endColumn":  111
}
},
null
]
},
{
"id":  "S122",
"message":  "Reformat the code to have only one statement per line.",
"location":  [
{
"uri":  "akka.net\\src\\contrib\\cluster\\Akka.Cluster.Tools\\Client\\ClusterReceptionist.cs",
"region":  {
"startLine":  283,
"startColumn":  18,
"endLine":  283,
"endColumn":  68
}
},
null
]
},
{
"id":  "S122",
"message":  "Reformat the code to have only one statement per line.",
"location":  [
{
"uri":  "akka.net\\src\\contrib\\cluster\\Akka.Cluster.Tools\\Client\\Serialization\\ClusterClientMessageSerializer.cs",
"region":  {
"startLine":  35,
"startColumn":  13,
"endLine":  35,
"endColumn":  122
}
},
null
]
},
{
"id":  "S122",
"message":  "Reformat the code to have only one statement per line.",
"location":  [
{
"uri":  "akka.net\\src\\contrib\\cluster\\Akka.Cluster.Tools\\Client\\Serialization\\ClusterClientMessageSerializer.cs",
"region":  {
"startLine":  36,
"startColumn":  13,
"endLine":  36,
"endColumn":  73
}
},
null
]
},
{
"id":  "S122",
"message":  "Reformat the code to have only one statement per line.",
"location":  [
{
"uri":  "akka.net\\src\\contrib\\cluster\\Akka.Cluster.Tools\\Client\\Serialization\\ClusterClientMessageSerializer.cs",
"region":  {
"startLine":  37,
"startColumn":  13,
"endLine":  37,
"endColumn":  71
}
},
null
]
},
{
"id":  "S122",
"message":  "Reformat the code to have only one statement per line.",
"location":  [
{
"uri":  "akka.net\\src\\contrib\\cluster\\Akka.Cluster.Tools\\Client\\Serialization\\ClusterClientMessageSerializer.cs",
"region":  {
"startLine":  38,
"startColumn":  13,
"endLine":  38,
"endColumn":  74
}
},
null
]
},
{
"id":  "S122",
"message":  "Reformat the code to have only one statement per line.",
"location":  [
{
"uri":  "akka.net\\src\\contrib\\cluster\\Akka.Cluster.Tools\\Client\\Serialization\\ClusterClientMessageSerializer.cs",
"region":  {
"startLine":  56,
"startColumn":  13,
"endLine":  56,
"endColumn":  76
}
},
null
]
},
{
"id":  "S122",
"message":  "Reformat the code to have only one statement per line.",
"location":  [
{
"uri":  "akka.net\\src\\contrib\\cluster\\Akka.Cluster.Tools\\Client\\Serialization\\ClusterClientMessageSerializer.cs",
"region":  {
"startLine":  57,
"startColumn":  13,
"endLine":  57,
"endColumn":  82
}
},
null
]
},
{
"id":  "S122",
"message":  "Reformat the code to have only one statement per line.",
"location":  [
{
"uri":  "akka.net\\src\\contrib\\cluster\\Akka.Cluster.Tools\\Client\\Serialization\\ClusterClientMessageSerializer.cs",
"region":  {
"startLine":  58,
"startColumn":  13,
"endLine":  58,
"endColumn":  78
}
},
null
]
},
{
"id":  "S122",
"message":  "Reformat the code to have only one statement per line.",
"location":  [
{
"uri":  "akka.net\\src\\contrib\\cluster\\Akka.Cluster.Tools\\Client\\Serialization\\ClusterClientMessageSerializer.cs",
"region":  {
"startLine":  59,
"startColumn":  13,
"endLine":  59,
"endColumn":  84
}
},
null
]
},
{
"id":  "S122",
"message":  "Reformat the code to have only one statement per line.",
"location":  [
{
"uri":  "akka.net\\src\\contrib\\cluster\\Akka.Cluster.Tools\\PublishSubscribe\\DistributedMessages.cs",
"region":  {
"startLine":  29,
"startColumn":  17,
"endLine":  29,
"endColumn":  64
}
},
null
]
},
{
"id":  "S122",
"message":  "Reformat the code to have only one statement per line.",
"location":  [
{
"uri":  "akka.net\\src\\contrib\\cluster\\Akka.Cluster.Tools\\PublishSubscribe\\DistributedMessages.cs",
"region":  {
"startLine":  30,
"startColumn":  17,
"endLine":  30,
"endColumn":  63
}
},
null
]
},
{
"id":  "S122",
"message":  "Reformat the code to have only one statement per line.",
"location":  [
{
"uri":  "akka.net\\src\\contrib\\cluster\\Akka.Cluster.Tools\\PublishSubscribe\\DistributedMessages.cs",
"region":  {
"startLine":  62,
"startColumn":  17,
"endLine":  62,
"endColumn":  64
}
},
null
]
},
{
"id":  "S122",
"message":  "Reformat the code to have only one statement per line.",
"location":  [
{
"uri":  "akka.net\\src\\contrib\\cluster\\Akka.Cluster.Tools\\PublishSubscribe\\DistributedMessages.cs",
"region":  {
"startLine":  63,
"startColumn":  17,
"endLine":  63,
"endColumn":  63
}
},
null
]
},
{
"id":  "S122",
"message":  "Reformat the code to have only one statement per line.",
"location":  [
{
"uri":  "akka.net\\src\\contrib\\cluster\\Akka.Cluster.Tools\\PublishSubscribe\\DistributedMessages.cs",
"region":  {
"startLine":  92,
"startColumn":  17,
"endLine":  92,
"endColumn":  103
}
},
null
]
},
{
"id":  "S122",
"message":  "Reformat the code to have only one statement per line.",
"location":  [
{
"uri":  "akka.net\\src\\contrib\\cluster\\Akka.Cluster.Tools\\PublishSubscribe\\DistributedMessages.cs",
"region":  {
"startLine":  101,
"startColumn":  17,
"endLine":  101,
"endColumn":  64
}
},
null
]
},
{
"id":  "S122",
"message":  "Reformat the code to have only one statement per line.",
"location":  [
{
"uri":  "akka.net\\src\\contrib\\cluster\\Akka.Cluster.Tools\\PublishSubscribe\\DistributedMessages.cs",
"region":  {
"startLine":  102,
"startColumn":  17,
"endLine":  102,
"endColumn":  63
}
},
null
]
},
{
"id":  "S122",
"message":  "Reformat the code to have only one statement per line.",
"location":  [
{
"uri":  "akka.net\\src\\contrib\\cluster\\Akka.Cluster.Tools\\PublishSubscribe\\DistributedMessages.cs",
"region":  {
"startLine":  139,
"startColumn":  17,
"endLine":  139,
"endColumn":  103
}
},
null
]
},
{
"id":  "S122",
"message":  "Reformat the code to have only one statement per line.",
"location":  [
{
"uri":  "akka.net\\src\\contrib\\cluster\\Akka.Cluster.Tools\\PublishSubscribe\\DistributedMessages.cs",
"region":  {
"startLine":  148,
"startColumn":  17,
"endLine":  148,
"endColumn":  64
}
},
null
]
},
{
"id":  "S122",
"message":  "Reformat the code to have only one statement per line.",
"location":  [
{
"uri":  "akka.net\\src\\contrib\\cluster\\Akka.Cluster.Tools\\PublishSubscribe\\DistributedMessages.cs",
"region":  {
"startLine":  149,
"startColumn":  17,
"endLine":  149,
"endColumn":  63
}
},
null
]
},
{
"id":  "S122",
"message":  "Reformat the code to have only one statement per line.",
"location":  [
{
"uri":  "akka.net\\src\\contrib\\cluster\\Akka.Cluster.Tools\\PublishSubscribe\\DistributedMessages.cs",
"region":  {
"startLine":  189,
"startColumn":  17,
"endLine":  189,
"endColumn":  64
}
},
null
]
},
{
"id":  "S122",
"message":  "Reformat the code to have only one statement per line.",
"location":  [
{
"uri":  "akka.net\\src\\contrib\\cluster\\Akka.Cluster.Tools\\PublishSubscribe\\DistributedMessages.cs",
"region":  {
"startLine":  190,
"startColumn":  17,
"endLine":  190,
"endColumn":  63
}
},
null
]
},
{
"id":  "S122",
"message":  "Reformat the code to have only one statement per line.",
"location":  [
{
"uri":  "akka.net\\src\\contrib\\cluster\\Akka.Cluster.Tools\\PublishSubscribe\\DistributedMessages.cs",
"region":  {
"startLine":  222,
"startColumn":  17,
"endLine":  222,
"endColumn":  64
}
},
null
]
},
{
"id":  "S122",
"message":  "Reformat the code to have only one statement per line.",
"location":  [
{
"uri":  "akka.net\\src\\contrib\\cluster\\Akka.Cluster.Tools\\PublishSubscribe\\DistributedMessages.cs",
"region":  {
"startLine":  223,
"startColumn":  17,
"endLine":  223,
"endColumn":  63
}
},
null
]
},
{
"id":  "S122",
"message":  "Reformat the code to have only one statement per line.",
"location":  [
{
"uri":  "akka.net\\src\\contrib\\cluster\\Akka.Cluster.Tools\\PublishSubscribe\\DistributedMessages.cs",
"region":  {
"startLine":  259,
"startColumn":  17,
"endLine":  259,
"endColumn":  64
}
},
null
]
},
{
"id":  "S122",
"message":  "Reformat the code to have only one statement per line.",
"location":  [
{
"uri":  "akka.net\\src\\contrib\\cluster\\Akka.Cluster.Tools\\PublishSubscribe\\DistributedMessages.cs",
"region":  {
"startLine":  260,
"startColumn":  17,
"endLine":  260,
"endColumn":  63
}
},
null
]
},
{
"id":  "S122",
"message":  "Reformat the code to have only one statement per line.",
"location":  [
{
"uri":  "akka.net\\src\\contrib\\cluster\\Akka.Cluster.Tools\\PublishSubscribe\\DistributedMessages.cs",
"region":  {
"startLine":  304,
"startColumn":  17,
"endLine":  304,
"endColumn":  64
}
},
null
]
},
{
"id":  "S122",
"message":  "Reformat the code to have only one statement per line.",
"location":  [
{
"uri":  "akka.net\\src\\contrib\\cluster\\Akka.Cluster.Tools\\PublishSubscribe\\DistributedMessages.cs",
"region":  {
"startLine":  305,
"startColumn":  17,
"endLine":  305,
"endColumn":  63
}
},
null
]
},
{
"id":  "S122",
"message":  "Reformat the code to have only one statement per line.",
"location":  [
{
"uri":  "akka.net\\src\\contrib\\cluster\\Akka.Cluster.Tools\\PublishSubscribe\\DistributedMessages.cs",
"region":  {
"startLine":  349,
"startColumn":  17,
"endLine":  349,
"endColumn":  64
}
},
null
]
},
{
"id":  "S122",
"message":  "Reformat the code to have only one statement per line.",
"location":  [
{
"uri":  "akka.net\\src\\contrib\\cluster\\Akka.Cluster.Tools\\PublishSubscribe\\DistributedMessages.cs",
"region":  {
"startLine":  350,
"startColumn":  17,
"endLine":  350,
"endColumn":  63
}
},
null
]
},
{
"id":  "S122",
"message":  "Reformat the code to have only one statement per line.",
"location":  [
{
"uri":  "akka.net\\src\\contrib\\cluster\\Akka.Cluster.Tools\\PublishSubscribe\\DistributedMessages.cs",
"region":  {
"startLine":  386,
"startColumn":  17,
"endLine":  386,
"endColumn":  49
}
},
null
]
},
{
"id":  "S122",
"message":  "Reformat the code to have only one statement per line.",
"location":  [
{
"uri":  "akka.net\\src\\contrib\\cluster\\Akka.Cluster.Tools\\PublishSubscribe\\DistributedMessages.cs",
"region":  {
"startLine":  413,
"startColumn":  17,
"endLine":  413,
"endColumn":  64
}
},
null
]
},
{
"id":  "S122",
"message":  "Reformat the code to have only one statement per line.",
"location":  [
{
"uri":  "akka.net\\src\\contrib\\cluster\\Akka.Cluster.Tools\\PublishSubscribe\\DistributedMessages.cs",
"region":  {
"startLine":  414,
"startColumn":  17,
"endLine":  414,
"endColumn":  63
}
},
null
]
},
{
"id":  "S122",
"message":  "Reformat the code to have only one statement per line.",
"location":  [
{
"uri":  "akka.net\\src\\contrib\\cluster\\Akka.Cluster.Tools\\PublishSubscribe\\DistributedPubSubMediator.cs",
"region":  {
"startLine":  156,
"startColumn":  25,
"endLine":  156,
"endColumn":  65
}
},
null
]
},
{
"id":  "S122",
"message":  "Reformat the code to have only one statement per line.",
"location":  [
{
"uri":  "akka.net\\src\\contrib\\cluster\\Akka.Cluster.Tools\\PublishSubscribe\\DistributedPubSubMediator.cs",
"region":  {
"startLine":  165,
"startColumn":  33,
"endLine":  165,
"endColumn":  73
}
},
null
]
},
{
"id":  "S122",
"message":  "Reformat the code to have only one statement per line.",
"location":  [
{
"uri":  "akka.net\\src\\contrib\\cluster\\Akka.Cluster.Tools\\PublishSubscribe\\DistributedPubSubMediator.cs",
"region":  {
"startLine":  312,
"startColumn":  17,
"endLine":  312,
"endColumn":  78
}
},
null
]
},
{
"id":  "S122",
"message":  "Reformat the code to have only one statement per line.",
"location":  [
{
"uri":  "akka.net\\src\\contrib\\cluster\\Akka.Cluster.Tools\\PublishSubscribe\\DistributedPubSubMediator.cs",
"region":  {
"startLine":  511,
"startColumn":  13,
"endLine":  511,
"endColumn":  72
}
},
null
]
},
{
"id":  "S122",
"message":  "Reformat the code to have only one statement per line.",
"location":  [
{
"uri":  "akka.net\\src\\contrib\\cluster\\Akka.Cluster.Tools\\PublishSubscribe\\DistributedPubSubMediator.cs",
"region":  {
"startLine":  518,
"startColumn":  13,
"endLine":  518,
"endColumn":  111
}
},
null
]
},
{
"id":  "S122",
"message":  "Reformat the code to have only one statement per line.",
"location":  [
{
"uri":  "akka.net\\src\\contrib\\cluster\\Akka.Cluster.Tools\\PublishSubscribe\\DistributedPubSubSettings.cs",
"region":  {
"startLine":  23,
"startColumn":  13,
"endLine":  23,
"endColumn":  140
}
},
null
]
},
{
"id":  "S122",
"message":  "Reformat the code to have only one statement per line.",
"location":  [
{
"uri":  "akka.net\\src\\contrib\\cluster\\Akka.Cluster.Tools\\PublishSubscribe\\Internal\\Topics.cs",
"region":  {
"startLine":  66,
"startColumn":  17,
"endLine":  66,
"endColumn":  90
}
},
null
]
},
{
"id":  "S122",
"message":  "Reformat the code to have only one statement per line.",
"location":  [
{
"uri":  "akka.net\\src\\contrib\\cluster\\Akka.Cluster.Tools\\PublishSubscribe\\Serialization\\DistributedPubSubMessageSerializer.cs",
"region":  {
"startLine":  59,
"startColumn":  13,
"endLine":  59,
"endColumn":  96
}
},
null
]
},
{
"id":  "S122",
"message":  "Reformat the code to have only one statement per line.",
"location":  [
{
"uri":  "akka.net\\src\\contrib\\cluster\\Akka.Cluster.Tools\\PublishSubscribe\\Serialization\\DistributedPubSubMessageSerializer.cs",
"region":  {
"startLine":  60,
"startColumn":  18,
"endLine":  60,
"endColumn":  98
}
},
null
]
},
{
"id":  "S122",
"message":  "Reformat the code to have only one statement per line.",
"location":  [
{
"uri":  "akka.net\\src\\contrib\\cluster\\Akka.Cluster.Tools\\PublishSubscribe\\Serialization\\DistributedPubSubMessageSerializer.cs",
"region":  {
"startLine":  61,
"startColumn":  18,
"endLine":  61,
"endColumn":  105
}
},
null
]
},
{
"id":  "S122",
"message":  "Reformat the code to have only one statement per line.",
"location":  [
{
"uri":  "akka.net\\src\\contrib\\cluster\\Akka.Cluster.Tools\\PublishSubscribe\\Serialization\\DistributedPubSubMessageSerializer.cs",
"region":  {
"startLine":  62,
"startColumn":  18,
"endLine":  62,
"endColumn":  120
}
},
null
]
},
{
"id":  "S122",
"message":  "Reformat the code to have only one statement per line.",
"location":  [
{
"uri":  "akka.net\\src\\contrib\\cluster\\Akka.Cluster.Tools\\PublishSubscribe\\Serialization\\DistributedPubSubMessageSerializer.cs",
"region":  {
"startLine":  63,
"startColumn":  18,
"endLine":  63,
"endColumn":  114
}
},
null
]
},
{
"id":  "S122",
"message":  "Reformat the code to have only one statement per line.",
"location":  [
{
"uri":  "akka.net\\src\\contrib\\cluster\\Akka.Cluster.Tools\\PublishSubscribe\\Serialization\\DistributedPubSubMessageSerializer.cs",
"region":  {
"startLine":  80,
"startColumn":  13,
"endLine":  80,
"endColumn":  61
}
},
null
]
},
{
"id":  "S122",
"message":  "Reformat the code to have only one statement per line.",
"location":  [
{
"uri":  "akka.net\\src\\contrib\\cluster\\Akka.Cluster.Tools\\PublishSubscribe\\Serialization\\DistributedPubSubMessageSerializer.cs",
"region":  {
"startLine":  81,
"startColumn":  13,
"endLine":  81,
"endColumn":  59
}
},
null
]
},
{
"id":  "S122",
"message":  "Reformat the code to have only one statement per line.",
"location":  [
{
"uri":  "akka.net\\src\\contrib\\cluster\\Akka.Cluster.Tools\\PublishSubscribe\\Serialization\\DistributedPubSubMessageSerializer.cs",
"region":  {
"startLine":  82,
"startColumn":  13,
"endLine":  82,
"endColumn":  60
}
},
null
]
},
{
"id":  "S122",
"message":  "Reformat the code to have only one statement per line.",
"location":  [
{
"uri":  "akka.net\\src\\contrib\\cluster\\Akka.Cluster.Tools\\PublishSubscribe\\Serialization\\DistributedPubSubMessageSerializer.cs",
"region":  {
"startLine":  83,
"startColumn":  13,
"endLine":  83,
"endColumn":  70
}
},
null
]
},
{
"id":  "S122",
"message":  "Reformat the code to have only one statement per line.",
"location":  [
{
"uri":  "akka.net\\src\\contrib\\cluster\\Akka.Cluster.Tools\\PublishSubscribe\\Serialization\\DistributedPubSubMessageSerializer.cs",
"region":  {
"startLine":  84,
"startColumn":  13,
"endLine":  84,
"endColumn":  66
}
},
null
]
},
{
"id":  "S122",
"message":  "Reformat the code to have only one statement per line.",
"location":  [
{
"uri":  "akka.net\\src\\contrib\\cluster\\Akka.Cluster.Tools\\Singleton\\ClusterSingletonManager.cs",
"region":  {
"startLine":  368,
"startColumn":  13,
"endLine":  368,
"endColumn":  76
}
},
null
]
},
{
"id":  "S122",
"message":  "Reformat the code to have only one statement per line.",
"location":  [
{
"uri":  "akka.net\\src\\contrib\\cluster\\Akka.Cluster.Tools\\Singleton\\ClusterSingletonManager.cs",
"region":  {
"startLine":  370,
"startColumn":  13,
"endLine":  370,
"endColumn":  97
}
},
null
]
},
{
"id":  "S122",
"message":  "Reformat the code to have only one statement per line.",
"location":  [
{
"uri":  "akka.net\\src\\contrib\\cluster\\Akka.Cluster.Tools\\Singleton\\ClusterSingletonManager.cs",
"region":  {
"startLine":  417,
"startColumn":  25,
"endLine":  417,
"endColumn":  77
}
},
null
]
},
{
"id":  "S122",
"message":  "Reformat the code to have only one statement per line.",
"location":  [
{
"uri":  "akka.net\\src\\contrib\\cluster\\Akka.Cluster.Tools\\Singleton\\ClusterSingletonManager.cs",
"region":  {
"startLine":  418,
"startColumn":  30,
"endLine":  418,
"endColumn":  96
}
},
null
]
},
{
"id":  "S122",
"message":  "Reformat the code to have only one statement per line.",
"location":  [
{
"uri":  "akka.net\\src\\contrib\\cluster\\Akka.Cluster.Tools\\Singleton\\ClusterSingletonManager.cs",
"region":  {
"startLine":  472,
"startColumn":  29,
"endLine":  472,
"endColumn":  110
}
},
null
]
},
{
"id":  "S122",
"message":  "Reformat the code to have only one statement per line.",
"location":  [
{
"uri":  "akka.net\\src\\contrib\\cluster\\Akka.Cluster.Tools\\Singleton\\ClusterSingletonManager.cs",
"region":  {
"startLine":  484,
"startColumn":  29,
"endLine":  484,
"endColumn":  69
}
},
null
]
},
{
"id":  "S122",
"message":  "Reformat the code to have only one statement per line.",
"location":  [
{
"uri":  "akka.net\\src\\contrib\\cluster\\Akka.Cluster.Tools\\Singleton\\ClusterSingletonManager.cs",
"region":  {
"startLine":  681,
"startColumn":  17,
"endLine":  681,
"endColumn":  83
}
},
null
]
},
{
"id":  "S122",
"message":  "Reformat the code to have only one statement per line.",
"location":  [
{
"uri":  "akka.net\\src\\contrib\\cluster\\Akka.Cluster.Tools\\Singleton\\ClusterSingletonManager.cs",
"region":  {
"startLine":  733,
"startColumn":  17,
"endLine":  733,
"endColumn":  149
}
},
null
]
},
{
"id":  "S122",
"message":  "Reformat the code to have only one statement per line.",
"location":  [
{
"uri":  "akka.net\\src\\contrib\\cluster\\Akka.Cluster.Tools\\Singleton\\ClusterSingletonManager.cs",
"region":  {
"startLine":  734,
"startColumn":  17,
"endLine":  734,
"endColumn":  99
}
},
null
]
},
{
"id":  "S122",
"message":  "Reformat the code to have only one statement per line.",
"location":  [
{
"uri":  "akka.net\\src\\contrib\\cluster\\Akka.Cluster.Tools\\Singleton\\ClusterSingletonManager.cs",
"region":  {
"startLine":  735,
"startColumn":  17,
"endLine":  735,
"endColumn":  94
}
},
null
]
},
{
"id":  "S122",
"message":  "Reformat the code to have only one statement per line.",
"location":  [
{
"uri":  "akka.net\\src\\contrib\\cluster\\Akka.Cluster.Tools\\Singleton\\ClusterSingletonManager.cs",
"region":  {
"startLine":  736,
"startColumn":  17,
"endLine":  736,
"endColumn":  118
}
},
null
]
},
{
"id":  "S122",
"message":  "Reformat the code to have only one statement per line.",
"location":  [
{
"uri":  "akka.net\\src\\contrib\\cluster\\Akka.Cluster.Tools\\Singleton\\ClusterSingletonManagerSettings.cs",
"region":  {
"startLine":  29,
"startColumn":  13,
"endLine":  29,
"endColumn":  51
}
},
null
]
},
{
"id":  "S122",
"message":  "Reformat the code to have only one statement per line.",
"location":  [
{
"uri":  "akka.net\\src\\contrib\\cluster\\Akka.Cluster.Tools\\Singleton\\ClusterSingletonProxy.cs",
"region":  {
"startLine":  162,
"startColumn":  13,
"endLine":  162,
"endColumn":  67
}
},
null
]
},
{
"id":  "S122",
"message":  "Reformat the code to have only one statement per line.",
"location":  [
{
"uri":  "akka.net\\src\\contrib\\cluster\\Akka.Cluster.Tools\\Singleton\\ClusterSingletonProxy.cs",
"region":  {
"startLine":  189,
"startColumn":  13,
"endLine":  189,
"endColumn":  61
}
},
null
]
},
{
"id":  "S122",
"message":  "Reformat the code to have only one statement per line.",
"location":  [
{
"uri":  "akka.net\\src\\contrib\\cluster\\Akka.Cluster.Tools\\Singleton\\ClusterSingletonProxySettings.cs",
"region":  {
"startLine":  28,
"startColumn":  13,
"endLine":  28,
"endColumn":  51
}
},
null
]
},
{
"id":  "S122",
"message":  "Reformat the code to have only one statement per line.",
"location":  [
{
"uri":  "akka.net\\src\\contrib\\cluster\\Akka.Cluster.Tools\\Singleton\\MemberAgeOrdering.cs",
"region":  {
"startLine":  22,
"startColumn":  13,
"endLine":  22,
"endColumn":  39
}
},
null
]
},
{
"id":  "S122",
"message":  "Reformat the code to have only one statement per line.",
"location":  [
{
"uri":  "akka.net\\src\\contrib\\cluster\\Akka.Cluster.Tools\\Singleton\\OldestChangedBuffer.cs",
"region":  {
"startLine":  135,
"startColumn":  13,
"endLine":  135,
"endColumn":  119
}
},
null
]
},
{
"id":  "S122",
"message":  "Reformat the code to have only one statement per line.",
"location":  [
{
"uri":  "akka.net\\src\\contrib\\cluster\\Akka.Cluster.Tools\\Singleton\\OldestChangedBuffer.cs",
"region":  {
"startLine":  136,
"startColumn":  18,
"endLine":  136,
"endColumn":  101
}
},
null
]
},
{
"id":  "S122",
"message":  "Reformat the code to have only one statement per line.",
"location":  [
{
"uri":  "akka.net\\src\\contrib\\cluster\\Akka.Cluster.Tools\\Singleton\\OldestChangedBuffer.cs",
"region":  {
"startLine":  137,
"startColumn":  18,
"endLine":  137,
"endColumn":  155
}
},
null
]
},
{
"id":  "S122",
"message":  "Reformat the code to have only one statement per line.",
"location":  [
{
"uri":  "akka.net\\src\\contrib\\cluster\\Akka.Cluster.Tools\\Singleton\\OldestChangedBuffer.cs",
"region":  {
"startLine":  138,
"startColumn":  18,
"endLine":  138,
"endColumn":  99
}
},
null
]
},
{
"id":  "S122",
"message":  "Reformat the code to have only one statement per line.",
"location":  [
{
"uri":  "akka.net\\src\\contrib\\cluster\\Akka.Cluster.Tools\\Singleton\\OldestChangedBuffer.cs",
"region":  {
"startLine":  139,
"startColumn":  18,
"endLine":  139,
"endColumn":  60
}
},
null
]
}
]
}
