{
"version":  "0.1",
"toolInfo":  {
"toolName":  "Microsoft (R) Visual C# Compiler",
"productVersion":  "1.1.0",
"fileVersion":  "1.1.0"
},
"issues":  [
{
"ruleId":  "S103",
"locations":  [
{
"analysisTarget":  [
{
"uri":  "akka.net\\src\\core\\Akka.Remote\\Endpoint.cs",
"region":  {
"startLine":  386,
"startColumn":  0,
"endLine":  386,
"endColumn":  213
}
}
]
}
],
"shortMessage":  "Split this 213 characters long line (which is greater than 200 authorized).",
"fullMessage":  "Having to scroll horizontally makes it harder to get a quick overview and understanding of any piece of code.",
"properties":  {
"severity":  "Warning",
"warningLevel":  "1",
"defaultSeverity":  "Warning",
"title":  "Lines should not be too long",
"category":  "Maintainability",
"helpLink":  "http://vs.sonarlint.org/rules/index.html#version=1.10.0\u0026ruleId=S103",
"isEnabledByDefault":  "False",
"isSuppressedInSource":  "False"
}
},
{
"ruleId":  "S103",
"locations":  [
{
"analysisTarget":  [
{
"uri":  "akka.net\\src\\core\\Akka.Remote\\Endpoint.cs",
"region":  {
"startLine":  1701,
"startColumn":  0,
"endLine":  1701,
"endColumn":  201
}
}
]
}
],
"shortMessage":  "Split this 201 characters long line (which is greater than 200 authorized).",
"fullMessage":  "Having to scroll horizontally makes it harder to get a quick overview and understanding of any piece of code.",
"properties":  {
"severity":  "Warning",
"warningLevel":  "1",
"defaultSeverity":  "Warning",
"title":  "Lines should not be too long",
"category":  "Maintainability",
"helpLink":  "http://vs.sonarlint.org/rules/index.html#version=1.10.0\u0026ruleId=S103",
"isEnabledByDefault":  "False",
"isSuppressedInSource":  "False"
}
},
{
"ruleId":  "S103",
"locations":  [
{
"analysisTarget":  [
{
"uri":  "akka.net\\src\\core\\Akka.Remote\\EndpointManager.cs",
"region":  {
"startLine":  194,
"startColumn":  0,
"endLine":  194,
"endColumn":  208
}
}
]
}
],
"shortMessage":  "Split this 208 characters long line (which is greater than 200 authorized).",
"fullMessage":  "Having to scroll horizontally makes it harder to get a quick overview and understanding of any piece of code.",
"properties":  {
"severity":  "Warning",
"warningLevel":  "1",
"defaultSeverity":  "Warning",
"title":  "Lines should not be too long",
"category":  "Maintainability",
"helpLink":  "http://vs.sonarlint.org/rules/index.html#version=1.10.0\u0026ruleId=S103",
"isEnabledByDefault":  "False",
"isSuppressedInSource":  "False"
}
},
{
"ruleId":  "S103",
"locations":  [
{
"analysisTarget":  [
{
"uri":  "akka.net\\src\\core\\Akka.Remote\\EndpointManager.cs",
"region":  {
"startLine":  344,
"startColumn":  0,
"endLine":  344,
"endColumn":  207
}
}
]
}
],
"shortMessage":  "Split this 207 characters long line (which is greater than 200 authorized).",
"fullMessage":  "Having to scroll horizontally makes it harder to get a quick overview and understanding of any piece of code.",
"properties":  {
"severity":  "Warning",
"warningLevel":  "1",
"defaultSeverity":  "Warning",
"title":  "Lines should not be too long",
"category":  "Maintainability",
"helpLink":  "http://vs.sonarlint.org/rules/index.html#version=1.10.0\u0026ruleId=S103",
"isEnabledByDefault":  "False",
"isSuppressedInSource":  "False"
}
},
{
"ruleId":  "S103",
"locations":  [
{
"analysisTarget":  [
{
"uri":  "akka.net\\src\\core\\Akka.Remote\\EndpointManager.cs",
"region":  {
"startLine":  716,
"startColumn":  0,
"endLine":  716,
"endColumn":  213
}
}
]
}
],
"shortMessage":  "Split this 213 characters long line (which is greater than 200 authorized).",
"fullMessage":  "Having to scroll horizontally makes it harder to get a quick overview and understanding of any piece of code.",
"properties":  {
"severity":  "Warning",
"warningLevel":  "1",
"defaultSeverity":  "Warning",
"title":  "Lines should not be too long",
"category":  "Maintainability",
"helpLink":  "http://vs.sonarlint.org/rules/index.html#version=1.10.0\u0026ruleId=S103",
"isEnabledByDefault":  "False",
"isSuppressedInSource":  "False"
}
},
{
"ruleId":  "S103",
"locations":  [
{
"analysisTarget":  [
{
"uri":  "akka.net\\src\\core\\Akka.Remote\\PhiAccrualFailureDetector.cs",
"region":  {
"startLine":  293,
"startColumn":  0,
"endLine":  293,
"endColumn":  216
}
}
]
}
],
"shortMessage":  "Split this 216 characters long line (which is greater than 200 authorized).",
"fullMessage":  "Having to scroll horizontally makes it harder to get a quick overview and understanding of any piece of code.",
"properties":  {
"severity":  "Warning",
"warningLevel":  "1",
"defaultSeverity":  "Warning",
"title":  "Lines should not be too long",
"category":  "Maintainability",
"helpLink":  "http://vs.sonarlint.org/rules/index.html#version=1.10.0\u0026ruleId=S103",
"isEnabledByDefault":  "False",
"isSuppressedInSource":  "False"
}
},
{
"ruleId":  "S103",
"locations":  [
{
"analysisTarget":  [
{
"uri":  "akka.net\\src\\core\\Akka.Remote\\RemoteWatcher.cs",
"region":  {
"startLine":  276,
"startColumn":  0,
"endLine":  276,
"endColumn":  268
}
}
]
}
],
"shortMessage":  "Split this 268 characters long line (which is greater than 200 authorized).",
"fullMessage":  "Having to scroll horizontally makes it harder to get a quick overview and understanding of any piece of code.",
"properties":  {
"severity":  "Warning",
"warningLevel":  "1",
"defaultSeverity":  "Warning",
"title":  "Lines should not be too long",
"category":  "Maintainability",
"helpLink":  "http://vs.sonarlint.org/rules/index.html#version=1.10.0\u0026ruleId=S103",
"isEnabledByDefault":  "False",
"isSuppressedInSource":  "False"
}
},
{
"ruleId":  "S103",
"locations":  [
{
"analysisTarget":  [
{
"uri":  "akka.net\\src\\core\\Akka.Remote\\RemoteWatcher.cs",
"region":  {
"startLine":  279,
"startColumn":  0,
"endLine":  279,
"endColumn":  201
}
}
]
}
],
"shortMessage":  "Split this 201 characters long line (which is greater than 200 authorized).",
"fullMessage":  "Having to scroll horizontally makes it harder to get a quick overview and understanding of any piece of code.",
"properties":  {
"severity":  "Warning",
"warningLevel":  "1",
"defaultSeverity":  "Warning",
"title":  "Lines should not be too long",
"category":  "Maintainability",
"helpLink":  "http://vs.sonarlint.org/rules/index.html#version=1.10.0\u0026ruleId=S103",
"isEnabledByDefault":  "False",
"isSuppressedInSource":  "False"
}
},
{
"ruleId":  "S103",
"locations":  [
{
"analysisTarget":  [
{
"uri":  "akka.net\\src\\core\\Akka.Remote\\Transport\\AkkaProtocolTransport.cs",
"region":  {
"startLine":  489,
"startColumn":  0,
"endLine":  489,
"endColumn":  231
}
}
]
}
],
"shortMessage":  "Split this 231 characters long line (which is greater than 200 authorized).",
"fullMessage":  "Having to scroll horizontally makes it harder to get a quick overview and understanding of any piece of code.",
"properties":  {
"severity":  "Warning",
"warningLevel":  "1",
"defaultSeverity":  "Warning",
"title":  "Lines should not be too long",
"category":  "Maintainability",
"helpLink":  "http://vs.sonarlint.org/rules/index.html#version=1.10.0\u0026ruleId=S103",
"isEnabledByDefault":  "False",
"isSuppressedInSource":  "False"
}
},
{
"ruleId":  "S103",
"locations":  [
{
"analysisTarget":  [
{
"uri":  "akka.net\\src\\core\\Akka.Remote\\Transport\\AkkaProtocolTransport.cs",
"region":  {
"startLine":  495,
"startColumn":  0,
"endLine":  495,
"endColumn":  208
}
}
]
}
],
"shortMessage":  "Split this 208 characters long line (which is greater than 200 authorized).",
"fullMessage":  "Having to scroll horizontally makes it harder to get a quick overview and understanding of any piece of code.",
"properties":  {
"severity":  "Warning",
"warningLevel":  "1",
"defaultSeverity":  "Warning",
"title":  "Lines should not be too long",
"category":  "Maintainability",
"helpLink":  "http://vs.sonarlint.org/rules/index.html#version=1.10.0\u0026ruleId=S103",
"isEnabledByDefault":  "False",
"isSuppressedInSource":  "False"
}
},
{
"ruleId":  "S103",
"locations":  [
{
"analysisTarget":  [
{
"uri":  "akka.net\\src\\core\\Akka.Remote\\Transport\\TestTransport.cs",
"region":  {
"startLine":  68,
"startColumn":  0,
"endLine":  68,
"endColumn":  215
}
}
]
}
],
"shortMessage":  "Split this 215 characters long line (which is greater than 200 authorized).",
"fullMessage":  "Having to scroll horizontally makes it harder to get a quick overview and understanding of any piece of code.",
"properties":  {
"severity":  "Warning",
"warningLevel":  "1",
"defaultSeverity":  "Warning",
"title":  "Lines should not be too long",
"category":  "Maintainability",
"helpLink":  "http://vs.sonarlint.org/rules/index.html#version=1.10.0\u0026ruleId=S103",
"isEnabledByDefault":  "False",
"isSuppressedInSource":  "False"
}
},
{
"ruleId":  "S103",
"locations":  [
{
"analysisTarget":  [
{
"uri":  "akka.net\\src\\core\\Akka.Remote\\Transport\\TransportAdapters.cs",
"region":  {
"startLine":  200,
"startColumn":  0,
"endLine":  200,
"endColumn":  224
}
}
]
}
],
"shortMessage":  "Split this 224 characters long line (which is greater than 200 authorized).",
"fullMessage":  "Having to scroll horizontally makes it harder to get a quick overview and understanding of any piece of code.",
"properties":  {
"severity":  "Warning",
"warningLevel":  "1",
"defaultSeverity":  "Warning",
"title":  "Lines should not be too long",
"category":  "Maintainability",
"helpLink":  "http://vs.sonarlint.org/rules/index.html#version=1.10.0\u0026ruleId=S103",
"isEnabledByDefault":  "False",
"isSuppressedInSource":  "False"
}
}
]
}
