{
"version":  "0.1",
"toolInfo":  {
"toolName":  "Microsoft (R) Visual C# Compiler",
"productVersion":  "1.1.0",
"fileVersion":  "1.1.0"
},
"issues":  [
{
"ruleId":  "S126",
"locations":  [
{
"analysisTarget":  [
{
"uri":  "akka.net\\src\\core\\Akka.Remote.TestKit\\BarrierCoordinator.cs",
"region":  {
"startLine":  519,
"startColumn":  16,
"endLine":  519,
"endColumn":  23
}
}
]
}
],
"shortMessage":  "Add the missing \"else\" clause.",
"fullMessage":  "The requirement for a final \"else\"statement is defensive programming. The \"else\" statement should either take appropriate action or contain a suitable comment as to why no action is taken. This is consistent with the requirement to have a final \"default\" clause in a \"switch\" statement.",
"properties":  {
"severity":  "Warning",
"warningLevel":  "1",
"defaultSeverity":  "Warning",
"title":  "\"if ... else if\" constructs should end with \"else\" clause",
"category":  "Reliability",
"helpLink":  "http://vs.sonarlint.org/rules/index.html#version=1.10.0\u0026ruleId=S126",
"isEnabledByDefault":  "False",
"isSuppressedInSource":  "False"
}
},
{
"ruleId":  "S126",
"locations":  [
{
"analysisTarget":  [
{
"uri":  "akka.net\\src\\core\\Akka.Remote.TestKit\\Controller.cs",
"region":  {
"startLine":  291,
"startColumn":  20,
"endLine":  291,
"endColumn":  27
}
}
]
}
],
"shortMessage":  "Add the missing \"else\" clause.",
"fullMessage":  "The requirement for a final \"else\"statement is defensive programming. The \"else\" statement should either take appropriate action or contain a suitable comment as to why no action is taken. This is consistent with the requirement to have a final \"default\" clause in a \"switch\" statement.",
"properties":  {
"severity":  "Warning",
"warningLevel":  "1",
"defaultSeverity":  "Warning",
"title":  "\"if ... else if\" constructs should end with \"else\" clause",
"category":  "Reliability",
"helpLink":  "http://vs.sonarlint.org/rules/index.html#version=1.10.0\u0026ruleId=S126",
"isEnabledByDefault":  "False",
"isSuppressedInSource":  "False"
}
}
]
}
