{
"issues":  [
{
"id":  "S1172",
"message":  "Remove this unused method parameter \"args\".",
"location":  {
"uri":  "akka.net\\src\\examples\\TimeServer\\TimeServer\\Program.cs",
"region":  {
"startLine":  16,
"startColumn":  26,
"endLine":  16,
"endColumn":  39
}
}
}
]
}
